Archive member included because of file (symbol)

../src/asf/avr32/utils/libs/dsplib/at32ucr3fp/gcc\libdsp-at32ucr3fp-dspspeed_opt.a(vect_dsp16_complex_abs.o)
                              src/CustomDevices/ImageProcessor.o (dsp16_vect_complex_abs)
../src/asf/avr32/utils/libs/dsplib/at32ucr3fp/gcc\libdsp-at32ucr3fp-dspspeed_opt.a(op_dsp16_sqrt_at32uc.o)
                              ../src/asf/avr32/utils/libs/dsplib/at32ucr3fp/gcc\libdsp-at32ucr3fp-dspspeed_opt.a(vect_dsp16_complex_abs.o) (dsp16_op_sqrt)
../src/asf/avr32/utils/libs/dsplib/at32ucr3fp/gcc\libdsp-at32ucr3fp-dspspeed_opt.a(trans_dsp16_complex_fft_at32uc.o)
                              src/CustomDevices/ImageProcessor.o (dsp16_trans_complexfft)
../src/asf/avr32/utils/libs/dsplib/at32ucr3fp/gcc\libdsp-at32ucr3fp-dspspeed_opt.a(trans_dsp16_complex_ifft_at32uc.o)
                              src/CustomDevices/ImageProcessor.o (dsp16_trans_complexifft)
../src/asf/avr32/utils/libs/dsplib/at32ucr3fp/gcc\libdsp-at32ucr3fp-dspspeed_opt.a(trans_dsp16_real_complex_fft_at32uc.o)
                              src/CustomDevices/ImageProcessor.o (dsp16_trans_realcomplexfft)
../src/asf/avr32/utils/libs/dsplib/at32ucr3fp/gcc\libdsp-at32ucr3fp-dspspeed_opt.a(vect_dsp16_complex_conj_at32uc.o)
                              ../src/asf/avr32/utils/libs/dsplib/at32ucr3fp/gcc\libdsp-at32ucr3fp-dspspeed_opt.a(trans_dsp16_complex_ifft_at32uc.o) (dsp16_vect_complex_conj)
../src/asf/avr32/utils/libs/dsplib/at32ucr3fp/gcc\libdsp-at32ucr3fp-dspspeed_opt.a(trans_dsp16_twiddle_factors.o)
                              ../src/asf/avr32/utils/libs/dsplib/at32ucr3fp/gcc\libdsp-at32ucr3fp-dspspeed_opt.a(trans_dsp16_complex_fft_at32uc.o) (dsp16_twiddle_factors)
c:/program files (x86)/atmel/atmel studio 6.0/extensions/atmel/avrgcc/3.4.1.95/avrtoolchain/bin/../lib/gcc/avr32/4.4.3/ucr3fp\libgcc.a(_avr32_s32_to_f64.o)
                              src/main.o (__avr32_s32_to_f64)
c:/program files (x86)/atmel/atmel studio 6.0/extensions/atmel/avrgcc/3.4.1.95/avrtoolchain/bin/../lib/gcc/avr32/4.4.3/ucr3fp\libgcc.a(_avr32_f64_cmp_ge.o)
                              src/main.o (__avr32_f64_cmp_ge)
c:/program files (x86)/atmel/atmel studio 6.0/extensions/atmel/avrgcc/3.4.1.95/avrtoolchain/bin/../lib/gcc/avr32/4.4.3/../../../../avr32/lib/ucr3fp\libc.a(lib_a-atoi.o)
                              src/CustomDevices/OV7670.o (atoi)
c:/program files (x86)/atmel/atmel studio 6.0/extensions/atmel/avrgcc/3.4.1.95/avrtoolchain/bin/../lib/gcc/avr32/4.4.3/../../../../avr32/lib/ucr3fp\libc.a(lib_a-ctype_.o)
                              src/asf/avr32/services/fs/fat/navigation.o (__ctype_ptr)
c:/program files (x86)/atmel/atmel studio 6.0/extensions/atmel/avrgcc/3.4.1.95/avrtoolchain/bin/../lib/gcc/avr32/4.4.3/../../../../avr32/lib/ucr3fp\libc.a(lib_a-fprintf.o)
                              src/asf/thirdparty/dlmalloc/dlmalloc.o (fprintf)
c:/program files (x86)/atmel/atmel studio 6.0/extensions/atmel/avrgcc/3.4.1.95/avrtoolchain/bin/../lib/gcc/avr32/4.4.3/../../../../avr32/lib/ucr3fp\libc.a(lib_a-impure.o)
                              src/asf/thirdparty/dlmalloc/dlmalloc.o (_impure_ptr)
c:/program files (x86)/atmel/atmel studio 6.0/extensions/atmel/avrgcc/3.4.1.95/avrtoolchain/bin/../lib/gcc/avr32/4.4.3/../../../../avr32/lib/ucr3fp\libc.a(lib_a-memcmp.o)
                              src/asf/avr32/services/fs/fat/fat_unusual.o (memcmp)
c:/program files (x86)/atmel/atmel studio 6.0/extensions/atmel/avrgcc/3.4.1.95/avrtoolchain/bin/../lib/gcc/avr32/4.4.3/../../../../avr32/lib/ucr3fp\libc.a(lib_a-memcpy.o)
                              src/asf/avr32/drivers/flashc/flashc.o (memcpy)
c:/program files (x86)/atmel/atmel studio 6.0/extensions/atmel/avrgcc/3.4.1.95/avrtoolchain/bin/../lib/gcc/avr32/4.4.3/../../../../avr32/lib/ucr3fp\libc.a(lib_a-memset.o)
                              src/asf/avr32/services/fs/fat/fat.o (memset)
c:/program files (x86)/atmel/atmel studio 6.0/extensions/atmel/avrgcc/3.4.1.95/avrtoolchain/bin/../lib/gcc/avr32/4.4.3/../../../../avr32/lib/ucr3fp\libc.a(lib_a-sprintf.o)
                              src/CustomDevices/OV7670.o (sprintf)
c:/program files (x86)/atmel/atmel studio 6.0/extensions/atmel/avrgcc/3.4.1.95/avrtoolchain/bin/../lib/gcc/avr32/4.4.3/../../../../avr32/lib/ucr3fp\libc.a(lib_a-strtol.o)
                              c:/program files (x86)/atmel/atmel studio 6.0/extensions/atmel/avrgcc/3.4.1.95/avrtoolchain/bin/../lib/gcc/avr32/4.4.3/../../../../avr32/lib/ucr3fp\libc.a(lib_a-atoi.o) (_strtol_r)
c:/program files (x86)/atmel/atmel studio 6.0/extensions/atmel/avrgcc/3.4.1.95/avrtoolchain/bin/../lib/gcc/avr32/4.4.3/../../../../avr32/lib/ucr3fp\libc.a(lib_a-vfprintf.o)
                              c:/program files (x86)/atmel/atmel studio 6.0/extensions/atmel/avrgcc/3.4.1.95/avrtoolchain/bin/../lib/gcc/avr32/4.4.3/../../../../avr32/lib/ucr3fp\libc.a(lib_a-fprintf.o) (_vfprintf_r)
[...]
Memory Configuration

Name             Origin             Length             Attributes
FLASH            0x80000000         0x00080000         axrl !w
CPUSRAM          0x00000004         0x0000fffc         axw !rl
USERPAGE         0x80800000         0x00000200
FACTORYPAGE      0x80800200         0x00000200
FLASHVAULT_FLASH_SIZE 0x80800400         0x00000008         r
FLASHVAULT_RAM_SIZE 0x80800408         0x00000008         r
*default*        0x00000000         0xffffffff

Linker script and memory map

                0x00001000                _stack_size = 0x1000
LOAD src/asf/avr32/components/memory/sd_mmc/sd_mmc_spi/sd_mmc_spi.o
LOAD src/asf/avr32/components/memory/sd_mmc/sd_mmc_spi/sd_mmc_spi_mem.o
LOAD src/asf/avr32/drivers/acifa/acifa.o
LOAD src/asf/avr32/drivers/ebi/sdramc/sdramc.o
LOAD src/asf/avr32/drivers/eic/eic.o
LOAD src/asf/avr32/drivers/flashc/flashc.o
LOAD src/asf/avr32/drivers/gpio/gpio.o
LOAD src/asf/avr32/drivers/intc/exception.o
LOAD src/asf/avr32/drivers/intc/intc.o
LOAD src/asf/avr32/drivers/pdca/pdca.o
LOAD src/asf/avr32/drivers/pm/pm_uc3c.o
LOAD src/asf/avr32/drivers/pm/power_clocks_lib.o
LOAD src/asf/avr32/drivers/pwm/pwm4.o
LOAD src/asf/avr32/drivers/scif/scif_uc3c.o
LOAD src/asf/avr32/drivers/spi/spi.o
LOAD src/asf/avr32/drivers/twim/twim.o
LOAD src/asf/avr32/drivers/usart/usart.o
LOAD src/asf/avr32/services/fs/fat/fat.o
LOAD src/asf/avr32/services/fs/fat/fat_unusual.o
LOAD src/asf/avr32/services/fs/fat/file.o
LOAD src/asf/avr32/services/fs/fat/navigation.o
LOAD src/asf/avr32/utils/debug/print_funcs.o
LOAD src/asf/avr32/utils/startup/startup_uc3.o
LOAD src/asf/avr32/utils/startup/trampoline_uc3.o
LOAD src/asf/common/boards/user_board/init.o
LOAD src/asf/common/services/clock/uc3c/osc.o
LOAD src/asf/common/services/clock/uc3c/pll.o
LOAD src/asf/common/services/clock/uc3c/sysclk.o
LOAD src/asf/common/services/storage/ctrl_access/ctrl_access.o
LOAD src/asf/thirdparty/dlmalloc/dlmalloc.o
LOAD src/asf/thirdparty/dlmalloc/dlsbrk.o
LOAD src/CustomDevices/Bitmap.o
LOAD src/CustomDevices/ImageProcessor.o
LOAD src/CustomDevices/MotorDriver.o
LOAD src/CustomDevices/OV7670.o
LOAD src/CustomDevices/OV7670_Setup.o
LOAD src/CustomDevices/PCA9542A.o
LOAD src/CustomDevices/SD_Card.o
LOAD src/CustomDevices/TWI.o
LOAD src/main.o
START GROUP
LOAD ../src/asf/avr32/utils/libs/dsplib/at32ucr3fp/gcc\libdsp-at32ucr3fp-dspspeed_opt.a
END GROUP
LOAD c:/program files (x86)/atmel/atmel studio 6.0/extensions/atmel/avrgcc/3.4.1.95/avrtoolchain/bin/../lib/gcc/avr32/4.4.3/ucr3fp\libgcc.a
LOAD c:/program files (x86)/atmel/atmel studio 6.0/extensions/atmel/avrgcc/3.4.1.95/avrtoolchain/bin/../lib/gcc/avr32/4.4.3/../../../../avr32/lib/ucr3fp\libc.a
LOAD c:/program files (x86)/atmel/atmel studio 6.0/extensions/atmel/avrgcc/3.4.1.95/avrtoolchain/bin/../lib/gcc/avr32/4.4.3/ucr3fp\libgcc.a
                0x80000000                PROVIDE (__executable_start, 0x80000000)
                0x80000000                . = 0x80000000

.interp
 *(.interp)

.reset          0x80000000     0x2004
 *(.reset)
 .reset         0x80000000     0x2004 src/asf/avr32/utils/startup/trampoline_uc3.o
                               0x2008 (size before relaxing)
                0x80000000                _trampoline

.hash
 *(.hash)

.dynsym
 *(.dynsym)

.dynstr
 *(.dynstr)

.gnu.version
 *(.gnu.version)

.gnu.version_d
 *(.gnu.version_d)

.gnu.version_r
 *(.gnu.version_r)

.rel.init
 *(.rel.init)

.rela.init
 *(.rela.init)

.rel.text
 *(.rel.text .rel.text.* .rel.gnu.linkonce.t.*)

.rela.text
 *(.rela.text .rela.text.* .rela.gnu.linkonce.t.*)

.rel.fini
 *(.rel.fini)

.rela.fini
 *(.rela.fini)

.rel.rodata
 *(.rel.rodata .rel.rodata.* .rel.gnu.linkonce.r.*)

.rela.rodata
 *(.rela.rodata .rela.rodata.* .rela.gnu.linkonce.r.*)

.rel.data.rel.ro
 *(.rel.data.rel.ro*)

.rela.data.rel.ro
 *(.rel.data.rel.ro*)

.rel.data
 *(.rel.data .rel.data.* .rel.gnu.linkonce.d.*)

.rela.data
 *(.rela.data .rela.data.* .rela.gnu.linkonce.d.*)

.rel.tdata
 *(.rel.tdata .rel.tdata.* .rel.gnu.linkonce.td.*)

.rela.tdata
 *(.rela.tdata .rela.tdata.* .rela.gnu.linkonce.td.*)

.rel.tbss
 *(.rel.tbss .rel.tbss.* .rel.gnu.linkonce.tb.*)

.rela.tbss
 *(.rela.tbss .rela.tbss.* .rela.gnu.linkonce.tb.*)

.rel.ctors
 *(.rel.ctors)

.rela.ctors
 *(.rela.ctors)

.rel.dtors
 *(.rel.dtors)

.rela.dtors
 *(.rela.dtors)

.rel.got
 *(.rel.got)

.rela.got       0x80002004        0x0
 *(.rela.got)
 .rela.got      0x80002004        0x0 src/asf/avr32/drivers/flashc/flashc.o

.rel.bss
 *(.rel.bss .rel.bss.* .rel.gnu.linkonce.b.*)

.rela.bss
 *(.rela.bss .rela.bss.* .rela.gnu.linkonce.b.*)

.rel.plt
 *(.rel.plt)

.rela.plt
 *(.rela.plt)

.init
 *(.init)

.plt
 *(.plt)

.text           0x80002004    0x1031c
 *(.text .stub .text.* .gnu.linkonce.t.*)
 .text.sd_mmc_spi_get_capacity
                0x80002004      0x11c src/asf/avr32/components/memory/sd_mmc/sd_mmc_spi/sd_mmc_spi.o
                0x80002004                sd_mmc_spi_get_capacity
 .text.sd_mmc_spi_write_close
                0x80002120        0x2 src/asf/avr32/components/memory/sd_mmc/sd_mmc_spi/sd_mmc_spi.o
                0x80002120                sd_mmc_spi_write_close
 *fill*         0x80002122        0x2 d703d703
 .text.sd_mmc_spi_send_and_read
                0x80002124       0x34 src/asf/avr32/components/memory/sd_mmc/sd_mmc_spi/sd_mmc_spi.o
                0x80002124                sd_mmc_spi_send_and_read
 .text.sd_mmc_spi_wait_not_busy
                0x80002158       0x58 src/asf/avr32/components/memory/sd_mmc/sd_mmc_spi/sd_mmc_spi.o
                0x80002158                sd_mmc_spi_wait_not_busy
 .text.sd_mmc_spi_write_open
                0x800021b0       0x18 src/asf/avr32/components/memory/sd_mmc/sd_mmc_spi/sd_mmc_spi.o
                0x800021b0                sd_mmc_spi_write_open
 .text.sd_mmc_spi_read_close
                0x800021c8        0xc src/asf/avr32/components/memory/sd_mmc/sd_mmc_spi/sd_mmc_spi.o
                0x800021c8                sd_mmc_spi_read_close
 .text.sd_mmc_spi_read_open
                0x800021d4       0x18 src/asf/avr32/components/memory/sd_mmc/sd_mmc_spi/sd_mmc_spi.o
                0x800021d4                sd_mmc_spi_read_open
 .text.sd_mmc_spi_command
                0x800021ec       0xc8 src/asf/avr32/components/memory/sd_mmc/sd_mmc_spi/sd_mmc_spi.o
                0x800021ec                sd_mmc_spi_command
 .text.sd_mmc_spi_send_command
                0x800022b4       0x40 src/asf/avr32/components/memory/sd_mmc/sd_mmc_spi/sd_mmc_spi.o
                0x800022b4                sd_mmc_spi_send_command
 .text.sd_mmc_spi_check_presence
                0x800022f4       0x7c src/asf/avr32/components/memory/sd_mmc/sd_mmc_spi/sd_mmc_spi.o
                0x800022f4                sd_mmc_spi_check_presence
 .text.sd_mmc_spi_write_sector_from_ram
                0x80002370      0x14c src/asf/avr32/components/memory/sd_mmc/sd_mmc_spi/sd_mmc_spi.o
                0x80002370                sd_mmc_spi_write_sector_from_ram
 .text.sd_mmc_spi_check_hc
                0x800024bc       0x8c src/asf/avr32/components/memory/sd_mmc/sd_mmc_spi/sd_mmc_spi.o
                0x800024bc                sd_mmc_spi_check_hc
 .text.sd_mmc_spi_get_if
                0x80002548       0xb8 src/asf/avr32/components/memory/sd_mmc/sd_mmc_spi/sd_mmc_spi.o
                0x80002548                sd_mmc_spi_get_if
 .text.sd_mmc_spi_read_sector_to_ram
                0x80002600      0x150 src/asf/avr32/components/memory/sd_mmc/sd_mmc_spi/sd_mmc_spi.o
                0x80002600                sd_mmc_spi_read_sector_to_ram
 .text.sd_mmc_spi_get_csd
                0x80002750       0xf4 src/asf/avr32/components/memory/sd_mmc/sd_mmc_spi/sd_mmc_spi.o
                0x80002750                sd_mmc_spi_get_csd
 .text.sd_mmc_spi_internal_init
                0x80002844      0x2a4 src/asf/avr32/components/memory/sd_mmc/sd_mmc_spi/sd_mmc_spi.o
                0x80002844                sd_mmc_spi_internal_init
 .text.sd_mmc_spi_mem_check
                0x80002ae8       0x28 src/asf/avr32/components/memory/sd_mmc/sd_mmc_spi/sd_mmc_spi.o
                0x80002ae8                sd_mmc_spi_mem_check
 .text.sd_mmc_spi_init
                0x80002b10       0x34 src/asf/avr32/components/memory/sd_mmc/sd_mmc_spi/sd_mmc_spi.o
                0x80002b10                sd_mmc_spi_init
 .text.sd_mmc_spi_wr_protect
                0x80002b44        0x2 src/asf/avr32/components/memory/sd_mmc/sd_mmc_spi/sd_mmc_spi_mem.o
                0x80002b44                sd_mmc_spi_wr_protect
 .text.sd_mmc_spi_removal
                0x80002b46        0x2 src/asf/avr32/components/memory/sd_mmc/sd_mmc_spi/sd_mmc_spi_mem.o
                0x80002b46                sd_mmc_spi_removal
 .text.sd_mmc_spi_test_unit_ready
                0x80002b48       0x6c src/asf/avr32/components/memory/sd_mmc/sd_mmc_spi/sd_mmc_spi_mem.o
                0x80002b48                sd_mmc_spi_test_unit_ready
 .text.sd_mmc_spi_mem_init
                0x80002bb4        0xc src/asf/avr32/components/memory/sd_mmc/sd_mmc_spi/sd_mmc_spi_mem.o
                0x80002bb4                sd_mmc_spi_mem_init
 .text.sd_mmc_spi_ram_2_mem
                0x80002bc0       0x68 src/asf/avr32/components/memory/sd_mmc/sd_mmc_spi/sd_mmc_spi_mem.o
                0x80002bc0                sd_mmc_spi_ram_2_mem
 .text.sd_mmc_spi_mem_2_ram
                0x80002c28       0x68 src/asf/avr32/components/memory/sd_mmc/sd_mmc_spi/sd_mmc_spi_mem.o
                0x80002c28                sd_mmc_spi_mem_2_ram
 .text.sd_mmc_spi_read_capacity
                0x80002c90       0x40 src/asf/avr32/components/memory/sd_mmc/sd_mmc_spi/sd_mmc_spi_mem.o
                0x80002c90                sd_mmc_spi_read_capacity
 .text.acifa_is_aca_ready
                0x80002cd0        0x8 src/asf/avr32/drivers/acifa/acifa.o
 .text.acifa_is_acb_ready
                0x80002cd8        0x8 src/asf/avr32/drivers/acifa/acifa.o
 .text.acifa_configure
                0x80002ce0       0x44 src/asf/avr32/drivers/acifa/acifa.o
                0x80002ce0                acifa_configure
 .text.acifa_configure_hysteresis
                0x80002d24       0x24 src/asf/avr32/drivers/acifa/acifa.o
                0x80002d24                acifa_configure_hysteresis
 .text.acifa_start
                0x80002d48       0x58 src/asf/avr32/drivers/acifa/acifa.o
                0x80002d48                acifa_start
 .text.acifa_is_aca_inp_higher
                0x80002da0        0x8 src/asf/avr32/drivers/acifa/acifa.o
                0x80002da0                acifa_is_aca_inp_higher
 .text.acifa_is_acb_inp_higher
                0x80002da8        0x8 src/asf/avr32/drivers/acifa/acifa.o
                0x80002da8                acifa_is_acb_inp_higher
 .text.sdramc_ck_delay
                0x80002db0       0x22 src/asf/avr32/drivers/ebi/sdramc/sdramc.o
 *fill*         0x80002dd2        0x2 d703d703
 .text.sdramc_init
                0x80002dd4      0x14c src/asf/avr32/drivers/ebi/sdramc/sdramc.o
                0x80002dd4                sdramc_init
 .text.eic_init
                0x80002f20       0xd0 src/asf/avr32/drivers/eic/eic.o
                0x80002f20                eic_init
 .text.eic_enable_line
                0x80002ff0        0xa src/asf/avr32/drivers/eic/eic.o
                0x80002ff0                eic_enable_line
 .text.eic_enable_interrupt_line
                0x80002ffa        0xa src/asf/avr32/drivers/eic/eic.o
                0x80002ffa                eic_enable_interrupt_line
 .text.eic_clear_interrupt_line
                0x80003004       0x16 src/asf/avr32/drivers/eic/eic.o
                0x80003004                eic_clear_interrupt_line
 .text.eic_disable_interrupt_line
                0x8000301a       0x16 src/asf/avr32/drivers/eic/eic.o
                0x8000301a                eic_disable_interrupt_line
 .text.flashc_set_wait_state
                0x80003030        0xe src/asf/avr32/drivers/flashc/flashc.o
                0x80003030                flashc_set_wait_state
 .text.flashc_is_ready
                0x8000303e        0xc src/asf/avr32/drivers/flashc/flashc.o
                0x8000303e                flashc_is_ready
 *fill*         0x8000304a        0x2 d703d703
 .text.flashc_default_wait_until_ready
                0x8000304c       0x10 src/asf/avr32/drivers/flashc/flashc.o
                0x8000304c                flashc_default_wait_until_ready
 .text.flashc_issue_command
                0x8000305c       0x48 src/asf/avr32/drivers/flashc/flashc.o
                0x8000305c                flashc_issue_command
 .text.flashc_set_flash_waitstate_and_readmode
                0x800030a4       0x5c src/asf/avr32/drivers/flashc/flashc.o
                0x800030a4                flashc_set_flash_waitstate_and_readmode
 .text.gpio_enable_module_pin
                0x80003100       0x94 src/asf/avr32/drivers/gpio/gpio.o
                0x80003100                gpio_enable_module_pin
 .text.gpio_enable_module
                0x80003194       0x30 src/asf/avr32/drivers/gpio/gpio.o
                0x80003194                gpio_enable_module
 .text.gpio_enable_pin_pull_up
                0x800031c4       0x1a src/asf/avr32/drivers/gpio/gpio.o
                0x800031c4                gpio_enable_pin_pull_up
 .text.gpio_get_pin_value
                0x800031de       0x16 src/asf/avr32/drivers/gpio/gpio.o
                0x800031de                gpio_get_pin_value
 .text.gpio_set_gpio_pin
                0x800031f4       0x1c src/asf/avr32/drivers/gpio/gpio.o
                0x800031f4                gpio_set_gpio_pin
 .text.gpio_clr_gpio_pin
                0x80003210       0x1c src/asf/avr32/drivers/gpio/gpio.o
                0x80003210                gpio_clr_gpio_pin
 .text._unhandled_interrupt
                0x8000322c        0x2 src/asf/avr32/drivers/intc/intc.o
 *fill*         0x8000322e        0x2 d703d703
 .text.INTC_register_interrupt
                0x80003230       0x80 src/asf/avr32/drivers/intc/intc.o
                0x80003230                INTC_register_interrupt
 .text.INTC_init_interrupts
                0x800032b0       0x54 src/asf/avr32/drivers/intc/intc.o
                0x800032b0                INTC_init_interrupts
 .text._get_interrupt_handler
                0x80003304       0x38 src/asf/avr32/drivers/intc/intc.o
                0x80003304                _get_interrupt_handler
 .text.pm_set_mclk_source
                0x8000333c       0x20 src/asf/avr32/drivers/pm/pm_uc3c.o
                0x8000333c                pm_set_mclk_source
 .text.pcl_switch_to_osc
                0x8000335c       0x44 src/asf/avr32/drivers/pm/power_clocks_lib.o
                0x8000335c                pcl_switch_to_osc
 .text.pwm_write_protect_sw_unlock
                0x800033a0       0xbc src/asf/avr32/drivers/pwm/pwm4.o
                0x800033a0                pwm_write_protect_sw_unlock
 .text.pwm_channel_init
                0x8000345c       0x3e src/asf/avr32/drivers/pwm/pwm4.o
                0x8000345c                pwm_channel_init
 .text.pwm_start_channels
                0x8000349a       0x12 src/asf/avr32/drivers/pwm/pwm4.o
                0x8000349a                pwm_start_channels
 .text.pwm_stop_channels
                0x800034ac       0x12 src/asf/avr32/drivers/pwm/pwm4.o
                0x800034ac                pwm_stop_channels
 .text.pwm_update_period_value
                0x800034be        0x8 src/asf/avr32/drivers/pwm/pwm4.o
                0x800034be                pwm_update_period_value
 *fill*         0x800034c6        0x2 d703d703
 .text.pwm_init
                0x800034c8       0xfc src/asf/avr32/drivers/pwm/pwm4.o
                0x800034c8                pwm_init
 .text.scif_pclksr_statushigh_wait
                0x800035c4       0x1a src/asf/avr32/drivers/scif/scif_uc3c.o
 .text.scif_wait_for_pll_locked
                0x800035de       0x20 src/asf/avr32/drivers/scif/scif_uc3c.o
                0x800035de                scif_wait_for_pll_locked
 .text.scif_stop_gclk
                0x800035fe       0x30 src/asf/avr32/drivers/scif/scif_uc3c.o
                0x800035fe                scif_stop_gclk
 *fill*         0x8000362e        0x2 d703d703
 .text.scif_gc_setup
                0x80003630       0x84 src/asf/avr32/drivers/scif/scif_uc3c.o
                0x80003630                scif_gc_setup
 .text.scif_gc_enable
                0x800036b4       0x24 src/asf/avr32/drivers/scif/scif_uc3c.o
                0x800036b4                scif_gc_enable
 .text.scif_pll_enable
                0x800036d8       0x44 src/asf/avr32/drivers/scif/scif_uc3c.o
                0x800036d8                scif_pll_enable
 .text.scif_pll_setup
                0x8000371c       0x86 src/asf/avr32/drivers/scif/scif_uc3c.o
                0x8000371c                scif_pll_setup
 *fill*         0x800037a2        0x2 d703d703
 .text.scif_enable_osc
                0x800037a4       0x74 src/asf/avr32/drivers/scif/scif_uc3c.o
                0x800037a4                scif_enable_osc
 .text.scif_configure_osc_crystalmode
                0x80003818       0xd0 src/asf/avr32/drivers/scif/scif_uc3c.o
                0x80003818                scif_configure_osc_crystalmode
 .text.getBaudDiv
                0x800038e8       0x20 src/asf/avr32/drivers/spi/spi.o
                0x800038e8                getBaudDiv
 .text.spi_initMaster
                0x80003908       0x38 src/asf/avr32/drivers/spi/spi.o
                0x80003908                spi_initMaster
 .text.spi_selectionMode
                0x80003940       0x3e src/asf/avr32/drivers/spi/spi.o
                0x80003940                spi_selectionMode
 .text.spi_selectChip
                0x8000397e       0x4c src/asf/avr32/drivers/spi/spi.o
                0x8000397e                spi_selectChip
 .text.spi_unselectChip
                0x800039ca       0x26 src/asf/avr32/drivers/spi/spi.o
                0x800039ca                spi_unselectChip
 .text.spi_setupChipReg
                0x800039f0       0xb8 src/asf/avr32/drivers/spi/spi.o
                0x800039f0                spi_setupChipReg
 .text.spi_enable
                0x80003aa8        0x6 src/asf/avr32/drivers/spi/spi.o
                0x80003aa8                spi_enable
 .text.spi_write
                0x80003aae       0x1c src/asf/avr32/drivers/spi/spi.o
                0x80003aae                spi_write
 .text.spi_read
                0x80003aca       0x20 src/asf/avr32/drivers/spi/spi.o
                0x80003aca                spi_read
 *fill*         0x80003aea        0x2 d703d703
 .text.twim_master_interrupt_handler
                0x80003aec       0xdc src/asf/avr32/drivers/twim/twim.o
 .text.twim_set_speed
                0x80003bc8       0x70 src/asf/avr32/drivers/twim/twim.o
                0x80003bc8                twim_set_speed
 .text.twim_status
                0x80003c38       0x10 src/asf/avr32/drivers/twim/twim.o
                0x80003c38                twim_status
 .text.twim_disable_interrupt
                0x80003c48       0x14 src/asf/avr32/drivers/twim/twim.o
                0x80003c48                twim_disable_interrupt
 .text.twim_write
                0x80003c5c       0xb4 src/asf/avr32/drivers/twim/twim.o
                0x80003c5c                twim_write
 .text.twim_probe
                0x80003d10       0x1c src/asf/avr32/drivers/twim/twim.o
                0x80003d10                twim_probe
 .text.twim_master_init
                0x80003d2c       0xb4 src/asf/avr32/drivers/twim/twim.o
                0x80003d2c                twim_master_init
 .text.usart_set_async_baudrate
                0x80003de0       0x5a src/asf/avr32/drivers/usart/usart.o
 .text.usart_write_char
                0x80003e3a       0x14 src/asf/avr32/drivers/usart/usart.o
                0x80003e3a                usart_write_char
 *fill*         0x80003e4e        0x2 d703d703
 .text.usart_putchar
                0x80003e50       0x2c src/asf/avr32/drivers/usart/usart.o
                0x80003e50                usart_putchar
 .text.usart_read_char
                0x80003e7c       0x22 src/asf/avr32/drivers/usart/usart.o
                0x80003e7c                usart_read_char
 *fill*         0x80003e9e        0x2 d703d703
 .text.usart_getchar
                0x80003ea0       0x2c src/asf/avr32/drivers/usart/usart.o
                0x80003ea0                usart_getchar
 .text.usart_write_line
                0x80003ecc       0x24 src/asf/avr32/drivers/usart/usart.o
                0x80003ecc                usart_write_line
 .text.usart_reset
                0x80003ef0       0x2c src/asf/avr32/drivers/usart/usart.o
                0x80003ef0                usart_reset
 .text.usart_init_rs232
                0x80003f1c       0xcc src/asf/avr32/drivers/usart/usart.o
                0x80003f1c                usart_init_rs232
 .text.fat_check_open
                0x80003fe8       0x20 src/asf/avr32/services/fs/fat/fat.o
                0x80003fe8                fat_check_open
 .text.fat_check_select
                0x80004008       0x20 src/asf/avr32/services/fs/fat/fat.o
                0x80004008                fat_check_select
 .text.fat_check_is_file
                0x80004028       0x1c src/asf/avr32/services/fs/fat/fat.o
                0x80004028                fat_check_is_file
 .text.fat_checkcluster
                0x80004044       0x60 src/asf/avr32/services/fs/fat/fat.o
                0x80004044                fat_checkcluster
 .text.fat_cache_clusterlist_reset
                0x800040a4       0x28 src/asf/avr32/services/fs/fat/fat.o
                0x800040a4                fat_cache_clusterlist_reset
 .text.fat_cache_clusterlist_update_start
                0x800040cc       0x40 src/asf/avr32/services/fs/fat/fat.o
                0x800040cc                fat_cache_clusterlist_update_start
 .text.fat_cache_clusterlist_update_select
                0x8000410c       0x68 src/asf/avr32/services/fs/fat/fat.o
                0x8000410c                fat_cache_clusterlist_update_select
 .text.fat_cache_clusterlist_update_finish
                0x80004174       0x58 src/asf/avr32/services/fs/fat/fat.o
                0x80004174                fat_cache_clusterlist_update_finish
 .text.fat_cache_clusterlist_update_read
                0x800041cc      0x124 src/asf/avr32/services/fs/fat/fat.o
                0x800041cc                fat_cache_clusterlist_update_read
 .text.fat_entry_is_dir
                0x800042f0       0x18 src/asf/avr32/services/fs/fat/fat.o
                0x800042f0                fat_entry_is_dir
 .text.fat_clear_entry_info_and_ptr
                0x80004308       0x3c src/asf/avr32/services/fs/fat/fat.o
                0x80004308                fat_clear_entry_info_and_ptr
 .text.fat_check_eof_name
                0x80004344       0x26 src/asf/avr32/services/fs/fat/fat.o
                0x80004344                fat_check_eof_name
 *fill*         0x8000436a        0x2 d703d703
 .text.fat_get_ptr_entry
                0x8000436c       0x18 src/asf/avr32/services/fs/fat/fat.o
                0x8000436c                fat_get_ptr_entry
 .text.fat_entry_longname
                0x80004384      0x194 src/asf/avr32/services/fs/fat/fat.o
                0x80004384                fat_entry_longname
 .text.fat_entry_shortname
                0x80004518      0x108 src/asf/avr32/services/fs/fat/fat.o
                0x80004518                fat_entry_shortname
 .text.fat_get_entry_info
                0x80004620       0x48 src/asf/avr32/services/fs/fat/fat.o
                0x80004620                fat_get_entry_info
 .text.fat_entry_check
                0x80004668       0x5c src/asf/avr32/services/fs/fat/fat.o
                0x80004668                fat_entry_check
 .text.fat_cache_reset
                0x800046c4       0x18 src/asf/avr32/services/fs/fat/fat.o
                0x800046c4                fat_cache_reset
 .text.fat_cache_mark_sector_as_dirty
                0x800046dc       0x10 src/asf/avr32/services/fs/fat/fat.o
                0x800046dc                fat_cache_mark_sector_as_dirty
 .text.fat_write_entry_file
                0x800046ec       0x50 src/asf/avr32/services/fs/fat/fat.o
                0x800046ec                fat_write_entry_file
 .text.fat_check_nav_access_file
                0x8000473c       0x78 src/asf/avr32/services/fs/fat/fat.o
                0x8000473c                fat_check_nav_access_file
 .text.fat_invert_nav
                0x800047b4       0xec src/asf/avr32/services/fs/fat/fat.o
                0x800047b4                fat_invert_nav
 .text.fat_cache_flush
                0x800048a0       0x54 src/asf/avr32/services/fs/fat/fat.o
                0x800048a0                fat_cache_flush
 .text.fat_cache_clear
                0x800048f4       0x18 src/asf/avr32/services/fs/fat/fat.o
                0x800048f4                fat_cache_clear
 .text.fat_cache_read_sector
                0x8000490c       0x80 src/asf/avr32/services/fs/fat/fat.o
                0x8000490c                fat_cache_read_sector
 .text.fat_cluster_readnext
                0x8000498c       0x94 src/asf/avr32/services/fs/fat/fat.o
                0x8000498c                fat_cluster_readnext
 .text.fat_cluster_val
                0x80004a20      0x244 src/asf/avr32/services/fs/fat/fat.o
                0x80004a20                fat_cluster_val
 .text.fat_cluster_list
                0x80004c64      0x2d8 src/asf/avr32/services/fs/fat/fat.o
                0x80004c64                fat_cluster_list
 .text.fat_read_dir
                0x80004f3c       0x84 src/asf/avr32/services/fs/fat/fat.o
                0x80004f3c                fat_read_dir
 .text.fat_read_file
                0x80004fc0       0xdc src/asf/avr32/services/fs/fat/fat.o
                0x80004fc0                fat_read_file
 .text.fat_write_file
                0x8000509c      0x108 src/asf/avr32/services/fs/fat/fat.o
                0x8000509c                fat_write_file
 .text.fat_check_device
                0x800051a4       0xb8 src/asf/avr32/services/fs/fat/fat.o
                0x800051a4                fat_check_device
 .text.fat_check_noopen
                0x8000525c       0x3c src/asf/avr32/services/fs/fat/fat.o
                0x8000525c                fat_check_noopen
 .text.fat_check_mount
                0x80005298       0x38 src/asf/avr32/services/fs/fat/fat.o
                0x80005298                fat_check_mount
 .text.fat_check_mount_select
                0x800052d0       0x18 src/asf/avr32/services/fs/fat/fat.o
                0x800052d0                fat_check_mount_select
 .text.fat_check_mount_select_open
                0x800052e8       0x24 src/asf/avr32/services/fs/fat/fat.o
                0x800052e8                fat_check_mount_select_open
 .text.fat_check_mount_select_noopen
                0x8000530c       0x24 src/asf/avr32/services/fs/fat/fat.o
                0x8000530c                fat_check_mount_select_noopen
 .text.fat_check_mount_noopen
                0x80005330       0x18 src/asf/avr32/services/fs/fat/fat.o
                0x80005330                fat_check_mount_noopen
 .text.fat_translate_char_shortname
                0x80005348       0x4c src/asf/avr32/services/fs/fat/fat_unusual.o
                0x80005348                fat_translate_char_shortname
 .text.fat_clear_info_fat_mod
                0x80005394       0x18 src/asf/avr32/services/fs/fat/fat_unusual.o
                0x80005394                fat_clear_info_fat_mod
 .text.fat_clear_cluster
                0x800053ac       0x74 src/asf/avr32/services/fs/fat/fat_unusual.o
                0x800053ac                fat_clear_cluster
 .text.fat_update_fat2
                0x80005420       0x74 src/asf/avr32/services/fs/fat/fat_unusual.o
                0x80005420                fat_update_fat2
 .text.fat_initialize_dir
                0x80005494       0x98 src/asf/avr32/services/fs/fat/fat_unusual.o
                0x80005494                fat_initialize_dir
 .text.fat_create_long_name_entry
                0x8000552c       0xd0 src/asf/avr32/services/fs/fat/fat_unusual.o
                0x8000552c                fat_create_long_name_entry
 .text.fat_delete_file
                0x800055fc       0x74 src/asf/avr32/services/fs/fat/fat_unusual.o
                0x800055fc                fat_delete_file
 .text.fat_garbage_collector_entry
                0x80005670       0xc8 src/asf/avr32/services/fs/fat/fat_unusual.o
                0x80005670                fat_garbage_collector_entry
 .text.fat_write_fat32_FSInfo
                0x80005738       0xa0 src/asf/avr32/services/fs/fat/fat_unusual.o
                0x80005738                fat_write_fat32_FSInfo
 .text.fat_allocfreespace
                0x800057d8      0x140 src/asf/avr32/services/fs/fat/fat_unusual.o
                0x800057d8                fat_allocfreespace
 .text.fat_alloc_entry_free
                0x80005918       0xb0 src/asf/avr32/services/fs/fat/fat_unusual.o
                0x80005918                fat_alloc_entry_free
 .text.fat_check_name
                0x800059c8       0x74 src/asf/avr32/services/fs/fat/fat_unusual.o
                0x800059c8                fat_check_name
 .text.fat_create_short_entry_name
                0x80005a3c      0x1bc src/asf/avr32/services/fs/fat/fat_unusual.o
                0x80005a3c                fat_create_short_entry_name
 .text.fat_entry_shortname_compare
                0x80005bf8       0x58 src/asf/avr32/services/fs/fat/fat_unusual.o
                0x80005bf8                fat_entry_shortname_compare
 .text.fat_find_short_entry_name
                0x80005c50       0x78 src/asf/avr32/services/fs/fat/fat_unusual.o
                0x80005c50                fat_find_short_entry_name
 .text.fat_create_entry_file_name
                0x80005cc8       0xa8 src/asf/avr32/services/fs/fat/fat_unusual.o
                0x80005cc8                fat_create_entry_file_name
 .text.fat_mount
                0x80005d70      0x2fc src/asf/avr32/services/fs/fat/fat_unusual.o
                0x80005d70                fat_mount
 .text.file_eof
                0x8000606c       0x28 src/asf/avr32/services/fs/fat/file.o
                0x8000606c                file_eof
 .text.file_seek
                0x80006094       0xb4 src/asf/avr32/services/fs/fat/file.o
                0x80006094                file_seek
 .text.file_close
                0x80006148       0x3c src/asf/avr32/services/fs/fat/file.o
                0x80006148                file_close
 .text.file_write_buf
                0x80006184      0x174 src/asf/avr32/services/fs/fat/file.o
                0x80006184                file_write_buf
 .text.file_getc
                0x800062f8       0x6c src/asf/avr32/services/fs/fat/file.o
                0x800062f8                file_getc
 .text.file_read_buf
                0x80006364      0x18c src/asf/avr32/services/fs/fat/file.o
                0x80006364                file_read_buf
 .text.file_open
                0x800064f0       0xa0 src/asf/avr32/services/fs/fat/file.o
                0x800064f0                file_open
 .text.nav_getindex
                0x80006590       0x20 src/asf/avr32/services/fs/fat/navigation.o
                0x80006590                nav_getindex
 .text.nav_file_isdir
                0x800065b0        0xc src/asf/avr32/services/fs/fat/navigation.o
                0x800065b0                nav_file_isdir
 .text.nav_file_name
                0x800065bc       0xe4 src/asf/avr32/services/fs/fat/navigation.o
                0x800065bc                nav_file_name
 .text.nav_filelist_set
                0x800066a0      0x168 src/asf/avr32/services/fs/fat/navigation.o
                0x800066a0                nav_filelist_set
 .text.nav_filelist_findname
                0x80006808       0x30 src/asf/avr32/services/fs/fat/navigation.o
                0x80006808                nav_filelist_findname
 .text.nav_filelist_reset
                0x80006838       0x18 src/asf/avr32/services/fs/fat/navigation.o
                0x80006838                nav_filelist_reset
 .text.nav_file_create
                0x80006850       0x6c src/asf/avr32/services/fs/fat/navigation.o
                0x80006850                nav_file_create
 .text.nav_dir_gotoparent
                0x800068bc       0xa0 src/asf/avr32/services/fs/fat/navigation.o
                0x800068bc                nav_dir_gotoparent
 .text.nav_dir_cd
                0x8000695c       0x40 src/asf/avr32/services/fs/fat/navigation.o
                0x8000695c                nav_dir_cd
 .text.nav_file_del
                0x8000699c       0xac src/asf/avr32/services/fs/fat/navigation.o
                0x8000699c                nav_file_del
 .text.nav_filelist_first
                0x80006a48       0x40 src/asf/avr32/services/fs/fat/navigation.o
                0x80006a48                nav_filelist_first
 .text.nav_filelist_nb
                0x80006a88       0x70 src/asf/avr32/services/fs/fat/navigation.o
                0x80006a88                nav_filelist_nb
 .text.nav_filelist_last
                0x80006af8       0x50 src/asf/avr32/services/fs/fat/navigation.o
                0x80006af8                nav_filelist_last
 .text.nav_dir_make
                0x80006b48       0x90 src/asf/avr32/services/fs/fat/navigation.o
                0x80006b48                nav_dir_make
 .text.nav_partition_mount
                0x80006bd8       0x3c src/asf/avr32/services/fs/fat/navigation.o
                0x80006bd8                nav_partition_mount
 .text.nav_dir_root
                0x80006c14        0xc src/asf/avr32/services/fs/fat/navigation.o
                0x80006c14                nav_dir_root
 .text.nav_drive_set
                0x80006c20       0x54 src/asf/avr32/services/fs/fat/navigation.o
                0x80006c20                nav_drive_set
 .text.nav_gotoindex
                0x80006c74       0x5c src/asf/avr32/services/fs/fat/navigation.o
                0x80006c74                nav_gotoindex
 .text.nav_setcwd
                0x80006cd0      0x1c4 src/asf/avr32/services/fs/fat/navigation.o
                0x80006cd0                nav_setcwd
 .text.nav_drive_nb
                0x80006e94        0xc src/asf/avr32/services/fs/fat/navigation.o
                0x80006e94                nav_drive_nb
 .text.nav_select
                0x80006ea0       0x48 src/asf/avr32/services/fs/fat/navigation.o
                0x80006ea0                nav_select
 .text.nav_reset
                0x80006ee8       0x6c src/asf/avr32/services/fs/fat/navigation.o
                0x80006ee8                nav_reset
 .text.print_char
                0x80006f54        0xc src/asf/avr32/utils/debug/print_funcs.o
                0x80006f54                print_char
 .text.print_dbg_char
                0x80006f60       0x14 src/asf/avr32/utils/debug/print_funcs.o
                0x80006f60                print_dbg_char
 .text.print    0x80006f74        0xc src/asf/avr32/utils/debug/print_funcs.o
                0x80006f74                print
 .text.print_hex
                0x80006f80       0x38 src/asf/avr32/utils/debug/print_funcs.o
                0x80006f80                print_hex
 .text.print_dbg_hex
                0x80006fb8       0x14 src/asf/avr32/utils/debug/print_funcs.o
                0x80006fb8                print_dbg_hex
 .text.print_ulong
                0x80006fcc       0x48 src/asf/avr32/utils/debug/print_funcs.o
                0x80006fcc                print_ulong
 .text.print_dbg_ulong
                0x80007014       0x14 src/asf/avr32/utils/debug/print_funcs.o
                0x80007014                print_dbg_ulong
 .text.print_dbg
                0x80007028       0x14 src/asf/avr32/utils/debug/print_funcs.o
                0x80007028                print_dbg
 .text.init_dbg_rs232_ex
                0x8000703c       0x40 src/asf/avr32/utils/debug/print_funcs.o
                0x8000703c                init_dbg_rs232_ex
 .text.init_dbg_rs232
                0x8000707c       0x14 src/asf/avr32/utils/debug/print_funcs.o
                0x8000707c                init_dbg_rs232
 .text._stext   0x80007090       0x50 src/asf/avr32/utils/startup/startup_uc3.o
                0x80007090                _stext
 .text.SD_Card_Test
                0x800070e0       0xd0 src/asf/common/boards/user_board/init.o
                0x800070e0                SD_Card_Test
 .text.System_Test
                0x800071b0       0xa4 src/asf/common/boards/user_board/init.o
                0x800071b0                System_Test
 .text.board_init
                0x80007254       0xa0 src/asf/common/boards/user_board/init.o
                0x80007254                board_init
 .text.get_nb_lun
                0x800072f4        0x2 src/asf/common/services/storage/ctrl_access/ctrl_access.o
                0x800072f4                get_nb_lun
 *fill*         0x800072f6        0x2 d703d703
 .text.mem_test_unit_ready
                0x800072f8       0x14 src/asf/common/services/storage/ctrl_access/ctrl_access.o
                0x800072f8                mem_test_unit_ready
 .text.mem_read_capacity
                0x8000730c       0x18 src/asf/common/services/storage/ctrl_access/ctrl_access.o
                0x8000730c                mem_read_capacity
 .text.mem_sector_size
                0x80007324        0x6 src/asf/common/services/storage/ctrl_access/ctrl_access.o
                0x80007324                mem_sector_size
 *fill*         0x8000732a        0x2 d703d703
 .text.mem_wr_protect
                0x8000732c       0x14 src/asf/common/services/storage/ctrl_access/ctrl_access.o
                0x8000732c                mem_wr_protect
 .text.memory_2_ram
                0x80007340       0x1c src/asf/common/services/storage/ctrl_access/ctrl_access.o
                0x80007340                memory_2_ram
 .text.ram_2_memory
                0x8000735c       0x1c src/asf/common/services/storage/ctrl_access/ctrl_access.o
                0x8000735c                ram_2_memory
 .text.segment_holding
                0x80007378       0x1c src/asf/thirdparty/dlmalloc/dlmalloc.o
 .text.init_mparams
                0x80007394       0x48 src/asf/thirdparty/dlmalloc/dlmalloc.o
 .text.init_top
                0x800073dc       0x30 src/asf/thirdparty/dlmalloc/dlmalloc.o
 .text.init_bins
                0x8000740c       0x14 src/asf/thirdparty/dlmalloc/dlmalloc.o
 .text.sys_trim
                0x80007420      0x38c src/asf/thirdparty/dlmalloc/dlmalloc.o
 .text.mspace_free
                0x800077ac      0x48c src/asf/thirdparty/dlmalloc/dlmalloc.o
                0x800077ac                mspace_free
 .text.tmalloc_small
                0x80007c38      0x1d8 src/asf/thirdparty/dlmalloc/dlmalloc.o
 .text.tmalloc_large
                0x80007e10      0x3d8 src/asf/thirdparty/dlmalloc/dlmalloc.o
 .text.free     0x800081e8      0x510 src/asf/thirdparty/dlmalloc/dlmalloc.o
                0x800081e8                free
 .text.init_user_mstate
                0x800086f8       0x84 src/asf/thirdparty/dlmalloc/dlmalloc.o
 .text.create_mspace_with_base
                0x8000877c       0x48 src/asf/thirdparty/dlmalloc/dlmalloc.o
                0x8000877c                create_mspace_with_base
 .text.sys_alloc
                0x800087c4      0x898 src/asf/thirdparty/dlmalloc/dlmalloc.o
 .text.mspace_malloc
                0x8000905c      0x238 src/asf/thirdparty/dlmalloc/dlmalloc.o
                0x8000905c                mspace_malloc
 .text.malloc   0x80009294      0x264 src/asf/thirdparty/dlmalloc/dlmalloc.o
                0x80009294                malloc
 .text.dlmalloc_sbrk
                0x800094f8       0x34 src/asf/thirdparty/dlmalloc/dlsbrk.o
                0x800094f8                dlmalloc_sbrk
 .text.mmap     0x8000952c       0x30 src/asf/thirdparty/dlmalloc/dlsbrk.o
                0x8000952c                mmap
 .text.munmap   0x8000955c       0x1c src/asf/thirdparty/dlmalloc/dlsbrk.o
                0x8000955c                munmap
 .text.log_2    0x80009578       0x22 src/CustomDevices/ImageProcessor.o
                0x80009578                log_2
 *fill*         0x8000959a        0x2 d703d703
 .text.FFT1D    0x8000959c       0x70 src/CustomDevices/ImageProcessor.o
                0x8000959c                FFT1D
 .text.FFT2DCOMPLEX
                0x8000960c      0x134 src/CustomDevices/ImageProcessor.o
                0x8000960c                FFT2DCOMPLEX
 .text.FFT2Dabs
                0x80009740      0x128 src/CustomDevices/ImageProcessor.o
                0x80009740                FFT2Dabs
 .text.FFT1D_Abs
                0x80009868       0x80 src/CustomDevices/ImageProcessor.o
                0x80009868                FFT1D_Abs
 .text.Motors_Moving
                0x800098e8       0x18 src/CustomDevices/MotorDriver.o
                0x800098e8                Motors_Moving
 .text.Motor_Stop
                0x80009900       0x48 src/CustomDevices/MotorDriver.o
                0x80009900                Motor_Stop
 .text.Motors_Execute
                0x80009948      0x140 src/CustomDevices/MotorDriver.o
                0x80009948                Motors_Execute
 .text.Motor_Start
                0x80009a88       0xb0 src/CustomDevices/MotorDriver.o
                0x80009a88                Motor_Start
 .text.Motors_Rotate
                0x80009b38       0x78 src/CustomDevices/MotorDriver.o
                0x80009b38                Motors_Rotate
 .text.Motors_Reset
                0x80009bb0       0x28 src/CustomDevices/MotorDriver.o
                0x80009bb0                Motors_Reset
 .text.Motors_Move
                0x80009bd8       0x8c src/CustomDevices/MotorDriver.o
                0x80009bd8                Motors_Move
 .text.Analogue_Comparator_Init
                0x80009c64       0x74 src/CustomDevices/MotorDriver.o
                0x80009c64                Analogue_Comparator_Init
 .text.Motor_Init
                0x80009cd8      0x144 src/CustomDevices/MotorDriver.o
                0x80009cd8                Motor_Init
 .text.Photos_Ready
                0x80009e1c       0x60 src/CustomDevices/OV7670.o
                0x80009e1c                Photos_Ready
 .text.Store_Image_0
                0x80009e7c      0x244 src/CustomDevices/OV7670.o
                0x80009e7c                Store_Image_0
 .text.Store_Image_1
                0x8000a0c0      0x234 src/CustomDevices/OV7670.o
                0x8000a0c0                Store_Image_1
 .text.FIFO_Reset
                0x8000a2f4       0xc8 src/CustomDevices/OV7670.o
                0x8000a2f4                FIFO_Reset
 .text.FIFO_Init
                0x8000a3bc      0x268 src/CustomDevices/OV7670.o
                0x8000a3bc                FIFO_Init
 .text.Store_Both_Images
                0x8000a624      0x110 src/CustomDevices/OV7670.o
                0x8000a624                Store_Both_Images
 .text.TakePhoto
                0x8000a734       0x88 src/CustomDevices/OV7670.o
                0x8000a734                TakePhoto
 .text.VSYNC0_Handler
                0x8000a7bc       0x7c src/CustomDevices/OV7670.o
 .text.VSYNC1_Handler
                0x8000a838       0x7c src/CustomDevices/OV7670.o
 .text.Write_Reg
                0x8000a8b4       0x24 src/CustomDevices/OV7670.o
                0x8000a8b4                Write_Reg
 .text.OV7670_Init
                0x8000a8d8      0x2bc src/CustomDevices/OV7670.o
                0x8000a8d8                OV7670_Init
 .text.PCA9542A_Chan_Sel
                0x8000ab94       0x3c src/CustomDevices/PCA9542A.o
                0x8000ab94                PCA9542A_Chan_Sel
 .text.ReadBigEndian
                0x8000abd0       0x1c src/CustomDevices/SD_Card.o
                0x8000abd0                ReadBigEndian
 .text.ReadBitmap
                0x8000abec      0x1c0 src/CustomDevices/SD_Card.o
                0x8000abec                ReadBitmap
 .text.Read2DSignal
                0x8000adac       0xa0 src/CustomDevices/SD_Card.o
                0x8000adac                Read2DSignal
 .text.ReadSignal
                0x8000ae4c       0xa0 src/CustomDevices/SD_Card.o
                0x8000ae4c                ReadSignal
 .text.SaveBuff
                0x8000aeec       0x70 src/CustomDevices/SD_Card.o
                0x8000aeec                SaveBuff
 .text.SaveBitmap
                0x8000af5c      0x170 src/CustomDevices/SD_Card.o
                0x8000af5c                SaveBitmap
 .text.Read_CSV
                0x8000b0cc       0xbc src/CustomDevices/SD_Card.o
                0x8000b0cc                Read_CSV
 .text.SaveCBuff_CSV
                0x8000b188       0xf8 src/CustomDevices/SD_Card.o
                0x8000b188                SaveCBuff_CSV
 .text.SaveBuff_CSV
                0x8000b280       0xbc src/CustomDevices/SD_Card.o
                0x8000b280                SaveBuff_CSV
 .text.sd_mmc_resources_init
                0x8000b33c       0x84 src/CustomDevices/SD_Card.o
                0x8000b33c                sd_mmc_resources_init
 .text.twim_init
                0x8000b3c0       0x58 src/CustomDevices/TWI.o
                0x8000b3c0                twim_init
 .text.LoadCommands
                0x8000b418      0x1b8 src/main.o
                0x8000b418                LoadCommands
 .text.Auto_Run
                0x8000b5d0      0x1c0 src/main.o
                0x8000b5d0                Auto_Run
 .text.PrintStatus
                0x8000b790      0x11c src/main.o
                0x8000b790                PrintStatus
 .text.System_Error
                0x8000b8ac       0xc4 src/main.o
                0x8000b8ac                System_Error
 .text.Get_Line
                0x8000b970       0x4c src/main.o
                0x8000b970                Get_Line
 .text.Debug_Mode
                0x8000b9bc      0x640 src/main.o
                0x8000b9bc                Debug_Mode
 .text.main     0x8000bffc       0xbc src/main.o
                0x8000bffc                main
 .text.dsp16_vect_complex_abs_kernel_x0
                0x8000c0b8        0x2 ../src/asf/avr32/utils/libs/dsplib/at32ucr3fp/gcc\libdsp-at32ucr3fp-dspspeed_opt.a(vect_dsp16_complex_abs.o)
 *fill*         0x8000c0ba        0x2 d703d703
 .text.dsp16_vect_complex_abs
                0x8000c0bc      0x100 ../src/asf/avr32/utils/libs/dsplib/at32ucr3fp/gcc\libdsp-at32ucr3fp-dspspeed_opt.a(vect_dsp16_complex_abs.o)
                                0x10c (size before relaxing)
                0x8000c0bc                dsp16_vect_complex_abs
 .text.dsp16_vect_complex_abs_kernel_x3
                0x8000c1bc       0x88 ../src/asf/avr32/utils/libs/dsplib/at32ucr3fp/gcc\libdsp-at32ucr3fp-dspspeed_opt.a(vect_dsp16_complex_abs.o)
                                 0x90 (size before relaxing)
 .text.dsp16_vect_complex_abs_kernel_x2
                0x8000c244       0x5c ../src/asf/avr32/utils/libs/dsplib/at32ucr3fp/gcc\libdsp-at32ucr3fp-dspspeed_opt.a(vect_dsp16_complex_abs.o)
                                 0x64 (size before relaxing)
 .text.dsp16_vect_complex_abs_kernel_x1
                0x8000c2a0       0x30 ../src/asf/avr32/utils/libs/dsplib/at32ucr3fp/gcc\libdsp-at32ucr3fp-dspspeed_opt.a(vect_dsp16_complex_abs.o)
                                 0x38 (size before relaxing)
 .text.dsp16_op_sqrt
                0x8000c2d0       0x96 ../src/asf/avr32/utils/libs/dsplib/at32ucr3fp/gcc\libdsp-at32ucr3fp-dspspeed_opt.a(op_dsp16_sqrt_at32uc.o)
                0x8000c2d0                dsp16_op_sqrt
 *fill*         0x8000c366        0x2 d703d703
 .text.dsp16_trans_complexfft
                0x8000c368      0x254 ../src/asf/avr32/utils/libs/dsplib/at32ucr3fp/gcc\libdsp-at32ucr3fp-dspspeed_opt.a(trans_dsp16_complex_fft_at32uc.o)
                0x8000c368                dsp16_trans_complexfft
 .text.dsp16_trans_realcomplexfft
                0x8000c5bc      0x220 ../src/asf/avr32/utils/libs/dsplib/at32ucr3fp/gcc\libdsp-at32ucr3fp-dspspeed_opt.a(trans_dsp16_real_complex_fft_at32uc.o)
                0x8000c5bc                dsp16_trans_realcomplexfft
 .text          0x8000c7dc       0xe8 c:/program files (x86)/atmel/atmel studio 6.0/extensions/atmel/avrgcc/3.4.1.95/avrtoolchain/bin/../lib/gcc/avr32/4.4.3/ucr3fp\libgcc.a(_avr32_s32_to_f64.o)
                0x8000c7dc                __avr32_u32_to_f64
                0x8000c7e4                __avr32_s32_to_f64
 .text          0x8000c8c4       0x68 c:/program files (x86)/atmel/atmel studio 6.0/extensions/atmel/avrgcc/3.4.1.95/avrtoolchain/bin/../lib/gcc/avr32/4.4.3/ucr3fp\libgcc.a(_avr32_f64_cmp_ge.o)
                0x8000c8c4                __avr32_f64_cmp_ge
 .text.atoi     0x8000c92c        0xc c:/program files (x86)/atmel/atmel studio 6.0/extensions/atmel/avrgcc/3.4.1.95/avrtoolchain/bin/../lib/gcc/avr32/4.4.3/../../../../avr32/lib/ucr3fp\libc.a(lib_a-atoi.o)
                                 0x10 (size before relaxing)
                0x8000c92c                atoi
 .text.memcmp   0x8000c938       0x26 c:/program files (x86)/atmel/atmel studio 6.0/extensions/atmel/avrgcc/3.4.1.95/avrtoolchain/bin/../lib/gcc/avr32/4.4.3/../../../../avr32/lib/ucr3fp\libc.a(lib_a-memcmp.o)
                0x8000c938                memcmp
 .text          0x8000c95e      0x148 c:/program files (x86)/atmel/atmel studio 6.0/extensions/atmel/avrgcc/3.4.1.95/avrtoolchain/bin/../lib/gcc/avr32/4.4.3/../../../../avr32/lib/ucr3fp\libc.a(lib_a-memcpy.o)
                0x8000c95e                memcpy
 .text.memset   0x8000caa6        0xe c:/program files (x86)/atmel/atmel studio 6.0/extensions/atmel/avrgcc/3.4.1.95/avrtoolchain/bin/../lib/gcc/avr32/4.4.3/../../../../avr32/lib/ucr3fp\libc.a(lib_a-memset.o)
                0x8000caa6                memset
 .text.sprintf  0x8000cab4       0x3c c:/program files (x86)/atmel/atmel studio 6.0/extensions/atmel/avrgcc/3.4.1.95/avrtoolchain/bin/../lib/gcc/avr32/4.4.3/../../../../avr32/lib/ucr3fp\libc.a(lib_a-sprintf.o)
                                 0x40 (size before relaxing)
                0x8000cab4                sprintf
 .text._strtol_r
                0x8000caf0      0x138 c:/program files (x86)/atmel/atmel studio 6.0/extensions/atmel/avrgcc/3.4.1.95/avrtoolchain/bin/../lib/gcc/avr32/4.4.3/../../../../avr32/lib/ucr3fp\libc.a(lib_a-strtol.o)
                0x8000caf0                _strtol_r
 .text.strtol   0x8000cc28       0x14 c:/program files (x86)/atmel/atmel studio 6.0/extensions/atmel/avrgcc/3.4.1.95/avrtoolchain/bin/../lib/gcc/avr32/4.4.3/../../../../avr32/lib/ucr3fp\libc.a(lib_a-strtol.o)
                                 0x1c (size before relaxing)
                0x8000cc28                strtol
 .text.get_arg  0x8000cc3c      0x318 c:/program files (x86)/atmel/atmel studio 6.0/extensions/atmel/avrgcc/3.4.1.95/avrtoolchain/bin/../lib/gcc/avr32/4.4.3/../../../../avr32/lib/ucr3fp\libc.a(lib_a-vfprintf.o)
                                0x320 (size before relaxing)
 .text.__sprint_r
                0x8000cf54       0x1c c:/program files (x86)/atmel/atmel studio 6.0/extensions/atmel/avrgcc/3.4.1.95/avrtoolchain/bin/../lib/gcc/avr32/4.4.3/../../../../avr32/lib/ucr3fp\libc.a(lib_a-vfprintf.o)
                                 0x20 (size before relaxing)
 .text._vfprintf_r
                0x8000cf70     0x1f1c c:/program files (x86)/atmel/atmel studio 6.0/extensions/atmel/avrgcc/3.4.1.95/avrtoolchain/bin/../lib/gcc/avr32/4.4.3/../../../../avr32/lib/ucr3fp\libc.a(lib_a-vfprintf.o)
                               0x1f90 (size before relaxing)
                0x8000cf70                _vfprintf_r
 .text.__swsetup_r
                0x8000ee8c       0xdc c:/program files (x86)/atmel/atmel studio 6.0/extensions/atmel/avrgcc/3.4.1.95/avrtoolchain/bin/../lib/gcc/avr32/4.4.3/../../../../avr32/lib/ucr3fp\libc.a(lib_a-wsetup.o)
                                 0xe8 (size before relaxing)
                0x8000ee8c                __swsetup_r
 .text.quorem   0x8000ef68      0x120 c:/program files (x86)/atmel/atmel studio 6.0/extensions/atmel/avrgcc/3.4.1.95/avrtoolchain/bin/../lib/gcc/avr32/4.4.3/../../../../avr32/lib/ucr3fp\libc.a(lib_a-dtoa.o)
                                0x124 (size before relaxing)
 .text._dtoa_r  0x8000f088      0xbe0 c:/program files (x86)/atmel/atmel studio 6.0/extensions/atmel/avrgcc/3.4.1.95/avrtoolchain/bin/../lib/gcc/avr32/4.4.3/../../../../avr32/lib/ucr3fp\libc.a(lib_a-dtoa.o)
                                0xc90 (size before relaxing)
                0x8000f088                _dtoa_r
 .text._fflush_r
                0x8000fc68      0x110 c:/program files (x86)/atmel/atmel studio 6.0/extensions/atmel/avrgcc/3.4.1.95/avrtoolchain/bin/../lib/gcc/avr32/4.4.3/../../../../avr32/lib/ucr3fp\libc.a(lib_a-fflush.o)
                                0x118 (size before relaxing)
                0x8000fc68                _fflush_r
 .text.__sfp_lock_acquire
                0x8000fd78        0x2 c:/program files (x86)/atmel/atmel studio 6.0/extensions/atmel/avrgcc/3.4.1.95/avrtoolchain/bin/../lib/gcc/avr32/4.4.3/../../../../avr32/lib/ucr3fp\libc.a(lib_a-findfp.o)
                0x8000fd78                __sfp_lock_acquire
 .text.__sfp_lock_release
                0x8000fd7a        0x2 c:/program files (x86)/atmel/atmel studio 6.0/extensions/atmel/avrgcc/3.4.1.95/avrtoolchain/bin/../lib/gcc/avr32/4.4.3/../../../../avr32/lib/ucr3fp\libc.a(lib_a-findfp.o)
                0x8000fd7a                __sfp_lock_release
 .text._cleanup_r
                0x8000fd7c        0xc c:/program files (x86)/atmel/atmel studio 6.0/extensions/atmel/avrgcc/3.4.1.95/avrtoolchain/bin/../lib/gcc/avr32/4.4.3/../../../../avr32/lib/ucr3fp\libc.a(lib_a-findfp.o)
                                 0x14 (size before relaxing)
                0x8000fd7c                _cleanup_r
 .text.__sfmoreglue
                0x8000fd88       0x28 c:/program files (x86)/atmel/atmel studio 6.0/extensions/atmel/avrgcc/3.4.1.95/avrtoolchain/bin/../lib/gcc/avr32/4.4.3/../../../../avr32/lib/ucr3fp\libc.a(lib_a-findfp.o)
                                 0x30 (size before relaxing)
                0x8000fd88                __sfmoreglue
 .text.__sfp    0x8000fdb0       0x70 c:/program files (x86)/atmel/atmel studio 6.0/extensions/atmel/avrgcc/3.4.1.95/avrtoolchain/bin/../lib/gcc/avr32/4.4.3/../../../../avr32/lib/ucr3fp\libc.a(lib_a-findfp.o)
                                 0x7c (size before relaxing)
                0x8000fdb0                __sfp
 .text.__sinit  0x8000fe20       0x9c c:/program files (x86)/atmel/atmel studio 6.0/extensions/atmel/avrgcc/3.4.1.95/avrtoolchain/bin/../lib/gcc/avr32/4.4.3/../../../../avr32/lib/ucr3fp\libc.a(lib_a-findfp.o)
                                 0xb0 (size before relaxing)
                0x8000fe20                __sinit
 .text._malloc_trim_r
                0x8000febc       0x9c c:/program files (x86)/atmel/atmel studio 6.0/extensions/atmel/avrgcc/3.4.1.95/avrtoolchain/bin/../lib/gcc/avr32/4.4.3/../../../../avr32/lib/ucr3fp\libc.a(lib_a-freer.o)
                                 0xa8 (size before relaxing)
                0x8000febc                _malloc_trim_r
 .text._free_r  0x8000ff58      0x190 c:/program files (x86)/atmel/atmel studio 6.0/extensions/atmel/avrgcc/3.4.1.95/avrtoolchain/bin/../lib/gcc/avr32/4.4.3/../../../../avr32/lib/ucr3fp\libc.a(lib_a-freer.o)
                                0x1a4 (size before relaxing)
                0x8000ff58                _free_r
 .text.__sfvwrite_r
                0x800100e8      0x2a4 c:/program files (x86)/atmel/atmel studio 6.0/extensions/atmel/avrgcc/3.4.1.95/avrtoolchain/bin/../lib/gcc/avr32/4.4.3/../../../../avr32/lib/ucr3fp\libc.a(lib_a-fvwrite.o)
                                0x2c8 (size before relaxing)
                0x800100e8                __sfvwrite_r
 .text._fwalk   0x8001038c       0x4c c:/program files (x86)/atmel/atmel studio 6.0/extensions/atmel/avrgcc/3.4.1.95/avrtoolchain/bin/../lib/gcc/avr32/4.4.3/../../../../avr32/lib/ucr3fp\libc.a(lib_a-fwalk.o)
                                 0x54 (size before relaxing)
                0x8001038c                _fwalk
 .text._localeconv_r
                0x800103d8        0x8 c:/program files (x86)/atmel/atmel studio 6.0/extensions/atmel/avrgcc/3.4.1.95/avrtoolchain/bin/../lib/gcc/avr32/4.4.3/../../../../avr32/lib/ucr3fp\libc.a(lib_a-locale.o)
                0x800103d8                _localeconv_r
 .text.__smakebuf_r
                0x800103e0       0xc4 c:/program files (x86)/atmel/atmel studio 6.0/extensions/atmel/avrgcc/3.4.1.95/avrtoolchain/bin/../lib/gcc/avr32/4.4.3/../../../../avr32/lib/ucr3fp\libc.a(lib_a-makebuf.o)
                                 0xd4 (size before relaxing)
                0x800103e0                __smakebuf_r
 .text._malloc_r
                0x800104a4      0x434 c:/program files (x86)/atmel/atmel studio 6.0/extensions/atmel/avrgcc/3.4.1.95/avrtoolchain/bin/../lib/gcc/avr32/4.4.3/../../../../avr32/lib/ucr3fp\libc.a(lib_a-mallocr.o)
                                0x454 (size before relaxing)
                0x800104a4                _malloc_r
 .text.memchr   0x800108d8       0x16 c:/program files (x86)/atmel/atmel studio 6.0/extensions/atmel/avrgcc/3.4.1.95/avrtoolchain/bin/../lib/gcc/avr32/4.4.3/../../../../avr32/lib/ucr3fp\libc.a(lib_a-memchr.o)
                0x800108d8                memchr
 .text.memmove  0x800108ee       0x3e c:/program files (x86)/atmel/atmel studio 6.0/extensions/atmel/avrgcc/3.4.1.95/avrtoolchain/bin/../lib/gcc/avr32/4.4.3/../../../../avr32/lib/ucr3fp\libc.a(lib_a-memmove.o)
                0x800108ee                memmove
 .text.__malloc_lock
                0x8001092c        0x2 c:/program files (x86)/atmel/atmel studio 6.0/extensions/atmel/avrgcc/3.4.1.95/avrtoolchain/bin/../lib/gcc/avr32/4.4.3/../../../../avr32/lib/ucr3fp\libc.a(lib_a-mlock.o)
                0x8001092c                __malloc_lock
 .text.__malloc_unlock
                0x8001092e        0x2 c:/program files (x86)/atmel/atmel studio 6.0/extensions/atmel/avrgcc/3.4.1.95/avrtoolchain/bin/../lib/gcc/avr32/4.4.3/../../../../avr32/lib/ucr3fp\libc.a(lib_a-mlock.o)
                0x8001092e                __malloc_unlock
 .text.__hi0bits
                0x80010930       0x60 c:/program files (x86)/atmel/atmel studio 6.0/extensions/atmel/avrgcc/3.4.1.95/avrtoolchain/bin/../lib/gcc/avr32/4.4.3/../../../../avr32/lib/ucr3fp\libc.a(lib_a-mprec.o)
                0x80010930                __hi0bits
 .text.__lo0bits
                0x80010990       0x8e c:/program files (x86)/atmel/atmel studio 6.0/extensions/atmel/avrgcc/3.4.1.95/avrtoolchain/bin/../lib/gcc/avr32/4.4.3/../../../../avr32/lib/ucr3fp\libc.a(lib_a-mprec.o)
                0x80010990                __lo0bits
 .text.__mcmp   0x80010a1e       0x32 c:/program files (x86)/atmel/atmel studio 6.0/extensions/atmel/avrgcc/3.4.1.95/avrtoolchain/bin/../lib/gcc/avr32/4.4.3/../../../../avr32/lib/ucr3fp\libc.a(lib_a-mprec.o)
                0x80010a1e                __mcmp
 .text._Bfree   0x80010a50       0x34 c:/program files (x86)/atmel/atmel studio 6.0/extensions/atmel/avrgcc/3.4.1.95/avrtoolchain/bin/../lib/gcc/avr32/4.4.3/../../../../avr32/lib/ucr3fp\libc.a(lib_a-mprec.o)
                                 0x38 (size before relaxing)
                0x80010a50                _Bfree
 .text._Balloc  0x80010a84       0x70 c:/program files (x86)/atmel/atmel studio 6.0/extensions/atmel/avrgcc/3.4.1.95/avrtoolchain/bin/../lib/gcc/avr32/4.4.3/../../../../avr32/lib/ucr3fp\libc.a(lib_a-mprec.o)
                                 0x78 (size before relaxing)
                0x80010a84                _Balloc
 .text.__d2b    0x80010af4       0xa8 c:/program files (x86)/atmel/atmel studio 6.0/extensions/atmel/avrgcc/3.4.1.95/avrtoolchain/bin/../lib/gcc/avr32/4.4.3/../../../../avr32/lib/ucr3fp\libc.a(lib_a-mprec.o)
                                 0xbc (size before relaxing)
                0x80010af4                __d2b
 .text.__mdiff  0x80010b9c       0xd0 c:/program files (x86)/atmel/atmel studio 6.0/extensions/atmel/avrgcc/3.4.1.95/avrtoolchain/bin/../lib/gcc/avr32/4.4.3/../../../../avr32/lib/ucr3fp\libc.a(lib_a-mprec.o)
                                 0xd8 (size before relaxing)
                0x80010b9c                __mdiff
 .text.__lshift
                0x80010c6c       0x88 c:/program files (x86)/atmel/atmel studio 6.0/extensions/atmel/avrgcc/3.4.1.95/avrtoolchain/bin/../lib/gcc/avr32/4.4.3/../../../../avr32/lib/ucr3fp\libc.a(lib_a-mprec.o)
                                 0x94 (size before relaxing)
                0x80010c6c                __lshift
 .text.__multiply
                0x80010cf4      0x100 c:/program files (x86)/atmel/atmel studio 6.0/extensions/atmel/avrgcc/3.4.1.95/avrtoolchain/bin/../lib/gcc/avr32/4.4.3/../../../../avr32/lib/ucr3fp\libc.a(lib_a-mprec.o)
                                0x108 (size before relaxing)
                0x80010cf4                __multiply
 .text.__i2b    0x80010df4       0x10 c:/program files (x86)/atmel/atmel studio 6.0/extensions/atmel/avrgcc/3.4.1.95/avrtoolchain/bin/../lib/gcc/avr32/4.4.3/../../../../avr32/lib/ucr3fp\libc.a(lib_a-mprec.o)
                                 0x18 (size before relaxing)
                0x80010df4                __i2b
 .text.__multadd
                0x80010e04       0x7c c:/program files (x86)/atmel/atmel studio 6.0/extensions/atmel/avrgcc/3.4.1.95/avrtoolchain/bin/../lib/gcc/avr32/4.4.3/../../../../avr32/lib/ucr3fp\libc.a(lib_a-mprec.o)
                                 0x88 (size before relaxing)
                0x80010e04                __multadd
 .text.__pow5mult
                0x80010e80       0x90 c:/program files (x86)/atmel/atmel studio 6.0/extensions/atmel/avrgcc/3.4.1.95/avrtoolchain/bin/../lib/gcc/avr32/4.4.3/../../../../avr32/lib/ucr3fp\libc.a(lib_a-mprec.o)
                                 0xac (size before relaxing)
                0x80010e80                __pow5mult
 .text._realloc_r
                0x80010f10      0x2c4 c:/program files (x86)/atmel/atmel studio 6.0/extensions/atmel/avrgcc/3.4.1.95/avrtoolchain/bin/../lib/gcc/avr32/4.4.3/../../../../avr32/lib/ucr3fp\libc.a(lib_a-reallocr.o)
                                0x2e0 (size before relaxing)
                0x80010f10                _realloc_r
 .text._sbrk_r  0x800111d4       0x20 c:/program files (x86)/atmel/atmel studio 6.0/extensions/atmel/avrgcc/3.4.1.95/avrtoolchain/bin/../lib/gcc/avr32/4.4.3/../../../../avr32/lib/ucr3fp\libc.a(lib_a-sbrkr.o)
                                 0x28 (size before relaxing)
                0x800111d4                _sbrk_r
 .text.__isinfd
                0x800111f4       0x2a c:/program files (x86)/atmel/atmel studio 6.0/extensions/atmel/avrgcc/3.4.1.95/avrtoolchain/bin/../lib/gcc/avr32/4.4.3/../../../../avr32/lib/ucr3fp\libc.a(lib_a-s_isinfd.o)
                0x800111f4                __isinfd
 .text.__isnand
                0x8001121e       0x1c c:/program files (x86)/atmel/atmel studio 6.0/extensions/atmel/avrgcc/3.4.1.95/avrtoolchain/bin/../lib/gcc/avr32/4.4.3/../../../../avr32/lib/ucr3fp\libc.a(lib_a-s_isnand.o)
                0x8001121e                __isnand
 *fill*         0x8001123a        0x2 d703d703
 .text.__sclose
                0x8001123c        0x8 c:/program files (x86)/atmel/atmel studio 6.0/extensions/atmel/avrgcc/3.4.1.95/avrtoolchain/bin/../lib/gcc/avr32/4.4.3/../../../../avr32/lib/ucr3fp\libc.a(lib_a-stdio.o)
                                 0x10 (size before relaxing)
                0x8001123c                __sclose
 .text.__sseek  0x80011244       0x28 c:/program files (x86)/atmel/atmel studio 6.0/extensions/atmel/avrgcc/3.4.1.95/avrtoolchain/bin/../lib/gcc/avr32/4.4.3/../../../../avr32/lib/ucr3fp\libc.a(lib_a-stdio.o)
                                 0x2c (size before relaxing)
                0x80011244                __sseek
 .text.__swrite
                0x8001126c       0x2c c:/program files (x86)/atmel/atmel studio 6.0/extensions/atmel/avrgcc/3.4.1.95/avrtoolchain/bin/../lib/gcc/avr32/4.4.3/../../../../avr32/lib/ucr3fp\libc.a(lib_a-stdio.o)
                                 0x38 (size before relaxing)
                0x8001126c                __swrite
 .text.__sread  0x80011298       0x1c c:/program files (x86)/atmel/atmel studio 6.0/extensions/atmel/avrgcc/3.4.1.95/avrtoolchain/bin/../lib/gcc/avr32/4.4.3/../../../../avr32/lib/ucr3fp\libc.a(lib_a-stdio.o)
                                 0x24 (size before relaxing)
                0x80011298                __sread
 .text.strlen   0x800112b4       0x16 c:/program files (x86)/atmel/atmel studio 6.0/extensions/atmel/avrgcc/3.4.1.95/avrtoolchain/bin/../lib/gcc/avr32/4.4.3/../../../../avr32/lib/ucr3fp\libc.a(lib_a-strlen.o)
                0x800112b4                strlen
 *fill*         0x800112ca        0x2 d703d703
 .text._close   0x800112cc       0x18 c:/program files (x86)/atmel/atmel studio 6.0/extensions/atmel/avrgcc/3.4.1.95/avrtoolchain/bin/../lib/gcc/avr32/4.4.3/../../../../avr32/lib/ucr3fp\libc.a(lib_a-syscalls.o)
                0x800112cc                _close
 .text._lseek   0x800112e4       0x18 c:/program files (x86)/atmel/atmel studio 6.0/extensions/atmel/avrgcc/3.4.1.95/avrtoolchain/bin/../lib/gcc/avr32/4.4.3/../../../../avr32/lib/ucr3fp\libc.a(lib_a-syscalls.o)
                0x800112e4                _lseek
 .text._read    0x800112fc       0x18 c:/program files (x86)/atmel/atmel studio 6.0/extensions/atmel/avrgcc/3.4.1.95/avrtoolchain/bin/../lib/gcc/avr32/4.4.3/../../../../avr32/lib/ucr3fp\libc.a(lib_a-syscalls.o)
                0x800112fc                _read
 .text._write   0x80011314       0x18 c:/program files (x86)/atmel/atmel studio 6.0/extensions/atmel/avrgcc/3.4.1.95/avrtoolchain/bin/../lib/gcc/avr32/4.4.3/../../../../avr32/lib/ucr3fp\libc.a(lib_a-syscalls.o)
                0x80011314                _write
 .text.isatty   0x8001132c       0x18 c:/program files (x86)/atmel/atmel studio 6.0/extensions/atmel/avrgcc/3.4.1.95/avrtoolchain/bin/../lib/gcc/avr32/4.4.3/../../../../avr32/lib/ucr3fp\libc.a(lib_a-syscalls.o)
                0x8001132c                isatty
 .text._fstat_host
                0x80011344       0x18 c:/program files (x86)/atmel/atmel studio 6.0/extensions/atmel/avrgcc/3.4.1.95/avrtoolchain/bin/../lib/gcc/avr32/4.4.3/../../../../avr32/lib/ucr3fp\libc.a(lib_a-syscalls.o)
                0x80011344                _fstat_host
 .text._fstat   0x8001135c       0x4c c:/program files (x86)/atmel/atmel studio 6.0/extensions/atmel/avrgcc/3.4.1.95/avrtoolchain/bin/../lib/gcc/avr32/4.4.3/../../../../avr32/lib/ucr3fp\libc.a(lib_a-syscalls.o)
                                 0x50 (size before relaxing)
                0x8001135c                _fstat
 .text._sbrk    0x800113a8       0x3c c:/program files (x86)/atmel/atmel studio 6.0/extensions/atmel/avrgcc/3.4.1.95/avrtoolchain/bin/../lib/gcc/avr32/4.4.3/../../../../avr32/lib/ucr3fp\libc.a(lib_a-syscalls.o)
                                 0x40 (size before relaxing)
                0x800113a8                _sbrk
 .text._write_r
                0x800113e4       0x28 c:/program files (x86)/atmel/atmel studio 6.0/extensions/atmel/avrgcc/3.4.1.95/avrtoolchain/bin/../lib/gcc/avr32/4.4.3/../../../../avr32/lib/ucr3fp\libc.a(lib_a-writer.o)
                                 0x2c (size before relaxing)
                0x800113e4                _write_r
 .text._calloc_r
                0x8001140c       0x58 c:/program files (x86)/atmel/atmel studio 6.0/extensions/atmel/avrgcc/3.4.1.95/avrtoolchain/bin/../lib/gcc/avr32/4.4.3/../../../../avr32/lib/ucr3fp\libc.a(lib_a-callocr.o)
                                 0x60 (size before relaxing)
                0x8001140c                _calloc_r
 .text._close_r
                0x80011464       0x20 c:/program files (x86)/atmel/atmel studio 6.0/extensions/atmel/avrgcc/3.4.1.95/avrtoolchain/bin/../lib/gcc/avr32/4.4.3/../../../../avr32/lib/ucr3fp\libc.a(lib_a-closer.o)
                                 0x28 (size before relaxing)
                0x80011464                _close_r
 .text.__errno  0x80011484        0xc c:/program files (x86)/atmel/atmel studio 6.0/extensions/atmel/avrgcc/3.4.1.95/avrtoolchain/bin/../lib/gcc/avr32/4.4.3/../../../../avr32/lib/ucr3fp\libc.a(lib_a-errno.o)
                0x80011484                __errno
 .text._fclose_r
                0x80011490       0xbc c:/program files (x86)/atmel/atmel studio 6.0/extensions/atmel/avrgcc/3.4.1.95/avrtoolchain/bin/../lib/gcc/avr32/4.4.3/../../../../avr32/lib/ucr3fp\libc.a(lib_a-fclose.o)
                                 0xd0 (size before relaxing)
                0x80011490                _fclose_r
 .text.fclose   0x8001154c       0x10 c:/program files (x86)/atmel/atmel studio 6.0/extensions/atmel/avrgcc/3.4.1.95/avrtoolchain/bin/../lib/gcc/avr32/4.4.3/../../../../avr32/lib/ucr3fp\libc.a(lib_a-fclose.o)
                                 0x18 (size before relaxing)
                0x8001154c                fclose
 .text._fstat_r
                0x8001155c       0x24 c:/program files (x86)/atmel/atmel studio 6.0/extensions/atmel/avrgcc/3.4.1.95/avrtoolchain/bin/../lib/gcc/avr32/4.4.3/../../../../avr32/lib/ucr3fp\libc.a(lib_a-fstatr.o)
                                 0x2c (size before relaxing)
                0x8001155c                _fstat_r
 .text._lseek_r
                0x80011580       0x28 c:/program files (x86)/atmel/atmel studio 6.0/extensions/atmel/avrgcc/3.4.1.95/avrtoolchain/bin/../lib/gcc/avr32/4.4.3/../../../../avr32/lib/ucr3fp\libc.a(lib_a-lseekr.o)
                                 0x2c (size before relaxing)
                0x80011580                _lseek_r
 .text._read_r  0x800115a8       0x28 c:/program files (x86)/atmel/atmel studio 6.0/extensions/atmel/avrgcc/3.4.1.95/avrtoolchain/bin/../lib/gcc/avr32/4.4.3/../../../../avr32/lib/ucr3fp\libc.a(lib_a-readr.o)
                                 0x2c (size before relaxing)
                0x800115a8                _read_r
 .text          0x800115d0      0x1d4 c:/program files (x86)/atmel/atmel studio 6.0/extensions/atmel/avrgcc/3.4.1.95/avrtoolchain/bin/../lib/gcc/avr32/4.4.3/ucr3fp\libgcc.a(_avr32_f64_mul.o)
                0x800115d0                __avr32_f64_mul
 .text          0x800117a4      0x2a8 c:/program files (x86)/atmel/atmel studio 6.0/extensions/atmel/avrgcc/3.4.1.95/avrtoolchain/bin/../lib/gcc/avr32/4.4.3/ucr3fp\libgcc.a(_avr32_f64_addsub.o)
                0x800117a8                __avr32_f64_sub
                0x80011944                __avr32_f64_add
 .text          0x80011a4c       0x2a c:/program files (x86)/atmel/atmel studio 6.0/extensions/atmel/avrgcc/3.4.1.95/avrtoolchain/bin/../lib/gcc/avr32/4.4.3/ucr3fp\libgcc.a(_avr32_f64_to_s32.o)
                0x80011a4c                __avr32_f64_to_u32
                0x80011a50                __avr32_f64_to_s32
 .text          0x80011a76       0x26 c:/program files (x86)/atmel/atmel studio 6.0/extensions/atmel/avrgcc/3.4.1.95/avrtoolchain/bin/../lib/gcc/avr32/4.4.3/ucr3fp\libgcc.a(_avr32_f64_cmp_eq.o)
                0x80011a76                __avr32_f64_cmp_eq
 .text          0x80011a9c       0x68 c:/program files (x86)/atmel/atmel studio 6.0/extensions/atmel/avrgcc/3.4.1.95/avrtoolchain/bin/../lib/gcc/avr32/4.4.3/ucr3fp\libgcc.a(_avr32_f64_cmp_lt.o)
                0x80011a9c                __avr32_f64_cmp_lt
 .text          0x80011b04      0x318 c:/program files (x86)/atmel/atmel studio 6.0/extensions/atmel/avrgcc/3.4.1.95/avrtoolchain/bin/../lib/gcc/avr32/4.4.3/ucr3fp\libgcc.a(_avr32_f64_div.o)
                0x80011b04                __avr32_f64_div
 .text          0x80011e1c      0x292 c:/program files (x86)/atmel/atmel studio 6.0/extensions/atmel/avrgcc/3.4.1.95/avrtoolchain/bin/../lib/gcc/avr32/4.4.3/ucr3fp\libgcc.a(_udivdi3.o)
                0x80011e1c                __avr32_udiv64
                0x80011e1c                __udivdi3
 .text          0x800120ae      0x272 c:/program files (x86)/atmel/atmel studio 6.0/extensions/atmel/avrgcc/3.4.1.95/avrtoolchain/bin/../lib/gcc/avr32/4.4.3/ucr3fp\libgcc.a(_umoddi3.o)
                0x800120ae                __avr32_umod64
                0x800120ae                __umoddi3
 *(.text.*personality*)
 *(.gnu.warning)

.exception      0x80012400      0x200
 .exception     0x80012400      0x200 src/asf/avr32/drivers/intc/exception.o
                0x80012400                _evba
                0x80012504                _int0
                0x80012512                _int1
                0x80012520                _int2
                0x8001252e                _int3

.fini
 *(.fini)
                0x80012600                PROVIDE (__etext, .)
                0x80012600                PROVIDE (_etext, .)
                0x80012600                PROVIDE (etext, .)

.rodata         0x80012600     0x2190
 *(.rodata .rodata.* .gnu.linkonce.r.*)
 .rodata.SDRAMC_EBI_GPIO_MAP.14470
                0x80012600      0x128 src/asf/avr32/drivers/ebi/sdramc/sdramc.o
 .rodata.gpio_enable_module_pin
                0x80012728       0x20 src/asf/avr32/drivers/gpio/gpio.o
 .rodata._int_handler_table
                0x80012748      0x178 src/asf/avr32/drivers/intc/intc.o
 .rodata.const_FSI_LeadSig
                0x800128c0        0x4 src/asf/avr32/services/fs/fat/fat_unusual.o
                0x800128c0                const_FSI_LeadSig
 .rodata.fs_s_tab_incorrect_char
                0x800128c4        0x8 src/asf/avr32/services/fs/fat/fat_unusual.o
                0x800128c4                fs_s_tab_incorrect_char
 .rodata.fs_s_execption_char
                0x800128cc        0x8 src/asf/avr32/services/fs/fat/fat_unusual.o
                0x800128cc                fs_s_execption_char
 .rodata.const_FSI_StrucSig
                0x800128d4        0x4 src/asf/avr32/services/fs/fat/fat_unusual.o
                0x800128d4                const_FSI_StrucSig
 .rodata.DBG_USART_GPIO_MAP.14756
                0x800128d8       0x10 src/asf/avr32/utils/debug/print_funcs.o
 .rodata.HEX_DIGITS
                0x800128e8       0x10 src/asf/avr32/utils/debug/print_funcs.o
 .rodata.str1.4
                0x800128f8       0x9c src/asf/common/boards/user_board/init.o
 .rodata.lun_desc
                0x80012994       0x1c src/asf/common/services/storage/ctrl_access/ctrl_access.o
 .rodata.str1.4
                0x800129b0       0x17 src/asf/common/services/storage/ctrl_access/ctrl_access.o
                                 0x18 (size before relaxing)
 *fill*         0x800129c7        0x1 00
 .rodata.BMPHeader
                0x800129c8       0x10 src/CustomDevices/Bitmap.o
                0x800129c8                BMPHeader
 .rodata.DIBHead
                0x800129d8       0x7c src/CustomDevices/Bitmap.o
                0x800129d8                DIBHead
 .rodata.C.62.18294
                0x80012a54       0x14 src/CustomDevices/MotorDriver.o
 .rodata.ACIFA_GPIO_MAP.18300
                0x80012a68       0x20 src/CustomDevices/MotorDriver.o
 .rodata.str1.4
                0x80012a88       0x52 src/CustomDevices/MotorDriver.o
                                 0x54 (size before relaxing)
 *fill*         0x80012ada        0x2 00
 .rodata.str1.4
                0x80012adc       0x75 src/CustomDevices/OV7670.o
                                 0x78 (size before relaxing)
 .rodata.default_settings
                0x80012b51      0x14e src/CustomDevices/OV7670_Setup.o
                0x80012b51                default_settings
 *fill*         0x80012c9f        0x1 00
 .rodata.C.57.18281
                0x80012ca0       0x10 src/CustomDevices/SD_Card.o
 .rodata.SD_MMC_SPI_GPIO_MAP.18279
                0x80012cb0       0x20 src/CustomDevices/SD_Card.o
 .rodata.str1.4
                0x80012cd0      0x184 src/CustomDevices/SD_Card.o
                                0x198 (size before relaxing)
 .rodata.C.55.17628
                0x80012e54       0x10 src/CustomDevices/TWI.o
 .rodata.C.54.17627
                0x80012e64       0x10 src/CustomDevices/TWI.o
 .rodata.Debug_Mode
                0x80012e74      0x118 src/main.o
 .rodata.DefaultCommands
                0x80012f8c       0x68 src/main.o
                0x80012f8c                DefaultCommands
 .rodata.str1.4
                0x80012ff4     0x10fd src/main.o
                               0x1114 (size before relaxing)
 *fill*         0x800140f1        0x3 00
 .rodata.complex_abs_end_kernel_opti.15288
                0x800140f4       0x10 ../src/asf/avr32/utils/libs/dsplib/at32ucr3fp/gcc\libdsp-at32ucr3fp-dspspeed_opt.a(vect_dsp16_complex_abs.o)
 .rodata._ctype_
                0x80014104      0x104 c:/program files (x86)/atmel/atmel studio 6.0/extensions/atmel/avrgcc/3.4.1.95/avrtoolchain/bin/../lib/gcc/avr32/4.4.3/../../../../avr32/lib/ucr3fp\libc.a(lib_a-ctype_.o)
                0x80014104                _ctype_
 .rodata.str1.4
                0x80014208        0x2 c:/program files (x86)/atmel/atmel studio 6.0/extensions/atmel/avrgcc/3.4.1.95/avrtoolchain/bin/../lib/gcc/avr32/4.4.3/../../../../avr32/lib/ucr3fp\libc.a(lib_a-impure.o)
                                  0x4 (size before relaxing)
 *fill*         0x8001420a        0x2 00
 .rodata._global_impure_ptr
                0x8001420c        0x4 c:/program files (x86)/atmel/atmel studio 6.0/extensions/atmel/avrgcc/3.4.1.95/avrtoolchain/bin/../lib/gcc/avr32/4.4.3/../../../../avr32/lib/ucr3fp\libc.a(lib_a-impure.o)
                0x8001420c                _global_impure_ptr
 .rodata.get_arg
                0x80014210       0x3c c:/program files (x86)/atmel/atmel studio 6.0/extensions/atmel/avrgcc/3.4.1.95/avrtoolchain/bin/../lib/gcc/avr32/4.4.3/../../../../avr32/lib/ucr3fp\libc.a(lib_a-vfprintf.o)
 .rodata._vfprintf_r
                0x8001424c      0x164 c:/program files (x86)/atmel/atmel studio 6.0/extensions/atmel/avrgcc/3.4.1.95/avrtoolchain/bin/../lib/gcc/avr32/4.4.3/../../../../avr32/lib/ucr3fp\libc.a(lib_a-vfprintf.o)
 .rodata.state_table
                0x800143b0       0x6c c:/program files (x86)/atmel/atmel studio 6.0/extensions/atmel/avrgcc/3.4.1.95/avrtoolchain/bin/../lib/gcc/avr32/4.4.3/../../../../avr32/lib/ucr3fp\libc.a(lib_a-vfprintf.o)
 .rodata.action_table
                0x8001441c       0x6c c:/program files (x86)/atmel/atmel studio 6.0/extensions/atmel/avrgcc/3.4.1.95/avrtoolchain/bin/../lib/gcc/avr32/4.4.3/../../../../avr32/lib/ucr3fp\libc.a(lib_a-vfprintf.o)
 .rodata.str1.4
                0x80014488       0x3a c:/program files (x86)/atmel/atmel studio 6.0/extensions/atmel/avrgcc/3.4.1.95/avrtoolchain/bin/../lib/gcc/avr32/4.4.3/../../../../avr32/lib/ucr3fp\libc.a(lib_a-vfprintf.o)
                                 0x3c (size before relaxing)
 *fill*         0x800144c2        0x2 00
 .rodata.blanks.3430
                0x800144c4       0x10 c:/program files (x86)/atmel/atmel studio 6.0/extensions/atmel/avrgcc/3.4.1.95/avrtoolchain/bin/../lib/gcc/avr32/4.4.3/../../../../avr32/lib/ucr3fp\libc.a(lib_a-vfprintf.o)
 .rodata.zeroes.3431
                0x800144d4       0x10 c:/program files (x86)/atmel/atmel studio 6.0/extensions/atmel/avrgcc/3.4.1.95/avrtoolchain/bin/../lib/gcc/avr32/4.4.3/../../../../avr32/lib/ucr3fp\libc.a(lib_a-vfprintf.o)
 .rodata.chclass
                0x800144e4      0x100 c:/program files (x86)/atmel/atmel studio 6.0/extensions/atmel/avrgcc/3.4.1.95/avrtoolchain/bin/../lib/gcc/avr32/4.4.3/../../../../avr32/lib/ucr3fp\libc.a(lib_a-vfprintf.o)
 .rodata.str1.4
                0x800145e4       0x10 c:/program files (x86)/atmel/atmel studio 6.0/extensions/atmel/avrgcc/3.4.1.95/avrtoolchain/bin/../lib/gcc/avr32/4.4.3/../../../../avr32/lib/ucr3fp\libc.a(lib_a-dtoa.o)
                                 0x14 (size before relaxing)
 .rodata.__sf_fake_stdin
                0x800145f4       0x20 c:/program files (x86)/atmel/atmel studio 6.0/extensions/atmel/avrgcc/3.4.1.95/avrtoolchain/bin/../lib/gcc/avr32/4.4.3/../../../../avr32/lib/ucr3fp\libc.a(lib_a-findfp.o)
                0x800145f4                __sf_fake_stdin
 .rodata.__sf_fake_stdout
                0x80014614       0x20 c:/program files (x86)/atmel/atmel studio 6.0/extensions/atmel/avrgcc/3.4.1.95/avrtoolchain/bin/../lib/gcc/avr32/4.4.3/../../../../avr32/lib/ucr3fp\libc.a(lib_a-findfp.o)
                0x80014614                __sf_fake_stdout
 .rodata.__sf_fake_stderr
                0x80014634       0x20 c:/program files (x86)/atmel/atmel studio 6.0/extensions/atmel/avrgcc/3.4.1.95/avrtoolchain/bin/../lib/gcc/avr32/4.4.3/../../../../avr32/lib/ucr3fp\libc.a(lib_a-findfp.o)
                0x80014634                __sf_fake_stderr
 .rodata.lconv  0x80014654       0x30 c:/program files (x86)/atmel/atmel studio 6.0/extensions/atmel/avrgcc/3.4.1.95/avrtoolchain/bin/../lib/gcc/avr32/4.4.3/../../../../avr32/lib/ucr3fp\libc.a(lib_a-locale.o)
 .rodata.str1.4
                0x80014684       0x10 c:/program files (x86)/atmel/atmel studio 6.0/extensions/atmel/avrgcc/3.4.1.95/avrtoolchain/bin/../lib/gcc/avr32/4.4.3/../../../../avr32/lib/ucr3fp\libc.a(lib_a-locale.o)
                                 0x18 (size before relaxing)
 .rodata.p05.2471
                0x80014694        0xc c:/program files (x86)/atmel/atmel studio 6.0/extensions/atmel/avrgcc/3.4.1.95/avrtoolchain/bin/../lib/gcc/avr32/4.4.3/../../../../avr32/lib/ucr3fp\libc.a(lib_a-mprec.o)
 .rodata.__mprec_tens
                0x800146a0       0xc8 c:/program files (x86)/atmel/atmel studio 6.0/extensions/atmel/avrgcc/3.4.1.95/avrtoolchain/bin/../lib/gcc/avr32/4.4.3/../../../../avr32/lib/ucr3fp\libc.a(lib_a-mprec.o)
                0x800146a0                __mprec_tens
 .rodata.__mprec_bigtens
                0x80014768       0x28 c:/program files (x86)/atmel/atmel studio 6.0/extensions/atmel/avrgcc/3.4.1.95/avrtoolchain/bin/../lib/gcc/avr32/4.4.3/../../../../avr32/lib/ucr3fp\libc.a(lib_a-mprec.o)
                0x80014768                __mprec_bigtens

.rodata1
 *(.rodata1)

.eh_frame_hdr
 *(.eh_frame_hdr)

.eh_frame
 *(.eh_frame)

.gcc_except_table
 *(.gcc_except_table)
 *(.gcc_except_table.*)

.dalign         0x80014790        0x0
                0x80014790                . = ALIGN (0x8)
                0x80014790                PROVIDE (_data_lma, .)
                0x00000004                PROVIDE (_data, ORIGIN (CPUSRAM))
                0x00000004                . = ORIGIN (CPUSRAM)

.eh_frame
 *(.eh_frame)

.gcc_except_table
 *(.gcc_except_table)
 *(.gcc_except_table.*)

.tdata
 *(.tdata .tdata.* .gnu.linkonce.td.*)

.tbss
 *(.tbss .tbss.* .gnu.linkonce.tb.*)
 *(.tcommon)
                0x00000004                PROVIDE (__preinit_array_start, ALIGN (0x4))

.preinit_array
 *(.preinit_array)
                0x00000004                PROVIDE (__preinit_array_end, .)
                0x00000004                PROVIDE (__init_array_start, .)

.init_array
 *(.init_array)
                0x00000004                PROVIDE (__init_array_end, .)
                0x00000004                PROVIDE (__fini_array_start, .)

.fini_array
 *(.fini_array)
                0x00000004                PROVIDE (__fini_array_end, .)

.ctors
 *crtbegin*.o(.ctors)
 *(EXCLUDE_FILE(*crtend*.o) .ctors)
 *(SORT(.ctors.*))
 *(.ctors)

.dtors
 *crtbegin*.o(.dtors)
 *(EXCLUDE_FILE(*crtend*.o) .dtors)
 *(SORT(.dtors.*))
 *(.dtors)

.jcr
 *(.jcr)

.data.rel.ro
 *(.data.rel.ro.local)
 *(.data.rel.ro*)

.dynamic
 *(.dynamic)

.got
 *(.got.plt)
 *(.got)

.data           0x00000004     0x1118 load address 0x80014790
 *(.data .data.* .gnu.linkonce.d.*)
 .data.sd_mmc_spi_presence_status
                0x00000004        0x1 src/asf/avr32/components/memory/sd_mmc/sd_mmc_spi/sd_mmc_spi_mem.o
                0x00000004                sd_mmc_spi_presence_status
 *fill*         0x00000005        0x3 00
 .data.flashc_wait_until_ready
                0x00000008        0x4 src/asf/avr32/drivers/flashc/flashc.o
                0x00000008                flashc_wait_until_ready
 .data.AutoCommands
                0x0000000c        0x4 src/main.o
                0x0000000c                AutoCommands
 .data.dsp16_twiddle_factors2
                0x00000010      0x800 ../src/asf/avr32/utils/libs/dsplib/at32ucr3fp/gcc\libdsp-at32ucr3fp-dspspeed_opt.a(trans_dsp16_twiddle_factors.o)
                0x00000010                dsp16_twiddle_factors2
 .data.dsp16_twiddle_factors
                0x00000810      0x404 ../src/asf/avr32/utils/libs/dsplib/at32ucr3fp/gcc\libdsp-at32ucr3fp-dspspeed_opt.a(trans_dsp16_twiddle_factors.o)
                0x00000810                dsp16_twiddle_factors
 .data.__ctype_ptr
                0x00000c14        0x4 c:/program files (x86)/atmel/atmel studio 6.0/extensions/atmel/avrgcc/3.4.1.95/avrtoolchain/bin/../lib/gcc/avr32/4.4.3/../../../../avr32/lib/ucr3fp\libc.a(lib_a-ctype_.o)
                0x00000c14                __ctype_ptr
 .data.impure_data
                0x00000c18       0xf0 c:/program files (x86)/atmel/atmel studio 6.0/extensions/atmel/avrgcc/3.4.1.95/avrtoolchain/bin/../lib/gcc/avr32/4.4.3/../../../../avr32/lib/ucr3fp\libc.a(lib_a-impure.o)
 .data._impure_ptr
                0x00000d08        0x4 c:/program files (x86)/atmel/atmel studio 6.0/extensions/atmel/avrgcc/3.4.1.95/avrtoolchain/bin/../lib/gcc/avr32/4.4.3/../../../../avr32/lib/ucr3fp\libc.a(lib_a-impure.o)
                0x00000d08                _impure_ptr
 .data.__malloc_av_
                0x00000d0c      0x408 c:/program files (x86)/atmel/atmel studio 6.0/extensions/atmel/avrgcc/3.4.1.95/avrtoolchain/bin/../lib/gcc/avr32/4.4.3/../../../../avr32/lib/ucr3fp\libc.a(lib_a-mallocr.o)
                0x00000d0c                __malloc_av_
 .data.__malloc_trim_threshold
                0x00001114        0x4 c:/program files (x86)/atmel/atmel studio 6.0/extensions/atmel/avrgcc/3.4.1.95/avrtoolchain/bin/../lib/gcc/avr32/4.4.3/../../../../avr32/lib/ucr3fp\libc.a(lib_a-mallocr.o)
                0x00001114                __malloc_trim_threshold
 .data.__malloc_sbrk_base
                0x00001118        0x4 c:/program files (x86)/atmel/atmel studio 6.0/extensions/atmel/avrgcc/3.4.1.95/avrtoolchain/bin/../lib/gcc/avr32/4.4.3/../../../../avr32/lib/ucr3fp\libc.a(lib_a-mallocr.o)
                0x00001118                __malloc_sbrk_base
 *(.gnu.linkonce.d.*personality*)

.data1
 *(.data1)

.balign         0x0000111c        0x4 load address 0x800158a8
                0x00001120                . = ALIGN (0x8)
 *fill*         0x0000111c        0x4 00
                0x00001120                _edata = .
                0x00001120                _edata = .
                0x00001120                PROVIDE (edata, .)
                0x00001120                __bss_start = .

.bss            0x00001120      0x9e8 load address 0x800158a8
 *(.dynbss)
 *(.bss .bss.* .gnu.linkonce.b.*)
 .bss.gl_ptr_mem
                0x00001120        0x4 src/asf/avr32/components/memory/sd_mmc/sd_mmc_spi/sd_mmc_spi.o
 .bss.sd_mmc_opt
                0x00001124       0x10 src/asf/avr32/components/memory/sd_mmc/sd_mmc_spi/sd_mmc_spi.o
 .bss.sd_mmc_pba_hz
                0x00001134        0x4 src/asf/avr32/components/memory/sd_mmc/sd_mmc_spi/sd_mmc_spi.o
 .bss.sd_mmc_spi_init_done
                0x00001138        0x1 src/asf/avr32/components/memory/sd_mmc/sd_mmc_spi/sd_mmc_spi.o
                0x00001138                sd_mmc_spi_init_done
 *fill*         0x00001139        0x3 00
 .bss.flashc_error_status
                0x0000113c        0x4 src/asf/avr32/drivers/flashc/flashc.o
 .bss._int_line_handler_table_0
                0x00001140        0x4 src/asf/avr32/drivers/intc/intc.o
 .bss._int_line_handler_table_1
                0x00001144        0x8 src/asf/avr32/drivers/intc/intc.o
 .bss._int_line_handler_table_2
                0x0000114c        0x4 src/asf/avr32/drivers/intc/intc.o
 .bss._int_line_handler_table_3
                0x00001150       0x10 src/asf/avr32/drivers/intc/intc.o
 .bss._int_line_handler_table_4
                0x00001160       0x10 src/asf/avr32/drivers/intc/intc.o
 .bss._int_line_handler_table_5
                0x00001170       0x10 src/asf/avr32/drivers/intc/intc.o
 .bss._int_line_handler_table_6
                0x00001180       0x10 src/asf/avr32/drivers/intc/intc.o
 .bss._int_line_handler_table_7
                0x00001190        0x4 src/asf/avr32/drivers/intc/intc.o
 .bss._int_line_handler_table_8
                0x00001194        0x4 src/asf/avr32/drivers/intc/intc.o
 .bss._int_line_handler_table_9
                0x00001198       0x28 src/asf/avr32/drivers/intc/intc.o
 .bss._int_line_handler_table_10
                0x000011c0        0x4 src/asf/avr32/drivers/intc/intc.o
 .bss._int_line_handler_table_11
                0x000011c4        0x4 src/asf/avr32/drivers/intc/intc.o
 .bss._int_line_handler_table_12
                0x000011c8        0x4 src/asf/avr32/drivers/intc/intc.o
 .bss._int_line_handler_table_13
                0x000011cc        0x4 src/asf/avr32/drivers/intc/intc.o
 .bss._int_line_handler_table_14
                0x000011d0       0x14 src/asf/avr32/drivers/intc/intc.o
 .bss._int_line_handler_table_15
                0x000011e4       0x10 src/asf/avr32/drivers/intc/intc.o
 .bss._int_line_handler_table_16
                0x000011f4       0x10 src/asf/avr32/drivers/intc/intc.o
 .bss._int_line_handler_table_17
                0x00001204        0x4 src/asf/avr32/drivers/intc/intc.o
 .bss._int_line_handler_table_18
                0x00001208       0x40 src/asf/avr32/drivers/intc/intc.o
 .bss._int_line_handler_table_19
                0x00001248        0x4 src/asf/avr32/drivers/intc/intc.o
 .bss._int_line_handler_table_33
                0x0000124c        0xc src/asf/avr32/drivers/intc/intc.o
 .bss._int_line_handler_table_34
                0x00001258        0xc src/asf/avr32/drivers/intc/intc.o
 .bss._int_line_handler_table_35
                0x00001264        0x8 src/asf/avr32/drivers/intc/intc.o
 .bss._int_line_handler_table_36
                0x0000126c       0x18 src/asf/avr32/drivers/intc/intc.o
 .bss._int_line_handler_table_37
                0x00001284        0x4 src/asf/avr32/drivers/intc/intc.o
 .bss._int_line_handler_table_38
                0x00001288        0x4 src/asf/avr32/drivers/intc/intc.o
 .bss._int_line_handler_table_39
                0x0000128c       0x18 src/asf/avr32/drivers/intc/intc.o
 .bss._int_line_handler_table_40
                0x000012a4       0x18 src/asf/avr32/drivers/intc/intc.o
 .bss._int_line_handler_table_29
                0x000012bc        0x4 src/asf/avr32/drivers/intc/intc.o
 .bss._int_line_handler_table_30
                0x000012c0        0x4 src/asf/avr32/drivers/intc/intc.o
 .bss._int_line_handler_table_31
                0x000012c4        0x4 src/asf/avr32/drivers/intc/intc.o
 .bss._int_line_handler_table_41
                0x000012c8        0x4 src/asf/avr32/drivers/intc/intc.o
 .bss._int_line_handler_table_32
                0x000012cc        0x4 src/asf/avr32/drivers/intc/intc.o
 .bss._int_line_handler_table_45
                0x000012d0        0x4 src/asf/avr32/drivers/intc/intc.o
 .bss._int_line_handler_table_20
                0x000012d4        0x4 src/asf/avr32/drivers/intc/intc.o
 .bss._int_line_handler_table_21
                0x000012d8        0x4 src/asf/avr32/drivers/intc/intc.o
 .bss._int_line_handler_table_22
                0x000012dc        0x4 src/asf/avr32/drivers/intc/intc.o
 .bss._int_line_handler_table_23
                0x000012e0        0x4 src/asf/avr32/drivers/intc/intc.o
 .bss._int_line_handler_table_24
                0x000012e4        0x4 src/asf/avr32/drivers/intc/intc.o
 .bss._int_line_handler_table_25
                0x000012e8        0x4 src/asf/avr32/drivers/intc/intc.o
 .bss._int_line_handler_table_26
                0x000012ec        0x4 src/asf/avr32/drivers/intc/intc.o
 .bss._int_line_handler_table_27
                0x000012f0        0x4 src/asf/avr32/drivers/intc/intc.o
 .bss._int_line_handler_table_28
                0x000012f4        0x4 src/asf/avr32/drivers/intc/intc.o
 .bss._int_line_handler_table_42
                0x000012f8        0x4 src/asf/avr32/drivers/intc/intc.o
 .bss._int_line_handler_table_43
                0x000012fc        0x4 src/asf/avr32/drivers/intc/intc.o
 .bss._int_line_handler_table_44
                0x00001300        0x4 src/asf/avr32/drivers/intc/intc.o
 .bss._int_line_handler_table_46
                0x00001304        0x4 src/asf/avr32/drivers/intc/intc.o
 .bss.twim_inst
                0x00001308        0x4 src/asf/avr32/drivers/twim/twim.o
 .bss.twim_rx_data
                0x0000130c        0x4 src/asf/avr32/drivers/twim/twim.o
 .bss.twim_rx_nb_bytes
                0x00001310        0x4 src/asf/avr32/drivers/twim/twim.o
 .bss.transfer_status
                0x00001314        0x4 src/asf/avr32/drivers/twim/twim.o
 .bss.twim_tx_data
                0x00001318        0x4 src/asf/avr32/drivers/twim/twim.o
 .bss.twim_it_mask
                0x0000131c        0x4 src/asf/avr32/drivers/twim/twim.o
 .bss.twim_next
                0x00001320        0x1 src/asf/avr32/drivers/twim/twim.o
 *fill*         0x00001321        0x3 00
 .bss.twim_package
                0x00001324        0x4 src/asf/avr32/drivers/twim/twim.o
 .bss.twim_tx_nb_bytes
                0x00001328        0x4 src/asf/avr32/drivers/twim/twim.o
 .bss._gm_      0x0000132c      0x1c8 src/asf/thirdparty/dlmalloc/dlmalloc.o
 .bss.mparams   0x000014f4       0x18 src/asf/thirdparty/dlmalloc/dlmalloc.o
 .bss.cur_heap_pos
                0x0000150c        0x4 src/asf/thirdparty/dlmalloc/dlsbrk.o
 .bss.__malloc_max_total_mem
                0x00001510        0x4 c:/program files (x86)/atmel/atmel studio 6.0/extensions/atmel/avrgcc/3.4.1.95/avrtoolchain/bin/../lib/gcc/avr32/4.4.3/../../../../avr32/lib/ucr3fp\libc.a(lib_a-mallocr.o)
                0x00001510                __malloc_max_total_mem
 .bss.__malloc_max_sbrked_mem
                0x00001514        0x4 c:/program files (x86)/atmel/atmel studio 6.0/extensions/atmel/avrgcc/3.4.1.95/avrtoolchain/bin/../lib/gcc/avr32/4.4.3/../../../../avr32/lib/ucr3fp\libc.a(lib_a-mallocr.o)
                0x00001514                __malloc_max_sbrked_mem
 .bss.__malloc_top_pad
                0x00001518        0x4 c:/program files (x86)/atmel/atmel studio 6.0/extensions/atmel/avrgcc/3.4.1.95/avrtoolchain/bin/../lib/gcc/avr32/4.4.3/../../../../avr32/lib/ucr3fp\libc.a(lib_a-mallocr.o)
                0x00001518                __malloc_top_pad
 .bss.__malloc_current_mallinfo
                0x0000151c       0x28 c:/program files (x86)/atmel/atmel studio 6.0/extensions/atmel/avrgcc/3.4.1.95/avrtoolchain/bin/../lib/gcc/avr32/4.4.3/../../../../avr32/lib/ucr3fp\libc.a(lib_a-mallocr.o)
                0x0000151c                __malloc_current_mallinfo
 .bss.cur_heap_pos.1869
                0x00001544        0x4 c:/program files (x86)/atmel/atmel studio 6.0/extensions/atmel/avrgcc/3.4.1.95/avrtoolchain/bin/../lib/gcc/avr32/4.4.3/../../../../avr32/lib/ucr3fp\libc.a(lib_a-syscalls.o)
 *(COMMON)