Archive member included because of file (symbol)

../src/asf/avr32/utils/libs/dsplib/at32ucr3fp/gcc\libdsp-at32ucr3fp-dspspeed_opt.a(vect_dsp16_complex_abs.o)
                              src/CustomDevices/ImageProcessor.o (dsp16_vect_complex_abs)
../src/asf/avr32/utils/libs/dsplib/at32ucr3fp/gcc\libdsp-at32ucr3fp-dspspeed_opt.a(op_dsp16_sqrt_at32uc.o)
                              ../src/asf/avr32/utils/libs/dsplib/at32ucr3fp/gcc\libdsp-at32ucr3fp-dspspeed_opt.a(vect_dsp16_complex_abs.o) (dsp16_op_sqrt)
../src/asf/avr32/utils/libs/dsplib/at32ucr3fp/gcc\libdsp-at32ucr3fp-dspspeed_opt.a(trans_dsp16_complex_fft_at32uc.o)
                              src/CustomDevices/ImageProcessor.o (dsp16_trans_complexfft)
../src/asf/avr32/utils/libs/dsplib/at32ucr3fp/gcc\libdsp-at32ucr3fp-dspspeed_opt.a(trans_dsp16_complex_ifft_at32uc.o)
                              src/CustomDevices/ImageProcessor.o (dsp16_trans_complexifft)
../src/asf/avr32/utils/libs/dsplib/at32ucr3fp/gcc\libdsp-at32ucr3fp-dspspeed_opt.a(trans_dsp16_real_complex_fft_at32uc.o)
                              src/CustomDevices/ImageProcessor.o (dsp16_trans_realcomplexfft)
../src/asf/avr32/utils/libs/dsplib/at32ucr3fp/gcc\libdsp-at32ucr3fp-dspspeed_opt.a(vect_dsp16_complex_conj_at32uc.o)
                              ../src/asf/avr32/utils/libs/dsplib/at32ucr3fp/gcc\libdsp-at32ucr3fp-dspspeed_opt.a(trans_dsp16_complex_ifft_at32uc.o) (dsp16_vect_complex_conj)
../src/asf/avr32/utils/libs/dsplib/at32ucr3fp/gcc\libdsp-at32ucr3fp-dspspeed_opt.a(trans_dsp16_twiddle_factors.o)
                              ../src/asf/avr32/utils/libs/dsplib/at32ucr3fp/gcc\libdsp-at32ucr3fp-dspspeed_opt.a(trans_dsp16_complex_fft_at32uc.o) (dsp16_twiddle_factors)
c:/program files (x86)/atmel/atmel studio 6.0/extensions/atmel/avrgcc/3.4.1.95/avrtoolchain/bin/../lib/gcc/avr32/4.4.3/ucr3fp\libgcc.a(_avr32_s32_to_f64.o)
                              src/main.o (__avr32_s32_to_f64)
c:/program files (x86)/atmel/atmel studio 6.0/extensions/atmel/avrgcc/3.4.1.95/avrtoolchain/bin/../lib/gcc/avr32/4.4.3/ucr3fp\libgcc.a(_avr32_f64_cmp_ge.o)
                              src/main.o (__avr32_f64_cmp_ge)
c:/program files (x86)/atmel/atmel studio 6.0/extensions/atmel/avrgcc/3.4.1.95/avrtoolchain/bin/../lib/gcc/avr32/4.4.3/../../../../avr32/lib/ucr3fp\libc.a(lib_a-atoi.o)
                              src/CustomDevices/SD_Card.o (atoi)
c:/program files (x86)/atmel/atmel studio 6.0/extensions/atmel/avrgcc/3.4.1.95/avrtoolchain/bin/../lib/gcc/avr32/4.4.3/../../../../avr32/lib/ucr3fp\libc.a(lib_a-ctype_.o)
                              src/asf/avr32/services/fs/fat/navigation.o (__ctype_ptr)
c:/program files (x86)/atmel/atmel studio 6.0/extensions/atmel/avrgcc/3.4.1.95/avrtoolchain/bin/../lib/gcc/avr32/4.4.3/../../../../avr32/lib/ucr3fp\libc.a(lib_a-fprintf.o)
                              src/asf/thirdparty/dlmalloc/dlmalloc.o (fprintf)
c:/program files (x86)/atmel/atmel studio 6.0/extensions/atmel/avrgcc/3.4.1.95/avrtoolchain/bin/../lib/gcc/avr32/4.4.3/../../../../avr32/lib/ucr3fp\libc.a(lib_a-impure.o)
                              src/asf/thirdparty/dlmalloc/dlmalloc.o (_impure_ptr)
c:/program files (x86)/atmel/atmel studio 6.0/extensions/atmel/avrgcc/3.4.1.95/avrtoolchain/bin/../lib/gcc/avr32/4.4.3/../../../../avr32/lib/ucr3fp\libc.a(lib_a-memcmp.o)
                              src/asf/avr32/services/fs/fat/fat_unusual.o (memcmp)
c:/program files (x86)/atmel/atmel studio 6.0/extensions/atmel/avrgcc/3.4.1.95/avrtoolchain/bin/../lib/gcc/avr32/4.4.3/../../../../avr32/lib/ucr3fp\libc.a(lib_a-memcpy.o)
                              src/asf/avr32/drivers/flashc/flashc.o (memcpy)
c:/program files (x86)/atmel/atmel studio 6.0/extensions/atmel/avrgcc/3.4.1.95/avrtoolchain/bin/../lib/gcc/avr32/4.4.3/../../../../avr32/lib/ucr3fp\libc.a(lib_a-memset.o)
                              src/asf/avr32/services/fs/fat/fat.o (memset)
c:/program files (x86)/atmel/atmel studio 6.0/extensions/atmel/avrgcc/3.4.1.95/avrtoolchain/bin/../lib/gcc/avr32/4.4.3/../../../../avr32/lib/ucr3fp\libc.a(lib_a-sprintf.o)
                              src/CustomDevices/OV7670.o (sprintf)
c:/program files (x86)/atmel/atmel studio 6.0/extensions/atmel/avrgcc/3.4.1.95/avrtoolchain/bin/../lib/gcc/avr32/4.4.3/../../../../avr32/lib/ucr3fp\libc.a(lib_a-strtol.o)
                              c:/program files (x86)/atmel/atmel studio 6.0/extensions/atmel/avrgcc/3.4.1.95/avrtoolchain/bin/../lib/gcc/avr32/4.4.3/../../../../avr32/lib/ucr3fp\libc.a(lib_a-atoi.o) (_strtol_r)
c:/program files (x86)/atmel/atmel studio 6.0/extensions/atmel/avrgcc/3.4.1.95/avrtoolchain/bin/../lib/gcc/avr32/4.4.3/../../../../avr32/lib/ucr3fp\libc.a(lib_a-vfprintf.o)
                              c:/program files (x86)/atmel/atmel studio 6.0/extensions/atmel/avrgcc/3.4.1.95/avrtoolchain/bin/../lib/gcc/avr32/4.4.3/../../../../avr32/lib/ucr3fp\libc.a(lib_a-fprintf.o) (_vfprintf_r)
[...]
Memory Configuration

Name             Origin             Length             Attributes
FLASH            0x80000000         0x00080000         axrl !w
CPUSRAM          0x00000004         0x0000fffc         axw !rl
USERPAGE         0x80800000         0x00000200
FACTORYPAGE      0x80800200         0x00000200
FLASHVAULT_FLASH_SIZE 0x80800400         0x00000008         r
FLASHVAULT_RAM_SIZE 0x80800408         0x00000008         r
*default*        0x00000000         0xffffffff

Linker script and memory map

                0x00001000                _stack_size = 0x1000
LOAD src/asf/avr32/components/memory/sd_mmc/sd_mmc_spi/sd_mmc_spi.o
LOAD src/asf/avr32/components/memory/sd_mmc/sd_mmc_spi/sd_mmc_spi_mem.o
LOAD src/asf/avr32/drivers/acifa/acifa.o
LOAD src/asf/avr32/drivers/ebi/sdramc/sdramc.o
LOAD src/asf/avr32/drivers/eic/eic.o
LOAD src/asf/avr32/drivers/flashc/flashc.o
LOAD src/asf/avr32/drivers/gpio/gpio.o
LOAD src/asf/avr32/drivers/intc/exception.o
LOAD src/asf/avr32/drivers/intc/intc.o
LOAD src/asf/avr32/drivers/pdca/pdca.o
LOAD src/asf/avr32/drivers/pm/pm_uc3c.o
LOAD src/asf/avr32/drivers/pm/power_clocks_lib.o
LOAD src/asf/avr32/drivers/pwm/pwm4.o
LOAD src/asf/avr32/drivers/scif/scif_uc3c.o
LOAD src/asf/avr32/drivers/spi/spi.o
LOAD src/asf/avr32/drivers/twim/twim.o
LOAD src/asf/avr32/drivers/usart/usart.o
LOAD src/asf/avr32/services/fs/fat/fat.o
LOAD src/asf/avr32/services/fs/fat/fat_unusual.o
LOAD src/asf/avr32/services/fs/fat/file.o
LOAD src/asf/avr32/services/fs/fat/navigation.o
LOAD src/asf/avr32/utils/debug/print_funcs.o
LOAD src/asf/avr32/utils/startup/startup_uc3.o
LOAD src/asf/avr32/utils/startup/trampoline_uc3.o
LOAD src/asf/common/boards/user_board/init.o
LOAD src/asf/common/services/clock/uc3c/osc.o
LOAD src/asf/common/services/clock/uc3c/pll.o
LOAD src/asf/common/services/clock/uc3c/sysclk.o
LOAD src/asf/common/services/storage/ctrl_access/ctrl_access.o
LOAD src/asf/thirdparty/dlmalloc/dlmalloc.o
LOAD src/asf/thirdparty/dlmalloc/dlsbrk.o
LOAD src/CustomDevices/Bitmap.o
LOAD src/CustomDevices/ImageProcessor.o
LOAD src/CustomDevices/MotorDriver.o
LOAD src/CustomDevices/OV7670.o
LOAD src/CustomDevices/OV7670_Setup.o
LOAD src/CustomDevices/PCA9542A.o
LOAD src/CustomDevices/SD_Card.o
LOAD src/CustomDevices/TWI.o
LOAD src/main.o
START GROUP
LOAD ../src/asf/avr32/utils/libs/dsplib/at32ucr3fp/gcc\libdsp-at32ucr3fp-dspspeed_opt.a
END GROUP
LOAD c:/program files (x86)/atmel/atmel studio 6.0/extensions/atmel/avrgcc/3.4.1.95/avrtoolchain/bin/../lib/gcc/avr32/4.4.3/ucr3fp\libgcc.a
LOAD c:/program files (x86)/atmel/atmel studio 6.0/extensions/atmel/avrgcc/3.4.1.95/avrtoolchain/bin/../lib/gcc/avr32/4.4.3/../../../../avr32/lib/ucr3fp\libc.a
LOAD c:/program files (x86)/atmel/atmel studio 6.0/extensions/atmel/avrgcc/3.4.1.95/avrtoolchain/bin/../lib/gcc/avr32/4.4.3/ucr3fp\libgcc.a
                0x80000000                PROVIDE (__executable_start, 0x80000000)
                0x80000000                . = 0x80000000

.interp
 *(.interp)

.reset          0x80000000     0x2004
 *(.reset)
 .reset         0x80000000     0x2004 src/asf/avr32/utils/startup/trampoline_uc3.o
                               0x2008 (size before relaxing)
                0x80000000                _trampoline

.hash
 *(.hash)

.dynsym
 *(.dynsym)

.dynstr
 *(.dynstr)

.gnu.version
 *(.gnu.version)

.gnu.version_d
 *(.gnu.version_d)

.gnu.version_r
 *(.gnu.version_r)

.rel.init
 *(.rel.init)

.rela.init
 *(.rela.init)

.rel.text
 *(.rel.text .rel.text.* .rel.gnu.linkonce.t.*)

.rela.text
 *(.rela.text .rela.text.* .rela.gnu.linkonce.t.*)

.rel.fini
 *(.rel.fini)

.rela.fini
 *(.rela.fini)

.rel.rodata
 *(.rel.rodata .rel.rodata.* .rel.gnu.linkonce.r.*)

.rela.rodata
 *(.rela.rodata .rela.rodata.* .rela.gnu.linkonce.r.*)

.rel.data.rel.ro
 *(.rel.data.rel.ro*)

.rela.data.rel.ro
 *(.rel.data.rel.ro*)

.rel.data
 *(.rel.data .rel.data.* .rel.gnu.linkonce.d.*)

.rela.data
 *(.rela.data .rela.data.* .rela.gnu.linkonce.d.*)

.rel.tdata
 *(.rel.tdata .rel.tdata.* .rel.gnu.linkonce.td.*)

.rela.tdata
 *(.rela.tdata .rela.tdata.* .rela.gnu.linkonce.td.*)

.rel.tbss
 *(.rel.tbss .rel.tbss.* .rel.gnu.linkonce.tb.*)

.rela.tbss
 *(.rela.tbss .rela.tbss.* .rela.gnu.linkonce.tb.*)

.rel.ctors
 *(.rel.ctors)

.rela.ctors
 *(.rela.ctors)

.rel.dtors
 *(.rel.dtors)

.rela.dtors
 *(.rela.dtors)

.rel.got
 *(.rel.got)

.rela.got       0x80002004        0x0
 *(.rela.got)
 .rela.got      0x80002004        0x0 src/asf/avr32/drivers/flashc/flashc.o

.rel.bss
 *(.rel.bss .rel.bss.* .rel.gnu.linkonce.b.*)

.rela.bss
 *(.rela.bss .rela.bss.* .rela.gnu.linkonce.b.*)

.rel.plt
 *(.rel.plt)

.rela.plt
 *(.rela.plt)

.init
 *(.init)

.plt
 *(.plt)

.text           0x80002004    0x1020c
 *(.text .stub .text.* .gnu.linkonce.t.*)
 .text.sd_mmc_spi_get_capacity
                0x80002004      0x11c src/asf/avr32/components/memory/sd_mmc/sd_mmc_spi/sd_mmc_spi.o
                0x80002004                sd_mmc_spi_get_capacity
 .text.sd_mmc_spi_write_close
                0x80002120        0x2 src/asf/avr32/components/memory/sd_mmc/sd_mmc_spi/sd_mmc_spi.o
                0x80002120                sd_mmc_spi_write_close
 *fill*         0x80002122        0x2 d703d703
 .text.sd_mmc_spi_send_and_read
                0x80002124       0x34 src/asf/avr32/components/memory/sd_mmc/sd_mmc_spi/sd_mmc_spi.o
                0x80002124                sd_mmc_spi_send_and_read
 .text.sd_mmc_spi_wait_not_busy
                0x80002158       0x58 src/asf/avr32/components/memory/sd_mmc/sd_mmc_spi/sd_mmc_spi.o
                0x80002158                sd_mmc_spi_wait_not_busy
 .text.sd_mmc_spi_write_open
                0x800021b0       0x18 src/asf/avr32/components/memory/sd_mmc/sd_mmc_spi/sd_mmc_spi.o
                0x800021b0                sd_mmc_spi_write_open
 .text.sd_mmc_spi_read_close
                0x800021c8        0xc src/asf/avr32/components/memory/sd_mmc/sd_mmc_spi/sd_mmc_spi.o
                0x800021c8                sd_mmc_spi_read_close
 .text.sd_mmc_spi_read_open
                0x800021d4       0x18 src/asf/avr32/components/memory/sd_mmc/sd_mmc_spi/sd_mmc_spi.o
                0x800021d4                sd_mmc_spi_read_open
 .text.sd_mmc_spi_command
                0x800021ec       0xc8 src/asf/avr32/components/memory/sd_mmc/sd_mmc_spi/sd_mmc_spi.o
                0x800021ec                sd_mmc_spi_command
 .text.sd_mmc_spi_send_command
                0x800022b4       0x40 src/asf/avr32/components/memory/sd_mmc/sd_mmc_spi/sd_mmc_spi.o
                0x800022b4                sd_mmc_spi_send_command
 .text.sd_mmc_spi_check_presence
                0x800022f4       0x7c src/asf/avr32/components/memory/sd_mmc/sd_mmc_spi/sd_mmc_spi.o
                0x800022f4                sd_mmc_spi_check_presence
 .text.sd_mmc_spi_write_sector_from_ram
                0x80002370      0x14c src/asf/avr32/components/memory/sd_mmc/sd_mmc_spi/sd_mmc_spi.o
                0x80002370                sd_mmc_spi_write_sector_from_ram
 .text.sd_mmc_spi_check_hc
                0x800024bc       0x8c src/asf/avr32/components/memory/sd_mmc/sd_mmc_spi/sd_mmc_spi.o
                0x800024bc                sd_mmc_spi_check_hc
 .text.sd_mmc_spi_get_if
                0x80002548       0xb8 src/asf/avr32/components/memory/sd_mmc/sd_mmc_spi/sd_mmc_spi.o
                0x80002548                sd_mmc_spi_get_if
 .text.sd_mmc_spi_read_sector_to_ram
                0x80002600      0x150 src/asf/avr32/components/memory/sd_mmc/sd_mmc_spi/sd_mmc_spi.o
                0x80002600                sd_mmc_spi_read_sector_to_ram
 .text.sd_mmc_spi_get_csd
                0x80002750       0xf4 src/asf/avr32/components/memory/sd_mmc/sd_mmc_spi/sd_mmc_spi.o
                0x80002750                sd_mmc_spi_get_csd
 .text.sd_mmc_spi_internal_init
                0x80002844      0x2a4 src/asf/avr32/components/memory/sd_mmc/sd_mmc_spi/sd_mmc_spi.o
                0x80002844                sd_mmc_spi_internal_init
 .text.sd_mmc_spi_mem_check
                0x80002ae8       0x28 src/asf/avr32/components/memory/sd_mmc/sd_mmc_spi/sd_mmc_spi.o
                0x80002ae8                sd_mmc_spi_mem_check
 .text.sd_mmc_spi_init
                0x80002b10       0x34 src/asf/avr32/components/memory/sd_mmc/sd_mmc_spi/sd_mmc_spi.o
                0x80002b10                sd_mmc_spi_init
 .text.sd_mmc_spi_wr_protect
                0x80002b44        0x2 src/asf/avr32/components/memory/sd_mmc/sd_mmc_spi/sd_mmc_spi_mem.o
                0x80002b44                sd_mmc_spi_wr_protect
 .text.sd_mmc_spi_removal
                0x80002b46        0x2 src/asf/avr32/components/memory/sd_mmc/sd_mmc_spi/sd_mmc_spi_mem.o
                0x80002b46                sd_mmc_spi_removal
 .text.sd_mmc_spi_test_unit_ready
                0x80002b48       0x6c src/asf/avr32/components/memory/sd_mmc/sd_mmc_spi/sd_mmc_spi_mem.o
                0x80002b48                sd_mmc_spi_test_unit_ready
 .text.sd_mmc_spi_mem_init
                0x80002bb4        0xc src/asf/avr32/components/memory/sd_mmc/sd_mmc_spi/sd_mmc_spi_mem.o
                0x80002bb4                sd_mmc_spi_mem_init
 .text.sd_mmc_spi_ram_2_mem
                0x80002bc0       0x68 src/asf/avr32/components/memory/sd_mmc/sd_mmc_spi/sd_mmc_spi_mem.o
                0x80002bc0                sd_mmc_spi_ram_2_mem
 .text.sd_mmc_spi_mem_2_ram
                0x80002c28       0x68 src/asf/avr32/components/memory/sd_mmc/sd_mmc_spi/sd_mmc_spi_mem.o
                0x80002c28                sd_mmc_spi_mem_2_ram
 .text.sd_mmc_spi_read_capacity
                0x80002c90       0x40 src/asf/avr32/components/memory/sd_mmc/sd_mmc_spi/sd_mmc_spi_mem.o
                0x80002c90                sd_mmc_spi_read_capacity
 .text.acifa_is_aca_ready
                0x80002cd0        0x8 src/asf/avr32/drivers/acifa/acifa.o
 .text.acifa_is_acb_ready
                0x80002cd8        0x8 src/asf/avr32/drivers/acifa/acifa.o
 .text.acifa_configure
                0x80002ce0       0x44 src/asf/avr32/drivers/acifa/acifa.o
                0x80002ce0                acifa_configure
 .text.acifa_configure_hysteresis
                0x80002d24       0x24 src/asf/avr32/drivers/acifa/acifa.o
                0x80002d24                acifa_configure_hysteresis
 .text.acifa_start
                0x80002d48       0x58 src/asf/avr32/drivers/acifa/acifa.o
                0x80002d48                acifa_start
 .text.acifa_is_aca_inp_higher
                0x80002da0        0x8 src/asf/avr32/drivers/acifa/acifa.o
                0x80002da0                acifa_is_aca_inp_higher
 .text.acifa_is_acb_inp_higher
                0x80002da8        0x8 src/asf/avr32/drivers/acifa/acifa.o
                0x80002da8                acifa_is_acb_inp_higher
 .text.acifa_clear_flags
                0x80002db0        0x6 src/asf/avr32/drivers/acifa/acifa.o
                0x80002db0                acifa_clear_flags
 .text.acifa_enable_interrupt_inp_lower
                0x80002db6       0x28 src/asf/avr32/drivers/acifa/acifa.o
                0x80002db6                acifa_enable_interrupt_inp_lower
 .text.sdramc_ck_delay
                0x80002dde       0x22 src/asf/avr32/drivers/ebi/sdramc/sdramc.o
 .text.sdramc_init
                0x80002e00      0x14c src/asf/avr32/drivers/ebi/sdramc/sdramc.o
                0x80002e00                sdramc_init
 .text.eic_init
                0x80002f4c       0xd0 src/asf/avr32/drivers/eic/eic.o
                0x80002f4c                eic_init
 .text.eic_enable_line
                0x8000301c        0xa src/asf/avr32/drivers/eic/eic.o
                0x8000301c                eic_enable_line
 .text.eic_enable_interrupt_line
                0x80003026        0xa src/asf/avr32/drivers/eic/eic.o
                0x80003026                eic_enable_interrupt_line
 .text.eic_clear_interrupt_line
                0x80003030       0x16 src/asf/avr32/drivers/eic/eic.o
                0x80003030                eic_clear_interrupt_line
 .text.eic_disable_interrupt_line
                0x80003046       0x16 src/asf/avr32/drivers/eic/eic.o
                0x80003046                eic_disable_interrupt_line
 .text.flashc_set_wait_state
                0x8000305c        0xe src/asf/avr32/drivers/flashc/flashc.o
                0x8000305c                flashc_set_wait_state
 .text.flashc_is_ready
                0x8000306a        0xc src/asf/avr32/drivers/flashc/flashc.o
                0x8000306a                flashc_is_ready
 *fill*         0x80003076        0x2 d703d703
 .text.flashc_default_wait_until_ready
                0x80003078       0x10 src/asf/avr32/drivers/flashc/flashc.o
                0x80003078                flashc_default_wait_until_ready
 .text.flashc_issue_command
                0x80003088       0x48 src/asf/avr32/drivers/flashc/flashc.o
                0x80003088                flashc_issue_command
 .text.flashc_set_flash_waitstate_and_readmode
                0x800030d0       0x5c src/asf/avr32/drivers/flashc/flashc.o
                0x800030d0                flashc_set_flash_waitstate_and_readmode
 .text.gpio_enable_module_pin
                0x8000312c       0x94 src/asf/avr32/drivers/gpio/gpio.o
                0x8000312c                gpio_enable_module_pin
 .text.gpio_enable_module
                0x800031c0       0x30 src/asf/avr32/drivers/gpio/gpio.o
                0x800031c0                gpio_enable_module
 .text.gpio_enable_pin_pull_up
                0x800031f0       0x1a src/asf/avr32/drivers/gpio/gpio.o
                0x800031f0                gpio_enable_pin_pull_up
 .text.gpio_set_gpio_pin
                0x8000320a       0x1c src/asf/avr32/drivers/gpio/gpio.o
                0x8000320a                gpio_set_gpio_pin
 .text.gpio_clr_gpio_pin
                0x80003226       0x1c src/asf/avr32/drivers/gpio/gpio.o
                0x80003226                gpio_clr_gpio_pin
 .text._unhandled_interrupt
                0x80003242        0x2 src/asf/avr32/drivers/intc/intc.o
 .text.INTC_register_interrupt
                0x80003244       0x80 src/asf/avr32/drivers/intc/intc.o
                0x80003244                INTC_register_interrupt
 .text.INTC_init_interrupts
                0x800032c4       0x54 src/asf/avr32/drivers/intc/intc.o
                0x800032c4                INTC_init_interrupts
 .text._get_interrupt_handler
                0x80003318       0x38 src/asf/avr32/drivers/intc/intc.o
                0x80003318                _get_interrupt_handler
 .text.pm_set_mclk_source
                0x80003350       0x20 src/asf/avr32/drivers/pm/pm_uc3c.o
                0x80003350                pm_set_mclk_source
 .text.pcl_switch_to_osc
                0x80003370       0x44 src/asf/avr32/drivers/pm/power_clocks_lib.o
                0x80003370                pcl_switch_to_osc
 .text.pwm_write_protect_sw_unlock
                0x800033b4       0xbc src/asf/avr32/drivers/pwm/pwm4.o
                0x800033b4                pwm_write_protect_sw_unlock
 .text.pwm_channel_init
                0x80003470       0x3e src/asf/avr32/drivers/pwm/pwm4.o
                0x80003470                pwm_channel_init
 .text.pwm_start_channels
                0x800034ae       0x12 src/asf/avr32/drivers/pwm/pwm4.o
                0x800034ae                pwm_start_channels
 .text.pwm_stop_channels
                0x800034c0       0x12 src/asf/avr32/drivers/pwm/pwm4.o
                0x800034c0                pwm_stop_channels
 .text.pwm_update_period_value
                0x800034d2        0x8 src/asf/avr32/drivers/pwm/pwm4.o
                0x800034d2                pwm_update_period_value
 *fill*         0x800034da        0x2 d703d703
 .text.pwm_init
                0x800034dc       0xfc src/asf/avr32/drivers/pwm/pwm4.o
                0x800034dc                pwm_init
 .text.scif_pclksr_statushigh_wait
                0x800035d8       0x1a src/asf/avr32/drivers/scif/scif_uc3c.o
 .text.scif_wait_for_pll_locked
                0x800035f2       0x20 src/asf/avr32/drivers/scif/scif_uc3c.o
                0x800035f2                scif_wait_for_pll_locked
 .text.scif_stop_gclk
                0x80003612       0x30 src/asf/avr32/drivers/scif/scif_uc3c.o
                0x80003612                scif_stop_gclk
 *fill*         0x80003642        0x2 d703d703
 .text.scif_gc_setup
                0x80003644       0x84 src/asf/avr32/drivers/scif/scif_uc3c.o
                0x80003644                scif_gc_setup
 .text.scif_gc_enable
                0x800036c8       0x24 src/asf/avr32/drivers/scif/scif_uc3c.o
                0x800036c8                scif_gc_enable
 .text.scif_pll_enable
                0x800036ec       0x44 src/asf/avr32/drivers/scif/scif_uc3c.o
                0x800036ec                scif_pll_enable
 .text.scif_pll_setup
                0x80003730       0x86 src/asf/avr32/drivers/scif/scif_uc3c.o
                0x80003730                scif_pll_setup
 *fill*         0x800037b6        0x2 d703d703
 .text.scif_enable_osc
                0x800037b8       0x74 src/asf/avr32/drivers/scif/scif_uc3c.o
                0x800037b8                scif_enable_osc
 .text.scif_configure_osc_crystalmode
                0x8000382c       0xd0 src/asf/avr32/drivers/scif/scif_uc3c.o
                0x8000382c                scif_configure_osc_crystalmode
 .text.getBaudDiv
                0x800038fc       0x20 src/asf/avr32/drivers/spi/spi.o
                0x800038fc                getBaudDiv
 .text.spi_initMaster
                0x8000391c       0x38 src/asf/avr32/drivers/spi/spi.o
                0x8000391c                spi_initMaster
 .text.spi_selectionMode
                0x80003954       0x3e src/asf/avr32/drivers/spi/spi.o
                0x80003954                spi_selectionMode
 .text.spi_selectChip
                0x80003992       0x4c src/asf/avr32/drivers/spi/spi.o
                0x80003992                spi_selectChip
 .text.spi_unselectChip
                0x800039de       0x26 src/asf/avr32/drivers/spi/spi.o
                0x800039de                spi_unselectChip
 .text.spi_setupChipReg
                0x80003a04       0xb8 src/asf/avr32/drivers/spi/spi.o
                0x80003a04                spi_setupChipReg
 .text.spi_enable
                0x80003abc        0x6 src/asf/avr32/drivers/spi/spi.o
                0x80003abc                spi_enable
 .text.spi_write
                0x80003ac2       0x1c src/asf/avr32/drivers/spi/spi.o
                0x80003ac2                spi_write
 .text.spi_read
                0x80003ade       0x20 src/asf/avr32/drivers/spi/spi.o
                0x80003ade                spi_read
 *fill*         0x80003afe        0x2 d703d703
 .text.twim_master_interrupt_handler
                0x80003b00       0xdc src/asf/avr32/drivers/twim/twim.o
 .text.twim_set_speed
                0x80003bdc       0x70 src/asf/avr32/drivers/twim/twim.o
                0x80003bdc                twim_set_speed
 .text.twim_status
                0x80003c4c       0x10 src/asf/avr32/drivers/twim/twim.o
                0x80003c4c                twim_status
 .text.twim_disable_interrupt
                0x80003c5c       0x14 src/asf/avr32/drivers/twim/twim.o
                0x80003c5c                twim_disable_interrupt
 .text.twim_write
                0x80003c70       0xb4 src/asf/avr32/drivers/twim/twim.o
                0x80003c70                twim_write
 .text.twim_probe
                0x80003d24       0x1c src/asf/avr32/drivers/twim/twim.o
                0x80003d24                twim_probe
 .text.twim_master_init
                0x80003d40       0xb4 src/asf/avr32/drivers/twim/twim.o
                0x80003d40                twim_master_init
 .text.usart_set_async_baudrate
                0x80003df4       0x5a src/asf/avr32/drivers/usart/usart.o
 .text.usart_write_char
                0x80003e4e       0x14 src/asf/avr32/drivers/usart/usart.o
                0x80003e4e                usart_write_char
 *fill*         0x80003e62        0x2 d703d703
 .text.usart_putchar
                0x80003e64       0x2c src/asf/avr32/drivers/usart/usart.o
                0x80003e64                usart_putchar
 .text.usart_read_char
                0x80003e90       0x22 src/asf/avr32/drivers/usart/usart.o
                0x80003e90                usart_read_char
 *fill*         0x80003eb2        0x2 d703d703
 .text.usart_getchar
                0x80003eb4       0x2c src/asf/avr32/drivers/usart/usart.o
                0x80003eb4                usart_getchar
 .text.usart_write_line
                0x80003ee0       0x24 src/asf/avr32/drivers/usart/usart.o
                0x80003ee0                usart_write_line
 .text.usart_reset
                0x80003f04       0x2c src/asf/avr32/drivers/usart/usart.o
                0x80003f04                usart_reset
 .text.usart_init_rs232
                0x80003f30       0xcc src/asf/avr32/drivers/usart/usart.o
                0x80003f30                usart_init_rs232
 .text.fat_check_open
                0x80003ffc       0x20 src/asf/avr32/services/fs/fat/fat.o
                0x80003ffc                fat_check_open
 .text.fat_check_select
                0x8000401c       0x20 src/asf/avr32/services/fs/fat/fat.o
                0x8000401c                fat_check_select
 .text.fat_check_is_file
                0x8000403c       0x1c src/asf/avr32/services/fs/fat/fat.o
                0x8000403c                fat_check_is_file
 .text.fat_checkcluster
                0x80004058       0x60 src/asf/avr32/services/fs/fat/fat.o
                0x80004058                fat_checkcluster
 .text.fat_cache_clusterlist_reset
                0x800040b8       0x28 src/asf/avr32/services/fs/fat/fat.o
                0x800040b8                fat_cache_clusterlist_reset
 .text.fat_cache_clusterlist_update_start
                0x800040e0       0x40 src/asf/avr32/services/fs/fat/fat.o
                0x800040e0                fat_cache_clusterlist_update_start
 .text.fat_cache_clusterlist_update_select
                0x80004120       0x68 src/asf/avr32/services/fs/fat/fat.o
                0x80004120                fat_cache_clusterlist_update_select
 .text.fat_cache_clusterlist_update_finish
                0x80004188       0x58 src/asf/avr32/services/fs/fat/fat.o
                0x80004188                fat_cache_clusterlist_update_finish
 .text.fat_cache_clusterlist_update_read
                0x800041e0      0x124 src/asf/avr32/services/fs/fat/fat.o
                0x800041e0                fat_cache_clusterlist_update_read
 .text.fat_entry_is_dir
                0x80004304       0x18 src/asf/avr32/services/fs/fat/fat.o
                0x80004304                fat_entry_is_dir
 .text.fat_clear_entry_info_and_ptr
                0x8000431c       0x3c src/asf/avr32/services/fs/fat/fat.o
                0x8000431c                fat_clear_entry_info_and_ptr
 .text.fat_check_eof_name
                0x80004358       0x26 src/asf/avr32/services/fs/fat/fat.o
                0x80004358                fat_check_eof_name
 *fill*         0x8000437e        0x2 d703d703
 .text.fat_get_ptr_entry
                0x80004380       0x18 src/asf/avr32/services/fs/fat/fat.o
                0x80004380                fat_get_ptr_entry
 .text.fat_entry_longname
                0x80004398      0x194 src/asf/avr32/services/fs/fat/fat.o
                0x80004398                fat_entry_longname
 .text.fat_entry_shortname
                0x8000452c      0x108 src/asf/avr32/services/fs/fat/fat.o
                0x8000452c                fat_entry_shortname
 .text.fat_get_entry_info
                0x80004634       0x48 src/asf/avr32/services/fs/fat/fat.o
                0x80004634                fat_get_entry_info
 .text.fat_entry_check
                0x8000467c       0x5c src/asf/avr32/services/fs/fat/fat.o
                0x8000467c                fat_entry_check
 .text.fat_cache_reset
                0x800046d8       0x18 src/asf/avr32/services/fs/fat/fat.o
                0x800046d8                fat_cache_reset
 .text.fat_cache_mark_sector_as_dirty
                0x800046f0       0x10 src/asf/avr32/services/fs/fat/fat.o
                0x800046f0                fat_cache_mark_sector_as_dirty
 .text.fat_write_entry_file
                0x80004700       0x50 src/asf/avr32/services/fs/fat/fat.o
                0x80004700                fat_write_entry_file
 .text.fat_check_nav_access_file
                0x80004750       0x78 src/asf/avr32/services/fs/fat/fat.o
                0x80004750                fat_check_nav_access_file
 .text.fat_invert_nav
                0x800047c8       0xec src/asf/avr32/services/fs/fat/fat.o
                0x800047c8                fat_invert_nav
 .text.fat_cache_flush
                0x800048b4       0x54 src/asf/avr32/services/fs/fat/fat.o
                0x800048b4                fat_cache_flush
 .text.fat_cache_clear
                0x80004908       0x18 src/asf/avr32/services/fs/fat/fat.o
                0x80004908                fat_cache_clear
 .text.fat_cache_read_sector
                0x80004920       0x80 src/asf/avr32/services/fs/fat/fat.o
                0x80004920                fat_cache_read_sector
 .text.fat_cluster_readnext
                0x800049a0       0x94 src/asf/avr32/services/fs/fat/fat.o
                0x800049a0                fat_cluster_readnext
 .text.fat_cluster_val
                0x80004a34      0x244 src/asf/avr32/services/fs/fat/fat.o
                0x80004a34                fat_cluster_val
 .text.fat_cluster_list
                0x80004c78      0x2d8 src/asf/avr32/services/fs/fat/fat.o
                0x80004c78                fat_cluster_list
 .text.fat_read_dir
                0x80004f50       0x84 src/asf/avr32/services/fs/fat/fat.o
                0x80004f50                fat_read_dir
 .text.fat_read_file
                0x80004fd4       0xdc src/asf/avr32/services/fs/fat/fat.o
                0x80004fd4                fat_read_file
 .text.fat_write_file
                0x800050b0      0x108 src/asf/avr32/services/fs/fat/fat.o
                0x800050b0                fat_write_file
 .text.fat_check_device
                0x800051b8       0xb8 src/asf/avr32/services/fs/fat/fat.o
                0x800051b8                fat_check_device
 .text.fat_check_noopen
                0x80005270       0x3c src/asf/avr32/services/fs/fat/fat.o
                0x80005270                fat_check_noopen
 .text.fat_check_mount
                0x800052ac       0x38 src/asf/avr32/services/fs/fat/fat.o
                0x800052ac                fat_check_mount
 .text.fat_check_mount_select
                0x800052e4       0x18 src/asf/avr32/services/fs/fat/fat.o
                0x800052e4                fat_check_mount_select
 .text.fat_check_mount_select_open
                0x800052fc       0x24 src/asf/avr32/services/fs/fat/fat.o
                0x800052fc                fat_check_mount_select_open
 .text.fat_check_mount_select_noopen
                0x80005320       0x24 src/asf/avr32/services/fs/fat/fat.o
                0x80005320                fat_check_mount_select_noopen
 .text.fat_check_mount_noopen
                0x80005344       0x18 src/asf/avr32/services/fs/fat/fat.o
                0x80005344                fat_check_mount_noopen
 .text.fat_translate_char_shortname
                0x8000535c       0x4c src/asf/avr32/services/fs/fat/fat_unusual.o
                0x8000535c                fat_translate_char_shortname
 .text.fat_clear_info_fat_mod
                0x800053a8       0x18 src/asf/avr32/services/fs/fat/fat_unusual.o
                0x800053a8                fat_clear_info_fat_mod
 .text.fat_clear_cluster
                0x800053c0       0x74 src/asf/avr32/services/fs/fat/fat_unusual.o
                0x800053c0                fat_clear_cluster
 .text.fat_update_fat2
                0x80005434       0x74 src/asf/avr32/services/fs/fat/fat_unusual.o
                0x80005434                fat_update_fat2
 .text.fat_initialize_dir
                0x800054a8       0x98 src/asf/avr32/services/fs/fat/fat_unusual.o
                0x800054a8                fat_initialize_dir
 .text.fat_create_long_name_entry
                0x80005540       0xd0 src/asf/avr32/services/fs/fat/fat_unusual.o
                0x80005540                fat_create_long_name_entry
 .text.fat_delete_file
                0x80005610       0x74 src/asf/avr32/services/fs/fat/fat_unusual.o
                0x80005610                fat_delete_file
 .text.fat_garbage_collector_entry
                0x80005684       0xc8 src/asf/avr32/services/fs/fat/fat_unusual.o
                0x80005684                fat_garbage_collector_entry
 .text.fat_write_fat32_FSInfo
                0x8000574c       0xa0 src/asf/avr32/services/fs/fat/fat_unusual.o
                0x8000574c                fat_write_fat32_FSInfo
 .text.fat_allocfreespace
                0x800057ec      0x140 src/asf/avr32/services/fs/fat/fat_unusual.o
                0x800057ec                fat_allocfreespace
 .text.fat_alloc_entry_free
                0x8000592c       0xb0 src/asf/avr32/services/fs/fat/fat_unusual.o
                0x8000592c                fat_alloc_entry_free
 .text.fat_check_name
                0x800059dc       0x74 src/asf/avr32/services/fs/fat/fat_unusual.o
                0x800059dc                fat_check_name
 .text.fat_create_short_entry_name
                0x80005a50      0x1bc src/asf/avr32/services/fs/fat/fat_unusual.o
                0x80005a50                fat_create_short_entry_name
 .text.fat_entry_shortname_compare
                0x80005c0c       0x58 src/asf/avr32/services/fs/fat/fat_unusual.o
                0x80005c0c                fat_entry_shortname_compare
 .text.fat_find_short_entry_name
                0x80005c64       0x78 src/asf/avr32/services/fs/fat/fat_unusual.o
                0x80005c64                fat_find_short_entry_name
 .text.fat_create_entry_file_name
                0x80005cdc       0xa8 src/asf/avr32/services/fs/fat/fat_unusual.o
                0x80005cdc                fat_create_entry_file_name
 .text.fat_mount
                0x80005d84      0x2fc src/asf/avr32/services/fs/fat/fat_unusual.o
                0x80005d84                fat_mount
 .text.file_eof
                0x80006080       0x28 src/asf/avr32/services/fs/fat/file.o
                0x80006080                file_eof
 .text.file_seek
                0x800060a8       0xb4 src/asf/avr32/services/fs/fat/file.o
                0x800060a8                file_seek
 .text.file_close
                0x8000615c       0x3c src/asf/avr32/services/fs/fat/file.o
                0x8000615c                file_close
 .text.file_write_buf
                0x80006198      0x174 src/asf/avr32/services/fs/fat/file.o
                0x80006198                file_write_buf
 .text.file_getc
                0x8000630c       0x6c src/asf/avr32/services/fs/fat/file.o
                0x8000630c                file_getc
 .text.file_read_buf
                0x80006378      0x18c src/asf/avr32/services/fs/fat/file.o
                0x80006378                file_read_buf
 .text.file_open
                0x80006504       0xa0 src/asf/avr32/services/fs/fat/file.o
                0x80006504                file_open
 .text.nav_getindex
                0x800065a4       0x20 src/asf/avr32/services/fs/fat/navigation.o
                0x800065a4                nav_getindex
 .text.nav_file_isdir
                0x800065c4        0xc src/asf/avr32/services/fs/fat/navigation.o
                0x800065c4                nav_file_isdir
 .text.nav_file_name
                0x800065d0       0xe4 src/asf/avr32/services/fs/fat/navigation.o
                0x800065d0                nav_file_name
 .text.nav_filelist_set
                0x800066b4      0x168 src/asf/avr32/services/fs/fat/navigation.o
                0x800066b4                nav_filelist_set
 .text.nav_filelist_findname
                0x8000681c       0x30 src/asf/avr32/services/fs/fat/navigation.o
                0x8000681c                nav_filelist_findname
 .text.nav_filelist_reset
                0x8000684c       0x18 src/asf/avr32/services/fs/fat/navigation.o
                0x8000684c                nav_filelist_reset
 .text.nav_file_create
                0x80006864       0x6c src/asf/avr32/services/fs/fat/navigation.o
                0x80006864                nav_file_create
 .text.nav_dir_gotoparent
                0x800068d0       0xa0 src/asf/avr32/services/fs/fat/navigation.o
                0x800068d0                nav_dir_gotoparent
 .text.nav_dir_cd
                0x80006970       0x40 src/asf/avr32/services/fs/fat/navigation.o
                0x80006970                nav_dir_cd
 .text.nav_file_del
                0x800069b0       0xac src/asf/avr32/services/fs/fat/navigation.o
                0x800069b0                nav_file_del
 .text.nav_filelist_first
                0x80006a5c       0x40 src/asf/avr32/services/fs/fat/navigation.o
                0x80006a5c                nav_filelist_first
 .text.nav_filelist_nb
                0x80006a9c       0x70 src/asf/avr32/services/fs/fat/navigation.o
                0x80006a9c                nav_filelist_nb
 .text.nav_filelist_last
                0x80006b0c       0x50 src/asf/avr32/services/fs/fat/navigation.o
                0x80006b0c                nav_filelist_last
 .text.nav_dir_make
                0x80006b5c       0x90 src/asf/avr32/services/fs/fat/navigation.o
                0x80006b5c                nav_dir_make
 .text.nav_partition_mount
                0x80006bec       0x3c src/asf/avr32/services/fs/fat/navigation.o
                0x80006bec                nav_partition_mount
 .text.nav_dir_root
                0x80006c28        0xc src/asf/avr32/services/fs/fat/navigation.o
                0x80006c28                nav_dir_root
 .text.nav_drive_set
                0x80006c34       0x54 src/asf/avr32/services/fs/fat/navigation.o
                0x80006c34                nav_drive_set
 .text.nav_gotoindex
                0x80006c88       0x5c src/asf/avr32/services/fs/fat/navigation.o
                0x80006c88                nav_gotoindex
 .text.nav_setcwd
                0x80006ce4      0x1c4 src/asf/avr32/services/fs/fat/navigation.o
                0x80006ce4                nav_setcwd
 .text.nav_drive_nb
                0x80006ea8        0xc src/asf/avr32/services/fs/fat/navigation.o
                0x80006ea8                nav_drive_nb
 .text.nav_select
                0x80006eb4       0x48 src/asf/avr32/services/fs/fat/navigation.o
                0x80006eb4                nav_select
 .text.nav_reset
                0x80006efc       0x6c src/asf/avr32/services/fs/fat/navigation.o
                0x80006efc                nav_reset
 .text.print_char
                0x80006f68        0xc src/asf/avr32/utils/debug/print_funcs.o
                0x80006f68                print_char
 .text.print_dbg_char
                0x80006f74       0x14 src/asf/avr32/utils/debug/print_funcs.o
                0x80006f74                print_dbg_char
 .text.print    0x80006f88        0xc src/asf/avr32/utils/debug/print_funcs.o
                0x80006f88                print
 .text.print_ulong
                0x80006f94       0x48 src/asf/avr32/utils/debug/print_funcs.o
                0x80006f94                print_ulong
 .text.print_dbg_ulong
                0x80006fdc       0x14 src/asf/avr32/utils/debug/print_funcs.o
                0x80006fdc                print_dbg_ulong
 .text.print_dbg
                0x80006ff0       0x14 src/asf/avr32/utils/debug/print_funcs.o
                0x80006ff0                print_dbg
 .text.init_dbg_rs232_ex
                0x80007004       0x40 src/asf/avr32/utils/debug/print_funcs.o
                0x80007004                init_dbg_rs232_ex
 .text.init_dbg_rs232
                0x80007044       0x14 src/asf/avr32/utils/debug/print_funcs.o
                0x80007044                init_dbg_rs232
 .text._stext   0x80007058       0x50 src/asf/avr32/utils/startup/startup_uc3.o
                0x80007058                _stext
 .text.SD_Card_Test
                0x800070a8       0xd0 src/asf/common/boards/user_board/init.o
                0x800070a8                SD_Card_Test
 .text.System_Test
                0x80007178       0xa4 src/asf/common/boards/user_board/init.o
                0x80007178                System_Test
 .text.board_init
                0x8000721c       0x94 src/asf/common/boards/user_board/init.o
                0x8000721c                board_init
 .text.get_nb_lun
                0x800072b0        0x2 src/asf/common/services/storage/ctrl_access/ctrl_access.o
                0x800072b0                get_nb_lun
 *fill*         0x800072b2        0x2 d703d703
 .text.mem_test_unit_ready
                0x800072b4       0x14 src/asf/common/services/storage/ctrl_access/ctrl_access.o
                0x800072b4                mem_test_unit_ready
 .text.mem_read_capacity
                0x800072c8       0x18 src/asf/common/services/storage/ctrl_access/ctrl_access.o
                0x800072c8                mem_read_capacity
 .text.mem_sector_size
                0x800072e0        0x6 src/asf/common/services/storage/ctrl_access/ctrl_access.o
                0x800072e0                mem_sector_size
 *fill*         0x800072e6        0x2 d703d703
 .text.mem_wr_protect
                0x800072e8       0x14 src/asf/common/services/storage/ctrl_access/ctrl_access.o
                0x800072e8                mem_wr_protect
 .text.memory_2_ram
                0x800072fc       0x1c src/asf/common/services/storage/ctrl_access/ctrl_access.o
                0x800072fc                memory_2_ram
 .text.ram_2_memory
                0x80007318       0x1c src/asf/common/services/storage/ctrl_access/ctrl_access.o
                0x80007318                ram_2_memory
 .text.segment_holding
                0x80007334       0x1c src/asf/thirdparty/dlmalloc/dlmalloc.o
 .text.init_mparams
                0x80007350       0x48 src/asf/thirdparty/dlmalloc/dlmalloc.o
 .text.init_top
                0x80007398       0x30 src/asf/thirdparty/dlmalloc/dlmalloc.o
 .text.init_bins
                0x800073c8       0x14 src/asf/thirdparty/dlmalloc/dlmalloc.o
 .text.sys_trim
                0x800073dc      0x38c src/asf/thirdparty/dlmalloc/dlmalloc.o
 .text.mspace_free
                0x80007768      0x48c src/asf/thirdparty/dlmalloc/dlmalloc.o
                0x80007768                mspace_free
 .text.tmalloc_small
                0x80007bf4      0x1d8 src/asf/thirdparty/dlmalloc/dlmalloc.o
 .text.tmalloc_large
                0x80007dcc      0x3d8 src/asf/thirdparty/dlmalloc/dlmalloc.o
 .text.free     0x800081a4      0x510 src/asf/thirdparty/dlmalloc/dlmalloc.o
                0x800081a4                free
 .text.init_user_mstate
                0x800086b4       0x84 src/asf/thirdparty/dlmalloc/dlmalloc.o
 .text.create_mspace_with_base
                0x80008738       0x48 src/asf/thirdparty/dlmalloc/dlmalloc.o
                0x80008738                create_mspace_with_base
 .text.sys_alloc
                0x80008780      0x898 src/asf/thirdparty/dlmalloc/dlmalloc.o
 .text.mspace_malloc
                0x80009018      0x238 src/asf/thirdparty/dlmalloc/dlmalloc.o
                0x80009018                mspace_malloc
 .text.malloc   0x80009250      0x264 src/asf/thirdparty/dlmalloc/dlmalloc.o
                0x80009250                malloc
 .text.dlmalloc_sbrk
                0x800094b4       0x34 src/asf/thirdparty/dlmalloc/dlsbrk.o
                0x800094b4                dlmalloc_sbrk
 .text.mmap     0x800094e8       0x30 src/asf/thirdparty/dlmalloc/dlsbrk.o
                0x800094e8                mmap
 .text.munmap   0x80009518       0x1c src/asf/thirdparty/dlmalloc/dlsbrk.o
                0x80009518                munmap
 .text.log_2    0x80009534       0x22 src/CustomDevices/ImageProcessor.o
                0x80009534                log_2
 *fill*         0x80009556        0x2 d703d703
 .text.IFFT2D   0x80009558      0x124 src/CustomDevices/ImageProcessor.o
                0x80009558                IFFT2D
 .text.PrepareImage
                0x8000967c       0x7c src/CustomDevices/ImageProcessor.o
                0x8000967c                PrepareImage
 .text.FFT1D    0x800096f8       0x6c src/CustomDevices/ImageProcessor.o
                0x800096f8                FFT1D
 .text.FFT2DCOMPLEX
                0x80009764      0x110 src/CustomDevices/ImageProcessor.o
                0x80009764                FFT2DCOMPLEX
 .text.FFT2Dabs
                0x80009874      0x110 src/CustomDevices/ImageProcessor.o
                0x80009874                FFT2Dabs
 .text.FFT1D_Abs
                0x80009984       0x7c src/CustomDevices/ImageProcessor.o
                0x80009984                FFT1D_Abs
 .text.Motors_Moving
                0x80009a00       0x18 src/CustomDevices/MotorDriver.o
                0x80009a00                Motors_Moving
 .text.Motor_Stop
                0x80009a18       0x48 src/CustomDevices/MotorDriver.o
                0x80009a18                Motor_Stop
 .text.Motors_Execute
                0x80009a60       0x4c src/CustomDevices/MotorDriver.o
                0x80009a60                Motors_Execute
 .text.Motor_Start
                0x80009aac       0xb0 src/CustomDevices/MotorDriver.o
                0x80009aac                Motor_Start
 .text.Motors_Rotate
                0x80009b5c       0x50 src/CustomDevices/MotorDriver.o
                0x80009b5c                Motors_Rotate
 .text.Motors_Reset
                0x80009bac       0x20 src/CustomDevices/MotorDriver.o
                0x80009bac                Motors_Reset
 .text.Motors_Move
                0x80009bcc       0x6c src/CustomDevices/MotorDriver.o
                0x80009bcc                Motors_Move
 .text.Analogue_Comparator_Init
                0x80009c38       0xa4 src/CustomDevices/MotorDriver.o
                0x80009c38                Analogue_Comparator_Init
 .text.ACInterruptHandler
                0x80009cdc       0xa8 src/CustomDevices/MotorDriver.o
 .text.Motor_Init
                0x80009d84      0x144 src/CustomDevices/MotorDriver.o
                0x80009d84                Motor_Init
 .text.Photos_Ready
                0x80009ec8       0x60 src/CustomDevices/OV7670.o
                0x80009ec8                Photos_Ready
 .text.Store_Image_0
                0x80009f28      0x230 src/CustomDevices/OV7670.o
                0x80009f28                Store_Image_0
 .text.Store_Image_1
                0x8000a158      0x224 src/CustomDevices/OV7670.o
                0x8000a158                Store_Image_1
 .text.FIFO_Reset
                0x8000a37c       0xc8 src/CustomDevices/OV7670.o
                0x8000a37c                FIFO_Reset
 .text.Store_Both_Images
                0x8000a444       0x3c src/CustomDevices/OV7670.o
                0x8000a444                Store_Both_Images
 .text.FIFO_Init
                0x8000a480      0x268 src/CustomDevices/OV7670.o
                0x8000a480                FIFO_Init
 .text.TakePhoto
                0x8000a6e8       0x88 src/CustomDevices/OV7670.o
                0x8000a6e8                TakePhoto
 .text.VSYNC0_Handler
                0x8000a770       0x7c src/CustomDevices/OV7670.o
 .text.VSYNC1_Handler
                0x8000a7ec       0x7c src/CustomDevices/OV7670.o
 .text.Write_Reg
                0x8000a868       0x24 src/CustomDevices/OV7670.o
                0x8000a868                Write_Reg
 .text.OV7670_Init
                0x8000a88c      0x2a8 src/CustomDevices/OV7670.o
                0x8000a88c                OV7670_Init
 .text.PCA9542A_Chan_Sel
                0x8000ab34       0x3c src/CustomDevices/PCA9542A.o
                0x8000ab34                PCA9542A_Chan_Sel
 .text.ReadBigEndian
                0x8000ab70       0x1c src/CustomDevices/SD_Card.o
                0x8000ab70                ReadBigEndian
 .text.ReadBitmap
                0x8000ab8c      0x1c0 src/CustomDevices/SD_Card.o
                0x8000ab8c                ReadBitmap
 .text.Read2DSignal
                0x8000ad4c       0xa0 src/CustomDevices/SD_Card.o
                0x8000ad4c                Read2DSignal
 .text.ReadSignal
                0x8000adec       0xa0 src/CustomDevices/SD_Card.o
                0x8000adec                ReadSignal
 .text.SaveBuff
                0x8000ae8c       0x70 src/CustomDevices/SD_Card.o
                0x8000ae8c                SaveBuff
 .text.SaveBitmap
                0x8000aefc      0x170 src/CustomDevices/SD_Card.o
                0x8000aefc                SaveBitmap
 .text.Read_CSV
                0x8000b06c       0xbc src/CustomDevices/SD_Card.o
                0x8000b06c                Read_CSV
 .text.SaveCBuff_CSV
                0x8000b128       0xf8 src/CustomDevices/SD_Card.o
                0x8000b128                SaveCBuff_CSV
 .text.SaveBuff_CSV
                0x8000b220       0xbc src/CustomDevices/SD_Card.o
                0x8000b220                SaveBuff_CSV
 .text.sd_mmc_resources_init
                0x8000b2dc       0x84 src/CustomDevices/SD_Card.o
                0x8000b2dc                sd_mmc_resources_init
 .text.twim_init
                0x8000b360       0x58 src/CustomDevices/TWI.o
                0x8000b360                twim_init
 .text.Get_Line
                0x8000b3b8       0x4c src/main.o
                0x8000b3b8                Get_Line
 .text.main     0x8000b404      0x8a0 src/main.o
                0x8000b404                main
 .text.dsp16_vect_complex_abs_kernel_x0
                0x8000bca4        0x2 ../src/asf/avr32/utils/libs/dsplib/at32ucr3fp/gcc\libdsp-at32ucr3fp-dspspeed_opt.a(vect_dsp16_complex_abs.o)
 *fill*         0x8000bca6        0x2 d703d703
 .text.dsp16_vect_complex_abs
                0x8000bca8      0x100 ../src/asf/avr32/utils/libs/dsplib/at32ucr3fp/gcc\libdsp-at32ucr3fp-dspspeed_opt.a(vect_dsp16_complex_abs.o)
                                0x10c (size before relaxing)
                0x8000bca8                dsp16_vect_complex_abs
 .text.dsp16_vect_complex_abs_kernel_x3
                0x8000bda8       0x88 ../src/asf/avr32/utils/libs/dsplib/at32ucr3fp/gcc\libdsp-at32ucr3fp-dspspeed_opt.a(vect_dsp16_complex_abs.o)
                                 0x90 (size before relaxing)
 .text.dsp16_vect_complex_abs_kernel_x2
                0x8000be30       0x5c ../src/asf/avr32/utils/libs/dsplib/at32ucr3fp/gcc\libdsp-at32ucr3fp-dspspeed_opt.a(vect_dsp16_complex_abs.o)
                                 0x64 (size before relaxing)
 .text.dsp16_vect_complex_abs_kernel_x1
                0x8000be8c       0x30 ../src/asf/avr32/utils/libs/dsplib/at32ucr3fp/gcc\libdsp-at32ucr3fp-dspspeed_opt.a(vect_dsp16_complex_abs.o)
                                 0x38 (size before relaxing)
 .text.dsp16_op_sqrt
                0x8000bebc       0x96 ../src/asf/avr32/utils/libs/dsplib/at32ucr3fp/gcc\libdsp-at32ucr3fp-dspspeed_opt.a(op_dsp16_sqrt_at32uc.o)
                0x8000bebc                dsp16_op_sqrt
 *fill*         0x8000bf52        0x2 d703d703
 .text.dsp16_trans_complexfft
                0x8000bf54      0x254 ../src/asf/avr32/utils/libs/dsplib/at32ucr3fp/gcc\libdsp-at32ucr3fp-dspspeed_opt.a(trans_dsp16_complex_fft_at32uc.o)
                0x8000bf54                dsp16_trans_complexfft
 .text.dsp16_trans_complexifft_ex
                0x8000c1a8      0x254 ../src/asf/avr32/utils/libs/dsplib/at32ucr3fp/gcc\libdsp-at32ucr3fp-dspspeed_opt.a(trans_dsp16_complex_ifft_at32uc.o)
 .text.dsp16_trans_complexifft
                0x8000c3fc       0x1c ../src/asf/avr32/utils/libs/dsplib/at32ucr3fp/gcc\libdsp-at32ucr3fp-dspspeed_opt.a(trans_dsp16_complex_ifft_at32uc.o)
                                 0x28 (size before relaxing)
                0x8000c3fc                dsp16_trans_complexifft
 .text.dsp16_trans_realcomplexfft
                0x8000c418      0x220 ../src/asf/avr32/utils/libs/dsplib/at32ucr3fp/gcc\libdsp-at32ucr3fp-dspspeed_opt.a(trans_dsp16_real_complex_fft_at32uc.o)
                0x8000c418                dsp16_trans_realcomplexfft
 .text.dsp16_vect_conj_kernel_ext
                0x8000c638       0x34 ../src/asf/avr32/utils/libs/dsplib/at32ucr3fp/gcc\libdsp-at32ucr3fp-dspspeed_opt.a(vect_dsp16_complex_conj_at32uc.o)
 .text.dsp16_vect_conj_end_kernel_x0
                0x8000c66c        0x4 ../src/asf/avr32/utils/libs/dsplib/at32ucr3fp/gcc\libdsp-at32ucr3fp-dspspeed_opt.a(vect_dsp16_complex_conj_at32uc.o)
 .text.dsp16_vect_conj_end_kernel_x1
                0x8000c670        0xa ../src/asf/avr32/utils/libs/dsplib/at32ucr3fp/gcc\libdsp-at32ucr3fp-dspspeed_opt.a(vect_dsp16_complex_conj_at32uc.o)
 .text.dsp16_vect_conj_end_kernel_x2
                0x8000c67a       0x10 ../src/asf/avr32/utils/libs/dsplib/at32ucr3fp/gcc\libdsp-at32ucr3fp-dspspeed_opt.a(vect_dsp16_complex_conj_at32uc.o)
 .text.dsp16_vect_conj_end_kernel_x3
                0x8000c68a       0x16 ../src/asf/avr32/utils/libs/dsplib/at32ucr3fp/gcc\libdsp-at32ucr3fp-dspspeed_opt.a(vect_dsp16_complex_conj_at32uc.o)
 .text.dsp16_vect_complex_conj
                0x8000c6a0       0x2c ../src/asf/avr32/utils/libs/dsplib/at32ucr3fp/gcc\libdsp-at32ucr3fp-dspspeed_opt.a(vect_dsp16_complex_conj_at32uc.o)
                                 0x34 (size before relaxing)
                0x8000c6a0                dsp16_vect_complex_conj
 .text          0x8000c6cc       0xe8 c:/program files (x86)/atmel/atmel studio 6.0/extensions/atmel/avrgcc/3.4.1.95/avrtoolchain/bin/../lib/gcc/avr32/4.4.3/ucr3fp\libgcc.a(_avr32_s32_to_f64.o)
                0x8000c6cc                __avr32_u32_to_f64
                0x8000c6d4                __avr32_s32_to_f64
 .text          0x8000c7b4       0x68 c:/program files (x86)/atmel/atmel studio 6.0/extensions/atmel/avrgcc/3.4.1.95/avrtoolchain/bin/../lib/gcc/avr32/4.4.3/ucr3fp\libgcc.a(_avr32_f64_cmp_ge.o)
                0x8000c7b4                __avr32_f64_cmp_ge
 .text.atoi     0x8000c81c        0xc c:/program files (x86)/atmel/atmel studio 6.0/extensions/atmel/avrgcc/3.4.1.95/avrtoolchain/bin/../lib/gcc/avr32/4.4.3/../../../../avr32/lib/ucr3fp\libc.a(lib_a-atoi.o)
                                 0x10 (size before relaxing)
                0x8000c81c                atoi
 .text.memcmp   0x8000c828       0x26 c:/program files (x86)/atmel/atmel studio 6.0/extensions/atmel/avrgcc/3.4.1.95/avrtoolchain/bin/../lib/gcc/avr32/4.4.3/../../../../avr32/lib/ucr3fp\libc.a(lib_a-memcmp.o)
                0x8000c828                memcmp
 .text          0x8000c84e      0x148 c:/program files (x86)/atmel/atmel studio 6.0/extensions/atmel/avrgcc/3.4.1.95/avrtoolchain/bin/../lib/gcc/avr32/4.4.3/../../../../avr32/lib/ucr3fp\libc.a(lib_a-memcpy.o)
                0x8000c84e                memcpy
 .text.memset   0x8000c996        0xe c:/program files (x86)/atmel/atmel studio 6.0/extensions/atmel/avrgcc/3.4.1.95/avrtoolchain/bin/../lib/gcc/avr32/4.4.3/../../../../avr32/lib/ucr3fp\libc.a(lib_a-memset.o)
                0x8000c996                memset
 .text.sprintf  0x8000c9a4       0x3c c:/program files (x86)/atmel/atmel studio 6.0/extensions/atmel/avrgcc/3.4.1.95/avrtoolchain/bin/../lib/gcc/avr32/4.4.3/../../../../avr32/lib/ucr3fp\libc.a(lib_a-sprintf.o)
                                 0x40 (size before relaxing)
                0x8000c9a4                sprintf
 .text._strtol_r
                0x8000c9e0      0x138 c:/program files (x86)/atmel/atmel studio 6.0/extensions/atmel/avrgcc/3.4.1.95/avrtoolchain/bin/../lib/gcc/avr32/4.4.3/../../../../avr32/lib/ucr3fp\libc.a(lib_a-strtol.o)
                0x8000c9e0                _strtol_r
 .text.strtol   0x8000cb18       0x14 c:/program files (x86)/atmel/atmel studio 6.0/extensions/atmel/avrgcc/3.4.1.95/avrtoolchain/bin/../lib/gcc/avr32/4.4.3/../../../../avr32/lib/ucr3fp\libc.a(lib_a-strtol.o)
                                 0x1c (size before relaxing)
                0x8000cb18                strtol
 .text.get_arg  0x8000cb2c      0x318 c:/program files (x86)/atmel/atmel studio 6.0/extensions/atmel/avrgcc/3.4.1.95/avrtoolchain/bin/../lib/gcc/avr32/4.4.3/../../../../avr32/lib/ucr3fp\libc.a(lib_a-vfprintf.o)
                                0x320 (size before relaxing)
 .text.__sprint_r
                0x8000ce44       0x1c c:/program files (x86)/atmel/atmel studio 6.0/extensions/atmel/avrgcc/3.4.1.95/avrtoolchain/bin/../lib/gcc/avr32/4.4.3/../../../../avr32/lib/ucr3fp\libc.a(lib_a-vfprintf.o)
                                 0x20 (size before relaxing)
 .text._vfprintf_r
                0x8000ce60     0x1f1c c:/program files (x86)/atmel/atmel studio 6.0/extensions/atmel/avrgcc/3.4.1.95/avrtoolchain/bin/../lib/gcc/avr32/4.4.3/../../../../avr32/lib/ucr3fp\libc.a(lib_a-vfprintf.o)
                               0x1f90 (size before relaxing)
                0x8000ce60                _vfprintf_r
 .text.__swsetup_r
                0x8000ed7c       0xdc c:/program files (x86)/atmel/atmel studio 6.0/extensions/atmel/avrgcc/3.4.1.95/avrtoolchain/bin/../lib/gcc/avr32/4.4.3/../../../../avr32/lib/ucr3fp\libc.a(lib_a-wsetup.o)
                                 0xe8 (size before relaxing)
                0x8000ed7c                __swsetup_r
 .text.quorem   0x8000ee58      0x120 c:/program files (x86)/atmel/atmel studio 6.0/extensions/atmel/avrgcc/3.4.1.95/avrtoolchain/bin/../lib/gcc/avr32/4.4.3/../../../../avr32/lib/ucr3fp\libc.a(lib_a-dtoa.o)
                                0x124 (size before relaxing)
 .text._dtoa_r  0x8000ef78      0xbe0 c:/program files (x86)/atmel/atmel studio 6.0/extensions/atmel/avrgcc/3.4.1.95/avrtoolchain/bin/../lib/gcc/avr32/4.4.3/../../../../avr32/lib/ucr3fp\libc.a(lib_a-dtoa.o)
                                0xc90 (size before relaxing)
                0x8000ef78                _dtoa_r
 .text._fflush_r
                0x8000fb58      0x110 c:/program files (x86)/atmel/atmel studio 6.0/extensions/atmel/avrgcc/3.4.1.95/avrtoolchain/bin/../lib/gcc/avr32/4.4.3/../../../../avr32/lib/ucr3fp\libc.a(lib_a-fflush.o)
                                0x118 (size before relaxing)
                0x8000fb58                _fflush_r
 .text.__sfp_lock_acquire
                0x8000fc68        0x2 c:/program files (x86)/atmel/atmel studio 6.0/extensions/atmel/avrgcc/3.4.1.95/avrtoolchain/bin/../lib/gcc/avr32/4.4.3/../../../../avr32/lib/ucr3fp\libc.a(lib_a-findfp.o)
                0x8000fc68                __sfp_lock_acquire
 .text.__sfp_lock_release
                0x8000fc6a        0x2 c:/program files (x86)/atmel/atmel studio 6.0/extensions/atmel/avrgcc/3.4.1.95/avrtoolchain/bin/../lib/gcc/avr32/4.4.3/../../../../avr32/lib/ucr3fp\libc.a(lib_a-findfp.o)
                0x8000fc6a                __sfp_lock_release
 .text._cleanup_r
                0x8000fc6c        0xc c:/program files (x86)/atmel/atmel studio 6.0/extensions/atmel/avrgcc/3.4.1.95/avrtoolchain/bin/../lib/gcc/avr32/4.4.3/../../../../avr32/lib/ucr3fp\libc.a(lib_a-findfp.o)
                                 0x14 (size before relaxing)
                0x8000fc6c                _cleanup_r
 .text.__sfmoreglue
                0x8000fc78       0x28 c:/program files (x86)/atmel/atmel studio 6.0/extensions/atmel/avrgcc/3.4.1.95/avrtoolchain/bin/../lib/gcc/avr32/4.4.3/../../../../avr32/lib/ucr3fp\libc.a(lib_a-findfp.o)
                                 0x30 (size before relaxing)
                0x8000fc78                __sfmoreglue
 .text.__sfp    0x8000fca0       0x70 c:/program files (x86)/atmel/atmel studio 6.0/extensions/atmel/avrgcc/3.4.1.95/avrtoolchain/bin/../lib/gcc/avr32/4.4.3/../../../../avr32/lib/ucr3fp\libc.a(lib_a-findfp.o)
                                 0x7c (size before relaxing)
                0x8000fca0                __sfp
 .text.__sinit  0x8000fd10       0x9c c:/program files (x86)/atmel/atmel studio 6.0/extensions/atmel/avrgcc/3.4.1.95/avrtoolchain/bin/../lib/gcc/avr32/4.4.3/../../../../avr32/lib/ucr3fp\libc.a(lib_a-findfp.o)
                                 0xb0 (size before relaxing)
                0x8000fd10                __sinit
 .text._malloc_trim_r
                0x8000fdac       0x9c c:/program files (x86)/atmel/atmel studio 6.0/extensions/atmel/avrgcc/3.4.1.95/avrtoolchain/bin/../lib/gcc/avr32/4.4.3/../../../../avr32/lib/ucr3fp\libc.a(lib_a-freer.o)
                                 0xa8 (size before relaxing)
                0x8000fdac                _malloc_trim_r
 .text._free_r  0x8000fe48      0x190 c:/program files (x86)/atmel/atmel studio 6.0/extensions/atmel/avrgcc/3.4.1.95/avrtoolchain/bin/../lib/gcc/avr32/4.4.3/../../../../avr32/lib/ucr3fp\libc.a(lib_a-freer.o)
                                0x1a4 (size before relaxing)
                0x8000fe48                _free_r
 .text.__sfvwrite_r
                0x8000ffd8      0x2a4 c:/program files (x86)/atmel/atmel studio 6.0/extensions/atmel/avrgcc/3.4.1.95/avrtoolchain/bin/../lib/gcc/avr32/4.4.3/../../../../avr32/lib/ucr3fp\libc.a(lib_a-fvwrite.o)
                                0x2c8 (size before relaxing)
                0x8000ffd8                __sfvwrite_r
 .text._fwalk   0x8001027c       0x4c c:/program files (x86)/atmel/atmel studio 6.0/extensions/atmel/avrgcc/3.4.1.95/avrtoolchain/bin/../lib/gcc/avr32/4.4.3/../../../../avr32/lib/ucr3fp\libc.a(lib_a-fwalk.o)
                                 0x54 (size before relaxing)
                0x8001027c                _fwalk
 .text._localeconv_r
                0x800102c8        0x8 c:/program files (x86)/atmel/atmel studio 6.0/extensions/atmel/avrgcc/3.4.1.95/avrtoolchain/bin/../lib/gcc/avr32/4.4.3/../../../../avr32/lib/ucr3fp\libc.a(lib_a-locale.o)
                0x800102c8                _localeconv_r
 .text.__smakebuf_r
                0x800102d0       0xc4 c:/program files (x86)/atmel/atmel studio 6.0/extensions/atmel/avrgcc/3.4.1.95/avrtoolchain/bin/../lib/gcc/avr32/4.4.3/../../../../avr32/lib/ucr3fp\libc.a(lib_a-makebuf.o)
                                 0xd4 (size before relaxing)
                0x800102d0                __smakebuf_r
 .text._malloc_r
                0x80010394      0x434 c:/program files (x86)/atmel/atmel studio 6.0/extensions/atmel/avrgcc/3.4.1.95/avrtoolchain/bin/../lib/gcc/avr32/4.4.3/../../../../avr32/lib/ucr3fp\libc.a(lib_a-mallocr.o)
                                0x454 (size before relaxing)
                0x80010394                _malloc_r
 .text.memchr   0x800107c8       0x16 c:/program files (x86)/atmel/atmel studio 6.0/extensions/atmel/avrgcc/3.4.1.95/avrtoolchain/bin/../lib/gcc/avr32/4.4.3/../../../../avr32/lib/ucr3fp\libc.a(lib_a-memchr.o)
                0x800107c8                memchr
 .text.memmove  0x800107de       0x3e c:/program files (x86)/atmel/atmel studio 6.0/extensions/atmel/avrgcc/3.4.1.95/avrtoolchain/bin/../lib/gcc/avr32/4.4.3/../../../../avr32/lib/ucr3fp\libc.a(lib_a-memmove.o)
                0x800107de                memmove
 .text.__malloc_lock
                0x8001081c        0x2 c:/program files (x86)/atmel/atmel studio 6.0/extensions/atmel/avrgcc/3.4.1.95/avrtoolchain/bin/../lib/gcc/avr32/4.4.3/../../../../avr32/lib/ucr3fp\libc.a(lib_a-mlock.o)
                0x8001081c                __malloc_lock
 .text.__malloc_unlock
                0x8001081e        0x2 c:/program files (x86)/atmel/atmel studio 6.0/extensions/atmel/avrgcc/3.4.1.95/avrtoolchain/bin/../lib/gcc/avr32/4.4.3/../../../../avr32/lib/ucr3fp\libc.a(lib_a-mlock.o)
                0x8001081e                __malloc_unlock
 .text.__hi0bits
                0x80010820       0x60 c:/program files (x86)/atmel/atmel studio 6.0/extensions/atmel/avrgcc/3.4.1.95/avrtoolchain/bin/../lib/gcc/avr32/4.4.3/../../../../avr32/lib/ucr3fp\libc.a(lib_a-mprec.o)
                0x80010820                __hi0bits
 .text.__lo0bits
                0x80010880       0x8e c:/program files (x86)/atmel/atmel studio 6.0/extensions/atmel/avrgcc/3.4.1.95/avrtoolchain/bin/../lib/gcc/avr32/4.4.3/../../../../avr32/lib/ucr3fp\libc.a(lib_a-mprec.o)
                0x80010880                __lo0bits
 .text.__mcmp   0x8001090e       0x32 c:/program files (x86)/atmel/atmel studio 6.0/extensions/atmel/avrgcc/3.4.1.95/avrtoolchain/bin/../lib/gcc/avr32/4.4.3/../../../../avr32/lib/ucr3fp\libc.a(lib_a-mprec.o)
                0x8001090e                __mcmp
 .text._Bfree   0x80010940       0x34 c:/program files (x86)/atmel/atmel studio 6.0/extensions/atmel/avrgcc/3.4.1.95/avrtoolchain/bin/../lib/gcc/avr32/4.4.3/../../../../avr32/lib/ucr3fp\libc.a(lib_a-mprec.o)
                                 0x38 (size before relaxing)
                0x80010940                _Bfree
 .text._Balloc  0x80010974       0x70 c:/program files (x86)/atmel/atmel studio 6.0/extensions/atmel/avrgcc/3.4.1.95/avrtoolchain/bin/../lib/gcc/avr32/4.4.3/../../../../avr32/lib/ucr3fp\libc.a(lib_a-mprec.o)
                                 0x78 (size before relaxing)
                0x80010974                _Balloc
 .text.__d2b    0x800109e4       0xa8 c:/program files (x86)/atmel/atmel studio 6.0/extensions/atmel/avrgcc/3.4.1.95/avrtoolchain/bin/../lib/gcc/avr32/4.4.3/../../../../avr32/lib/ucr3fp\libc.a(lib_a-mprec.o)
                                 0xbc (size before relaxing)
                0x800109e4                __d2b
 .text.__mdiff  0x80010a8c       0xd0 c:/program files (x86)/atmel/atmel studio 6.0/extensions/atmel/avrgcc/3.4.1.95/avrtoolchain/bin/../lib/gcc/avr32/4.4.3/../../../../avr32/lib/ucr3fp\libc.a(lib_a-mprec.o)
                                 0xd8 (size before relaxing)
                0x80010a8c                __mdiff
 .text.__lshift
                0x80010b5c       0x88 c:/program files (x86)/atmel/atmel studio 6.0/extensions/atmel/avrgcc/3.4.1.95/avrtoolchain/bin/../lib/gcc/avr32/4.4.3/../../../../avr32/lib/ucr3fp\libc.a(lib_a-mprec.o)
                                 0x94 (size before relaxing)
                0x80010b5c                __lshift
 .text.__multiply
                0x80010be4      0x100 c:/program files (x86)/atmel/atmel studio 6.0/extensions/atmel/avrgcc/3.4.1.95/avrtoolchain/bin/../lib/gcc/avr32/4.4.3/../../../../avr32/lib/ucr3fp\libc.a(lib_a-mprec.o)
                                0x108 (size before relaxing)
                0x80010be4                __multiply
 .text.__i2b    0x80010ce4       0x10 c:/program files (x86)/atmel/atmel studio 6.0/extensions/atmel/avrgcc/3.4.1.95/avrtoolchain/bin/../lib/gcc/avr32/4.4.3/../../../../avr32/lib/ucr3fp\libc.a(lib_a-mprec.o)
                                 0x18 (size before relaxing)
                0x80010ce4                __i2b
 .text.__multadd
                0x80010cf4       0x7c c:/program files (x86)/atmel/atmel studio 6.0/extensions/atmel/avrgcc/3.4.1.95/avrtoolchain/bin/../lib/gcc/avr32/4.4.3/../../../../avr32/lib/ucr3fp\libc.a(lib_a-mprec.o)
                                 0x88 (size before relaxing)
                0x80010cf4                __multadd
 .text.__pow5mult
                0x80010d70       0x90 c:/program files (x86)/atmel/atmel studio 6.0/extensions/atmel/avrgcc/3.4.1.95/avrtoolchain/bin/../lib/gcc/avr32/4.4.3/../../../../avr32/lib/ucr3fp\libc.a(lib_a-mprec.o)
                                 0xac (size before relaxing)
                0x80010d70                __pow5mult
 .text._realloc_r
                0x80010e00      0x2c4 c:/program files (x86)/atmel/atmel studio 6.0/extensions/atmel/avrgcc/3.4.1.95/avrtoolchain/bin/../lib/gcc/avr32/4.4.3/../../../../avr32/lib/ucr3fp\libc.a(lib_a-reallocr.o)
                                0x2e0 (size before relaxing)
                0x80010e00                _realloc_r
 .text._sbrk_r  0x800110c4       0x20 c:/program files (x86)/atmel/atmel studio 6.0/extensions/atmel/avrgcc/3.4.1.95/avrtoolchain/bin/../lib/gcc/avr32/4.4.3/../../../../avr32/lib/ucr3fp\libc.a(lib_a-sbrkr.o)
                                 0x28 (size before relaxing)
                0x800110c4                _sbrk_r
 .text.__isinfd
                0x800110e4       0x2a c:/program files (x86)/atmel/atmel studio 6.0/extensions/atmel/avrgcc/3.4.1.95/avrtoolchain/bin/../lib/gcc/avr32/4.4.3/../../../../avr32/lib/ucr3fp\libc.a(lib_a-s_isinfd.o)
                0x800110e4                __isinfd
 .text.__isnand
                0x8001110e       0x1c c:/program files (x86)/atmel/atmel studio 6.0/extensions/atmel/avrgcc/3.4.1.95/avrtoolchain/bin/../lib/gcc/avr32/4.4.3/../../../../avr32/lib/ucr3fp\libc.a(lib_a-s_isnand.o)
                0x8001110e                __isnand
 *fill*         0x8001112a        0x2 d703d703
 .text.__sclose
                0x8001112c        0x8 c:/program files (x86)/atmel/atmel studio 6.0/extensions/atmel/avrgcc/3.4.1.95/avrtoolchain/bin/../lib/gcc/avr32/4.4.3/../../../../avr32/lib/ucr3fp\libc.a(lib_a-stdio.o)
                                 0x10 (size before relaxing)
                0x8001112c                __sclose
 .text.__sseek  0x80011134       0x28 c:/program files (x86)/atmel/atmel studio 6.0/extensions/atmel/avrgcc/3.4.1.95/avrtoolchain/bin/../lib/gcc/avr32/4.4.3/../../../../avr32/lib/ucr3fp\libc.a(lib_a-stdio.o)
                                 0x2c (size before relaxing)
                0x80011134                __sseek
 .text.__swrite
                0x8001115c       0x2c c:/program files (x86)/atmel/atmel studio 6.0/extensions/atmel/avrgcc/3.4.1.95/avrtoolchain/bin/../lib/gcc/avr32/4.4.3/../../../../avr32/lib/ucr3fp\libc.a(lib_a-stdio.o)
                                 0x38 (size before relaxing)
                0x8001115c                __swrite
 .text.__sread  0x80011188       0x1c c:/program files (x86)/atmel/atmel studio 6.0/extensions/atmel/avrgcc/3.4.1.95/avrtoolchain/bin/../lib/gcc/avr32/4.4.3/../../../../avr32/lib/ucr3fp\libc.a(lib_a-stdio.o)
                                 0x24 (size before relaxing)
                0x80011188                __sread
 .text.strlen   0x800111a4       0x16 c:/program files (x86)/atmel/atmel studio 6.0/extensions/atmel/avrgcc/3.4.1.95/avrtoolchain/bin/../lib/gcc/avr32/4.4.3/../../../../avr32/lib/ucr3fp\libc.a(lib_a-strlen.o)
                0x800111a4                strlen
 *fill*         0x800111ba        0x2 d703d703
 .text._close   0x800111bc       0x18 c:/program files (x86)/atmel/atmel studio 6.0/extensions/atmel/avrgcc/3.4.1.95/avrtoolchain/bin/../lib/gcc/avr32/4.4.3/../../../../avr32/lib/ucr3fp\libc.a(lib_a-syscalls.o)
                0x800111bc                _close
 .text._lseek   0x800111d4       0x18 c:/program files (x86)/atmel/atmel studio 6.0/extensions/atmel/avrgcc/3.4.1.95/avrtoolchain/bin/../lib/gcc/avr32/4.4.3/../../../../avr32/lib/ucr3fp\libc.a(lib_a-syscalls.o)
                0x800111d4                _lseek
 .text._read    0x800111ec       0x18 c:/program files (x86)/atmel/atmel studio 6.0/extensions/atmel/avrgcc/3.4.1.95/avrtoolchain/bin/../lib/gcc/avr32/4.4.3/../../../../avr32/lib/ucr3fp\libc.a(lib_a-syscalls.o)
                0x800111ec                _read
 .text._write   0x80011204       0x18 c:/program files (x86)/atmel/atmel studio 6.0/extensions/atmel/avrgcc/3.4.1.95/avrtoolchain/bin/../lib/gcc/avr32/4.4.3/../../../../avr32/lib/ucr3fp\libc.a(lib_a-syscalls.o)
                0x80011204                _write
 .text.isatty   0x8001121c       0x18 c:/program files (x86)/atmel/atmel studio 6.0/extensions/atmel/avrgcc/3.4.1.95/avrtoolchain/bin/../lib/gcc/avr32/4.4.3/../../../../avr32/lib/ucr3fp\libc.a(lib_a-syscalls.o)
                0x8001121c                isatty
 .text._fstat_host
                0x80011234       0x18 c:/program files (x86)/atmel/atmel studio 6.0/extensions/atmel/avrgcc/3.4.1.95/avrtoolchain/bin/../lib/gcc/avr32/4.4.3/../../../../avr32/lib/ucr3fp\libc.a(lib_a-syscalls.o)
                0x80011234                _fstat_host
 .text._fstat   0x8001124c       0x4c c:/program files (x86)/atmel/atmel studio 6.0/extensions/atmel/avrgcc/3.4.1.95/avrtoolchain/bin/../lib/gcc/avr32/4.4.3/../../../../avr32/lib/ucr3fp\libc.a(lib_a-syscalls.o)
                                 0x50 (size before relaxing)
                0x8001124c                _fstat
 .text._sbrk    0x80011298       0x3c c:/program files (x86)/atmel/atmel studio 6.0/extensions/atmel/avrgcc/3.4.1.95/avrtoolchain/bin/../lib/gcc/avr32/4.4.3/../../../../avr32/lib/ucr3fp\libc.a(lib_a-syscalls.o)
                                 0x40 (size before relaxing)
                0x80011298                _sbrk
 .text._write_r
                0x800112d4       0x28 c:/program files (x86)/atmel/atmel studio 6.0/extensions/atmel/avrgcc/3.4.1.95/avrtoolchain/bin/../lib/gcc/avr32/4.4.3/../../../../avr32/lib/ucr3fp\libc.a(lib_a-writer.o)
                                 0x2c (size before relaxing)
                0x800112d4                _write_r
 .text._calloc_r
                0x800112fc       0x58 c:/program files (x86)/atmel/atmel studio 6.0/extensions/atmel/avrgcc/3.4.1.95/avrtoolchain/bin/../lib/gcc/avr32/4.4.3/../../../../avr32/lib/ucr3fp\libc.a(lib_a-callocr.o)
                                 0x60 (size before relaxing)
                0x800112fc                _calloc_r
 .text._close_r
                0x80011354       0x20 c:/program files (x86)/atmel/atmel studio 6.0/extensions/atmel/avrgcc/3.4.1.95/avrtoolchain/bin/../lib/gcc/avr32/4.4.3/../../../../avr32/lib/ucr3fp\libc.a(lib_a-closer.o)
                                 0x28 (size before relaxing)
                0x80011354                _close_r
 .text.__errno  0x80011374        0xc c:/program files (x86)/atmel/atmel studio 6.0/extensions/atmel/avrgcc/3.4.1.95/avrtoolchain/bin/../lib/gcc/avr32/4.4.3/../../../../avr32/lib/ucr3fp\libc.a(lib_a-errno.o)
                0x80011374                __errno
 .text._fclose_r
                0x80011380       0xbc c:/program files (x86)/atmel/atmel studio 6.0/extensions/atmel/avrgcc/3.4.1.95/avrtoolchain/bin/../lib/gcc/avr32/4.4.3/../../../../avr32/lib/ucr3fp\libc.a(lib_a-fclose.o)
                                 0xd0 (size before relaxing)
                0x80011380                _fclose_r
 .text.fclose   0x8001143c       0x10 c:/program files (x86)/atmel/atmel studio 6.0/extensions/atmel/avrgcc/3.4.1.95/avrtoolchain/bin/../lib/gcc/avr32/4.4.3/../../../../avr32/lib/ucr3fp\libc.a(lib_a-fclose.o)
                                 0x18 (size before relaxing)
                0x8001143c                fclose
 .text._fstat_r
                0x8001144c       0x24 c:/program files (x86)/atmel/atmel studio 6.0/extensions/atmel/avrgcc/3.4.1.95/avrtoolchain/bin/../lib/gcc/avr32/4.4.3/../../../../avr32/lib/ucr3fp\libc.a(lib_a-fstatr.o)
                                 0x2c (size before relaxing)
                0x8001144c                _fstat_r
 .text._lseek_r
                0x80011470       0x28 c:/program files (x86)/atmel/atmel studio 6.0/extensions/atmel/avrgcc/3.4.1.95/avrtoolchain/bin/../lib/gcc/avr32/4.4.3/../../../../avr32/lib/ucr3fp\libc.a(lib_a-lseekr.o)
                                 0x2c (size before relaxing)
                0x80011470                _lseek_r
 .text._read_r  0x80011498       0x28 c:/program files (x86)/atmel/atmel studio 6.0/extensions/atmel/avrgcc/3.4.1.95/avrtoolchain/bin/../lib/gcc/avr32/4.4.3/../../../../avr32/lib/ucr3fp\libc.a(lib_a-readr.o)
                                 0x2c (size before relaxing)
                0x80011498                _read_r
 .text          0x800114c0      0x1d4 c:/program files (x86)/atmel/atmel studio 6.0/extensions/atmel/avrgcc/3.4.1.95/avrtoolchain/bin/../lib/gcc/avr32/4.4.3/ucr3fp\libgcc.a(_avr32_f64_mul.o)
                0x800114c0                __avr32_f64_mul
 .text          0x80011694      0x2a8 c:/program files (x86)/atmel/atmel studio 6.0/extensions/atmel/avrgcc/3.4.1.95/avrtoolchain/bin/../lib/gcc/avr32/4.4.3/ucr3fp\libgcc.a(_avr32_f64_addsub.o)
                0x80011698                __avr32_f64_sub
                0x80011834                __avr32_f64_add
 .text          0x8001193c       0x2a c:/program files (x86)/atmel/atmel studio 6.0/extensions/atmel/avrgcc/3.4.1.95/avrtoolchain/bin/../lib/gcc/avr32/4.4.3/ucr3fp\libgcc.a(_avr32_f64_to_s32.o)
                0x8001193c                __avr32_f64_to_u32
                0x80011940                __avr32_f64_to_s32
 .text          0x80011966       0x26 c:/program files (x86)/atmel/atmel studio 6.0/extensions/atmel/avrgcc/3.4.1.95/avrtoolchain/bin/../lib/gcc/avr32/4.4.3/ucr3fp\libgcc.a(_avr32_f64_cmp_eq.o)
                0x80011966                __avr32_f64_cmp_eq
 .text          0x8001198c       0x68 c:/program files (x86)/atmel/atmel studio 6.0/extensions/atmel/avrgcc/3.4.1.95/avrtoolchain/bin/../lib/gcc/avr32/4.4.3/ucr3fp\libgcc.a(_avr32_f64_cmp_lt.o)
                0x8001198c                __avr32_f64_cmp_lt
 .text          0x800119f4      0x318 c:/program files (x86)/atmel/atmel studio 6.0/extensions/atmel/avrgcc/3.4.1.95/avrtoolchain/bin/../lib/gcc/avr32/4.4.3/ucr3fp\libgcc.a(_avr32_f64_div.o)
                0x800119f4                __avr32_f64_div
 .text          0x80011d0c      0x292 c:/program files (x86)/atmel/atmel studio 6.0/extensions/atmel/avrgcc/3.4.1.95/avrtoolchain/bin/../lib/gcc/avr32/4.4.3/ucr3fp\libgcc.a(_udivdi3.o)
                0x80011d0c                __avr32_udiv64
                0x80011d0c                __udivdi3
 .text          0x80011f9e      0x272 c:/program files (x86)/atmel/atmel studio 6.0/extensions/atmel/avrgcc/3.4.1.95/avrtoolchain/bin/../lib/gcc/avr32/4.4.3/ucr3fp\libgcc.a(_umoddi3.o)
                0x80011f9e                __avr32_umod64
                0x80011f9e                __umoddi3
 *(.text.*personality*)
 *(.gnu.warning)

.exception      0x80012400      0x200
 .exception     0x80012400      0x200 src/asf/avr32/drivers/intc/exception.o
                0x80012400                _evba
                0x80012504                _int0
                0x80012512                _int1
                0x80012520                _int2
                0x8001252e                _int3

.fini
 *(.fini)
                0x80012600                PROVIDE (__etext, .)
                0x80012600                PROVIDE (_etext, .)
                0x80012600                PROVIDE (etext, .)

.rodata         0x80012600     0x1ca8
 *(.rodata .rodata.* .gnu.linkonce.r.*)
 .rodata.SDRAMC_EBI_GPIO_MAP.14470
                0x80012600      0x128 src/asf/avr32/drivers/ebi/sdramc/sdramc.o
 .rodata.gpio_enable_module_pin
                0x80012728       0x20 src/asf/avr32/drivers/gpio/gpio.o
 .rodata._int_handler_table
                0x80012748      0x178 src/asf/avr32/drivers/intc/intc.o
 .rodata.const_FSI_LeadSig
                0x800128c0        0x4 src/asf/avr32/services/fs/fat/fat_unusual.o
                0x800128c0                const_FSI_LeadSig
 .rodata.fs_s_tab_incorrect_char
                0x800128c4        0x8 src/asf/avr32/services/fs/fat/fat_unusual.o
                0x800128c4                fs_s_tab_incorrect_char
 .rodata.fs_s_execption_char
                0x800128cc        0x8 src/asf/avr32/services/fs/fat/fat_unusual.o
                0x800128cc                fs_s_execption_char
 .rodata.const_FSI_StrucSig
                0x800128d4        0x4 src/asf/avr32/services/fs/fat/fat_unusual.o
                0x800128d4                const_FSI_StrucSig
 .rodata.DBG_USART_GPIO_MAP.14756
                0x800128d8       0x10 src/asf/avr32/utils/debug/print_funcs.o
 .rodata.str1.4
                0x800128e8       0x98 src/asf/common/boards/user_board/init.o
 .rodata.lun_desc
                0x80012980       0x1c src/asf/common/services/storage/ctrl_access/ctrl_access.o
 .rodata.str1.4
                0x8001299c       0x17 src/asf/common/services/storage/ctrl_access/ctrl_access.o
                                 0x18 (size before relaxing)
 *fill*         0x800129b3        0x1 00
 .rodata.BMPHeader
                0x800129b4       0x10 src/CustomDevices/Bitmap.o
                0x800129b4                BMPHeader
 .rodata.DIBHead
                0x800129c4       0x7c src/CustomDevices/Bitmap.o
                0x800129c4                DIBHead
 .rodata.ACIFA_GPIO_MAP.18321
                0x80012a40       0x20 src/CustomDevices/MotorDriver.o
 .rodata.str1.4
                0x80012a60       0x54 src/CustomDevices/MotorDriver.o
 .rodata.C.62.18290
                0x80012ab4       0x14 src/CustomDevices/MotorDriver.o
 .rodata.str1.4
                0x80012ac8       0x4d src/CustomDevices/OV7670.o
                                 0x50 (size before relaxing)
 .rodata.default_settings
                0x80012b15      0x14e src/CustomDevices/OV7670_Setup.o
                0x80012b15                default_settings
 *fill*         0x80012c63        0x1 00
 .rodata.C.57.18277
                0x80012c64       0x10 src/CustomDevices/SD_Card.o
 .rodata.str1.4
                0x80012c74      0x184 src/CustomDevices/SD_Card.o
                                0x198 (size before relaxing)
 .rodata.SD_MMC_SPI_GPIO_MAP.18275
                0x80012df8       0x20 src/CustomDevices/SD_Card.o
 .rodata.C.54.17623
                0x80012e18       0x10 src/CustomDevices/TWI.o
 .rodata.C.55.17624
                0x80012e28       0x10 src/CustomDevices/TWI.o
 .rodata.main   0x80012e38      0x1cc src/main.o
 .rodata.str1.4
                0x80013004      0xbf5 src/main.o
                                0xc0c (size before relaxing)
 *fill*         0x80013bf9        0x3 00
 .rodata.complex_abs_end_kernel_opti.15288
                0x80013bfc       0x10 ../src/asf/avr32/utils/libs/dsplib/at32ucr3fp/gcc\libdsp-at32ucr3fp-dspspeed_opt.a(vect_dsp16_complex_abs.o)
 .rodata.conj_end_kernel_opti.15243
                0x80013c0c       0x10 ../src/asf/avr32/utils/libs/dsplib/at32ucr3fp/gcc\libdsp-at32ucr3fp-dspspeed_opt.a(vect_dsp16_complex_conj_at32uc.o)
 .rodata._ctype_
                0x80013c1c      0x104 c:/program files (x86)/atmel/atmel studio 6.0/extensions/atmel/avrgcc/3.4.1.95/avrtoolchain/bin/../lib/gcc/avr32/4.4.3/../../../../avr32/lib/ucr3fp\libc.a(lib_a-ctype_.o)
                0x80013c1c                _ctype_
 .rodata.str1.4
                0x80013d20        0x2 c:/program files (x86)/atmel/atmel studio 6.0/extensions/atmel/avrgcc/3.4.1.95/avrtoolchain/bin/../lib/gcc/avr32/4.4.3/../../../../avr32/lib/ucr3fp\libc.a(lib_a-impure.o)
                                  0x4 (size before relaxing)
 *fill*         0x80013d22        0x2 00
 .rodata._global_impure_ptr
                0x80013d24        0x4 c:/program files (x86)/atmel/atmel studio 6.0/extensions/atmel/avrgcc/3.4.1.95/avrtoolchain/bin/../lib/gcc/avr32/4.4.3/../../../../avr32/lib/ucr3fp\libc.a(lib_a-impure.o)
                0x80013d24                _global_impure_ptr
 .rodata.get_arg
                0x80013d28       0x3c c:/program files (x86)/atmel/atmel studio 6.0/extensions/atmel/avrgcc/3.4.1.95/avrtoolchain/bin/../lib/gcc/avr32/4.4.3/../../../../avr32/lib/ucr3fp\libc.a(lib_a-vfprintf.o)
 .rodata._vfprintf_r
                0x80013d64      0x164 c:/program files (x86)/atmel/atmel studio 6.0/extensions/atmel/avrgcc/3.4.1.95/avrtoolchain/bin/../lib/gcc/avr32/4.4.3/../../../../avr32/lib/ucr3fp\libc.a(lib_a-vfprintf.o)
 .rodata.state_table
                0x80013ec8       0x6c c:/program files (x86)/atmel/atmel studio 6.0/extensions/atmel/avrgcc/3.4.1.95/avrtoolchain/bin/../lib/gcc/avr32/4.4.3/../../../../avr32/lib/ucr3fp\libc.a(lib_a-vfprintf.o)
 .rodata.action_table
                0x80013f34       0x6c c:/program files (x86)/atmel/atmel studio 6.0/extensions/atmel/avrgcc/3.4.1.95/avrtoolchain/bin/../lib/gcc/avr32/4.4.3/../../../../avr32/lib/ucr3fp\libc.a(lib_a-vfprintf.o)
 .rodata.str1.4
                0x80013fa0       0x3a c:/program files (x86)/atmel/atmel studio 6.0/extensions/atmel/avrgcc/3.4.1.95/avrtoolchain/bin/../lib/gcc/avr32/4.4.3/../../../../avr32/lib/ucr3fp\libc.a(lib_a-vfprintf.o)
                                 0x3c (size before relaxing)
 *fill*         0x80013fda        0x2 00
 .rodata.blanks.3430
                0x80013fdc       0x10 c:/program files (x86)/atmel/atmel studio 6.0/extensions/atmel/avrgcc/3.4.1.95/avrtoolchain/bin/../lib/gcc/avr32/4.4.3/../../../../avr32/lib/ucr3fp\libc.a(lib_a-vfprintf.o)
 .rodata.zeroes.3431
                0x80013fec       0x10 c:/program files (x86)/atmel/atmel studio 6.0/extensions/atmel/avrgcc/3.4.1.95/avrtoolchain/bin/../lib/gcc/avr32/4.4.3/../../../../avr32/lib/ucr3fp\libc.a(lib_a-vfprintf.o)
 .rodata.chclass
                0x80013ffc      0x100 c:/program files (x86)/atmel/atmel studio 6.0/extensions/atmel/avrgcc/3.4.1.95/avrtoolchain/bin/../lib/gcc/avr32/4.4.3/../../../../avr32/lib/ucr3fp\libc.a(lib_a-vfprintf.o)
 .rodata.str1.4
                0x800140fc       0x10 c:/program files (x86)/atmel/atmel studio 6.0/extensions/atmel/avrgcc/3.4.1.95/avrtoolchain/bin/../lib/gcc/avr32/4.4.3/../../../../avr32/lib/ucr3fp\libc.a(lib_a-dtoa.o)
                                 0x14 (size before relaxing)
 .rodata.__sf_fake_stdin
                0x8001410c       0x20 c:/program files (x86)/atmel/atmel studio 6.0/extensions/atmel/avrgcc/3.4.1.95/avrtoolchain/bin/../lib/gcc/avr32/4.4.3/../../../../avr32/lib/ucr3fp\libc.a(lib_a-findfp.o)
                0x8001410c                __sf_fake_stdin
 .rodata.__sf_fake_stdout
                0x8001412c       0x20 c:/program files (x86)/atmel/atmel studio 6.0/extensions/atmel/avrgcc/3.4.1.95/avrtoolchain/bin/../lib/gcc/avr32/4.4.3/../../../../avr32/lib/ucr3fp\libc.a(lib_a-findfp.o)
                0x8001412c                __sf_fake_stdout
 .rodata.__sf_fake_stderr
                0x8001414c       0x20 c:/program files (x86)/atmel/atmel studio 6.0/extensions/atmel/avrgcc/3.4.1.95/avrtoolchain/bin/../lib/gcc/avr32/4.4.3/../../../../avr32/lib/ucr3fp\libc.a(lib_a-findfp.o)
                0x8001414c                __sf_fake_stderr
 .rodata.lconv  0x8001416c       0x30 c:/program files (x86)/atmel/atmel studio 6.0/extensions/atmel/avrgcc/3.4.1.95/avrtoolchain/bin/../lib/gcc/avr32/4.4.3/../../../../avr32/lib/ucr3fp\libc.a(lib_a-locale.o)
 .rodata.str1.4
                0x8001419c       0x10 c:/program files (x86)/atmel/atmel studio 6.0/extensions/atmel/avrgcc/3.4.1.95/avrtoolchain/bin/../lib/gcc/avr32/4.4.3/../../../../avr32/lib/ucr3fp\libc.a(lib_a-locale.o)
                                 0x18 (size before relaxing)
 .rodata.p05.2471
                0x800141ac        0xc c:/program files (x86)/atmel/atmel studio 6.0/extensions/atmel/avrgcc/3.4.1.95/avrtoolchain/bin/../lib/gcc/avr32/4.4.3/../../../../avr32/lib/ucr3fp\libc.a(lib_a-mprec.o)
 .rodata.__mprec_tens
                0x800141b8       0xc8 c:/program files (x86)/atmel/atmel studio 6.0/extensions/atmel/avrgcc/3.4.1.95/avrtoolchain/bin/../lib/gcc/avr32/4.4.3/../../../../avr32/lib/ucr3fp\libc.a(lib_a-mprec.o)
                0x800141b8                __mprec_tens
 .rodata.__mprec_bigtens
                0x80014280       0x28 c:/program files (x86)/atmel/atmel studio 6.0/extensions/atmel/avrgcc/3.4.1.95/avrtoolchain/bin/../lib/gcc/avr32/4.4.3/../../../../avr32/lib/ucr3fp\libc.a(lib_a-mprec.o)
                0x80014280                __mprec_bigtens

.rodata1
 *(.rodata1)

.eh_frame_hdr
 *(.eh_frame_hdr)

.eh_frame
 *(.eh_frame)

.gcc_except_table
 *(.gcc_except_table)
 *(.gcc_except_table.*)

.dalign         0x800142a8        0x0
                0x800142a8                . = ALIGN (0x8)
                0x800142a8                PROVIDE (_data_lma, .)
                0x00000004                PROVIDE (_data, ORIGIN (CPUSRAM))
                0x00000004                . = ORIGIN (CPUSRAM)

.eh_frame
 *(.eh_frame)

.gcc_except_table
 *(.gcc_except_table)
 *(.gcc_except_table.*)

.tdata
 *(.tdata .tdata.* .gnu.linkonce.td.*)

.tbss
 *(.tbss .tbss.* .gnu.linkonce.tb.*)
 *(.tcommon)
                0x00000004                PROVIDE (__preinit_array_start, ALIGN (0x4))

.preinit_array
 *(.preinit_array)
                0x00000004                PROVIDE (__preinit_array_end, .)
                0x00000004                PROVIDE (__init_array_start, .)

.init_array
 *(.init_array)
                0x00000004                PROVIDE (__init_array_end, .)
                0x00000004                PROVIDE (__fini_array_start, .)

.fini_array
 *(.fini_array)
                0x00000004                PROVIDE (__fini_array_end, .)

.ctors
 *crtbegin*.o(.ctors)
 *(EXCLUDE_FILE(*crtend*.o) .ctors)
 *(SORT(.ctors.*))
 *(.ctors)

.dtors
 *crtbegin*.o(.dtors)
 *(EXCLUDE_FILE(*crtend*.o) .dtors)
 *(SORT(.dtors.*))
 *(.dtors)

.jcr
 *(.jcr)

.data.rel.ro
 *(.data.rel.ro.local)
 *(.data.rel.ro*)

.dynamic
 *(.dynamic)

.got
 *(.got.plt)
 *(.got)

.data           0x00000004     0x1114 load address 0x800142a8
 *(.data .data.* .gnu.linkonce.d.*)
 .data.sd_mmc_spi_presence_status
                0x00000004        0x1 src/asf/avr32/components/memory/sd_mmc/sd_mmc_spi/sd_mmc_spi_mem.o
                0x00000004                sd_mmc_spi_presence_status
 *fill*         0x00000005        0x3 00
 .data.flashc_wait_until_ready
                0x00000008        0x4 src/asf/avr32/drivers/flashc/flashc.o
                0x00000008                flashc_wait_until_ready
 .data.dsp16_twiddle_factors2
                0x0000000c      0x800 ../src/asf/avr32/utils/libs/dsplib/at32ucr3fp/gcc\libdsp-at32ucr3fp-dspspeed_opt.a(trans_dsp16_twiddle_factors.o)
                0x0000000c                dsp16_twiddle_factors2
 .data.dsp16_twiddle_factors
                0x0000080c      0x404 ../src/asf/avr32/utils/libs/dsplib/at32ucr3fp/gcc\libdsp-at32ucr3fp-dspspeed_opt.a(trans_dsp16_twiddle_factors.o)
                0x0000080c                dsp16_twiddle_factors
 .data.__ctype_ptr
                0x00000c10        0x4 c:/program files (x86)/atmel/atmel studio 6.0/extensions/atmel/avrgcc/3.4.1.95/avrtoolchain/bin/../lib/gcc/avr32/4.4.3/../../../../avr32/lib/ucr3fp\libc.a(lib_a-ctype_.o)
                0x00000c10                __ctype_ptr
 .data.impure_data
                0x00000c14       0xf0 c:/program files (x86)/atmel/atmel studio 6.0/extensions/atmel/avrgcc/3.4.1.95/avrtoolchain/bin/../lib/gcc/avr32/4.4.3/../../../../avr32/lib/ucr3fp\libc.a(lib_a-impure.o)
 .data._impure_ptr
                0x00000d04        0x4 c:/program files (x86)/atmel/atmel studio 6.0/extensions/atmel/avrgcc/3.4.1.95/avrtoolchain/bin/../lib/gcc/avr32/4.4.3/../../../../avr32/lib/ucr3fp\libc.a(lib_a-impure.o)
                0x00000d04                _impure_ptr
 .data.__malloc_av_
                0x00000d08      0x408 c:/program files (x86)/atmel/atmel studio 6.0/extensions/atmel/avrgcc/3.4.1.95/avrtoolchain/bin/../lib/gcc/avr32/4.4.3/../../../../avr32/lib/ucr3fp\libc.a(lib_a-mallocr.o)
                0x00000d08                __malloc_av_
 .data.__malloc_trim_threshold
                0x00001110        0x4 c:/program files (x86)/atmel/atmel studio 6.0/extensions/atmel/avrgcc/3.4.1.95/avrtoolchain/bin/../lib/gcc/avr32/4.4.3/../../../../avr32/lib/ucr3fp\libc.a(lib_a-mallocr.o)
                0x00001110                __malloc_trim_threshold
 .data.__malloc_sbrk_base
                0x00001114        0x4 c:/program files (x86)/atmel/atmel studio 6.0/extensions/atmel/avrgcc/3.4.1.95/avrtoolchain/bin/../lib/gcc/avr32/4.4.3/../../../../avr32/lib/ucr3fp\libc.a(lib_a-mallocr.o)
                0x00001114                __malloc_sbrk_base
 *(.gnu.linkonce.d.*personality*)

.data1
 *(.data1)

.balign         0x00001118        0x0 load address 0x800153bc
                0x00001118                . = ALIGN (0x8)
                0x00001118                _edata = .
                0x00001118                _edata = .
                0x00001118                PROVIDE (edata, .)
                0x00001118                __bss_start = .

.bss            0x00001118      0x9e0 load address 0x800153bc
 *(.dynbss)
 *(.bss .bss.* .gnu.linkonce.b.*)
 .bss.gl_ptr_mem
                0x00001118        0x4 src/asf/avr32/components/memory/sd_mmc/sd_mmc_spi/sd_mmc_spi.o
 .bss.sd_mmc_opt
                0x0000111c       0x10 src/asf/avr32/components/memory/sd_mmc/sd_mmc_spi/sd_mmc_spi.o
 .bss.sd_mmc_pba_hz
                0x0000112c        0x4 src/asf/avr32/components/memory/sd_mmc/sd_mmc_spi/sd_mmc_spi.o
 .bss.sd_mmc_spi_init_done
                0x00001130        0x1 src/asf/avr32/components/memory/sd_mmc/sd_mmc_spi/sd_mmc_spi.o
                0x00001130                sd_mmc_spi_init_done
 *fill*         0x00001131        0x3 00
 .bss.flashc_error_status
                0x00001134        0x4 src/asf/avr32/drivers/flashc/flashc.o
 .bss._int_line_handler_table_0
                0x00001138        0x4 src/asf/avr32/drivers/intc/intc.o
 .bss._int_line_handler_table_1
                0x0000113c        0x8 src/asf/avr32/drivers/intc/intc.o
 .bss._int_line_handler_table_2
                0x00001144        0x4 src/asf/avr32/drivers/intc/intc.o
 .bss._int_line_handler_table_3
                0x00001148       0x10 src/asf/avr32/drivers/intc/intc.o
 .bss._int_line_handler_table_4
                0x00001158       0x10 src/asf/avr32/drivers/intc/intc.o
 .bss._int_line_handler_table_5
                0x00001168       0x10 src/asf/avr32/drivers/intc/intc.o
 .bss._int_line_handler_table_6
                0x00001178       0x10 src/asf/avr32/drivers/intc/intc.o
 .bss._int_line_handler_table_7
                0x00001188        0x4 src/asf/avr32/drivers/intc/intc.o
 .bss._int_line_handler_table_8
                0x0000118c        0x4 src/asf/avr32/drivers/intc/intc.o
 .bss._int_line_handler_table_9
                0x00001190       0x28 src/asf/avr32/drivers/intc/intc.o
 .bss._int_line_handler_table_10
                0x000011b8        0x4 src/asf/avr32/drivers/intc/intc.o
 .bss._int_line_handler_table_11
                0x000011bc        0x4 src/asf/avr32/drivers/intc/intc.o
 .bss._int_line_handler_table_12
                0x000011c0        0x4 src/asf/avr32/drivers/intc/intc.o
 .bss._int_line_handler_table_13
                0x000011c4        0x4 src/asf/avr32/drivers/intc/intc.o
 .bss._int_line_handler_table_14
                0x000011c8       0x14 src/asf/avr32/drivers/intc/intc.o
 .bss._int_line_handler_table_15
                0x000011dc       0x10 src/asf/avr32/drivers/intc/intc.o
 .bss._int_line_handler_table_16
                0x000011ec       0x10 src/asf/avr32/drivers/intc/intc.o
 .bss._int_line_handler_table_17
                0x000011fc        0x4 src/asf/avr32/drivers/intc/intc.o
 .bss._int_line_handler_table_18
                0x00001200       0x40 src/asf/avr32/drivers/intc/intc.o
 .bss._int_line_handler_table_19
                0x00001240        0x4 src/asf/avr32/drivers/intc/intc.o
 .bss._int_line_handler_table_33
                0x00001244        0xc src/asf/avr32/drivers/intc/intc.o
 .bss._int_line_handler_table_34
                0x00001250        0xc src/asf/avr32/drivers/intc/intc.o
 .bss._int_line_handler_table_35
                0x0000125c        0x8 src/asf/avr32/drivers/intc/intc.o
 .bss._int_line_handler_table_36
                0x00001264       0x18 src/asf/avr32/drivers/intc/intc.o
 .bss._int_line_handler_table_37
                0x0000127c        0x4 src/asf/avr32/drivers/intc/intc.o
 .bss._int_line_handler_table_38
                0x00001280        0x4 src/asf/avr32/drivers/intc/intc.o
 .bss._int_line_handler_table_39
                0x00001284       0x18 src/asf/avr32/drivers/intc/intc.o
 .bss._int_line_handler_table_40
                0x0000129c       0x18 src/asf/avr32/drivers/intc/intc.o
 .bss._int_line_handler_table_29
                0x000012b4        0x4 src/asf/avr32/drivers/intc/intc.o
 .bss._int_line_handler_table_30
                0x000012b8        0x4 src/asf/avr32/drivers/intc/intc.o
 .bss._int_line_handler_table_31
                0x000012bc        0x4 src/asf/avr32/drivers/intc/intc.o
 .bss._int_line_handler_table_41
                0x000012c0        0x4 src/asf/avr32/drivers/intc/intc.o
 .bss._int_line_handler_table_32
                0x000012c4        0x4 src/asf/avr32/drivers/intc/intc.o
 .bss._int_line_handler_table_45
                0x000012c8        0x4 src/asf/avr32/drivers/intc/intc.o
 .bss._int_line_handler_table_20
                0x000012cc        0x4 src/asf/avr32/drivers/intc/intc.o
 .bss._int_line_handler_table_21
                0x000012d0        0x4 src/asf/avr32/drivers/intc/intc.o
 .bss._int_line_handler_table_22
                0x000012d4        0x4 src/asf/avr32/drivers/intc/intc.o
 .bss._int_line_handler_table_23
                0x000012d8        0x4 src/asf/avr32/drivers/intc/intc.o
 .bss._int_line_handler_table_24
                0x000012dc        0x4 src/asf/avr32/drivers/intc/intc.o
 .bss._int_line_handler_table_25
                0x000012e0        0x4 src/asf/avr32/drivers/intc/intc.o
 .bss._int_line_handler_table_26
                0x000012e4        0x4 src/asf/avr32/drivers/intc/intc.o
 .bss._int_line_handler_table_27
                0x000012e8        0x4 src/asf/avr32/drivers/intc/intc.o
 .bss._int_line_handler_table_28
                0x000012ec        0x4 src/asf/avr32/drivers/intc/intc.o
 .bss._int_line_handler_table_42
                0x000012f0        0x4 src/asf/avr32/drivers/intc/intc.o
 .bss._int_line_handler_table_43
                0x000012f4        0x4 src/asf/avr32/drivers/intc/intc.o
 .bss._int_line_handler_table_44
                0x000012f8        0x4 src/asf/avr32/drivers/intc/intc.o
 .bss._int_line_handler_table_46
                0x000012fc        0x4 src/asf/avr32/drivers/intc/intc.o
 .bss.twim_inst
                0x00001300        0x4 src/asf/avr32/drivers/twim/twim.o
 .bss.twim_rx_data
                0x00001304        0x4 src/asf/avr32/drivers/twim/twim.o
 .bss.twim_rx_nb_bytes
                0x00001308        0x4 src/asf/avr32/drivers/twim/twim.o
 .bss.transfer_status
                0x0000130c        0x4 src/asf/avr32/drivers/twim/twim.o
 .bss.twim_tx_data
                0x00001310        0x4 src/asf/avr32/drivers/twim/twim.o
 .bss.twim_it_mask
                0x00001314        0x4 src/asf/avr32/drivers/twim/twim.o
 .bss.twim_next
                0x00001318        0x1 src/asf/avr32/drivers/twim/twim.o
 *fill*         0x00001319        0x3 00
 .bss.twim_package
                0x0000131c        0x4 src/asf/avr32/drivers/twim/twim.o
 .bss.twim_tx_nb_bytes
                0x00001320        0x4 src/asf/avr32/drivers/twim/twim.o
 .bss._gm_      0x00001324      0x1c8 src/asf/thirdparty/dlmalloc/dlmalloc.o
 .bss.mparams   0x000014ec       0x18 src/asf/thirdparty/dlmalloc/dlmalloc.o
 .bss.cur_heap_pos
                0x00001504        0x4 src/asf/thirdparty/dlmalloc/dlsbrk.o
 .bss.__malloc_max_total_mem
                0x00001508        0x4 c:/program files (x86)/atmel/atmel studio 6.0/extensions/atmel/avrgcc/3.4.1.95/avrtoolchain/bin/../lib/gcc/avr32/4.4.3/../../../../avr32/lib/ucr3fp\libc.a(lib_a-mallocr.o)
                0x00001508                __malloc_max_total_mem
 .bss.__malloc_max_sbrked_mem