Archive member included because of file (symbol)

../src/asf/avr32/utils/libs/dsplib/at32ucr3fp/gcc\libdsp-at32ucr3fp-dspspeed_opt.a(vect_dsp16_complex_abs.o)
                              src/CustomDevices/ImageProcessor.o (dsp16_vect_complex_abs)
../src/asf/avr32/utils/libs/dsplib/at32ucr3fp/gcc\libdsp-at32ucr3fp-dspspeed_opt.a(op_dsp16_sqrt_at32uc.o)
                              ../src/asf/avr32/utils/libs/dsplib/at32ucr3fp/gcc\libdsp-at32ucr3fp-dspspeed_opt.a(vect_dsp16_complex_abs.o) (dsp16_op_sqrt)
../src/asf/avr32/utils/libs/dsplib/at32ucr3fp/gcc\libdsp-at32ucr3fp-dspspeed_opt.a(trans_dsp16_complex_fft_at32uc.o)
                              src/CustomDevices/ImageProcessor.o (dsp16_trans_complexfft)
../src/asf/avr32/utils/libs/dsplib/at32ucr3fp/gcc\libdsp-at32ucr3fp-dspspeed_opt.a(trans_dsp16_real_complex_fft_at32uc.o)
                              src/CustomDevices/ImageProcessor.o (dsp16_trans_realcomplexfft)
../src/asf/avr32/utils/libs/dsplib/at32ucr3fp/gcc\libdsp-at32ucr3fp-dspspeed_opt.a(trans_dsp16_twiddle_factors.o)
                              ../src/asf/avr32/utils/libs/dsplib/at32ucr3fp/gcc\libdsp-at32ucr3fp-dspspeed_opt.a(trans_dsp16_complex_fft_at32uc.o) (dsp16_twiddle_factors)
c:/program files (x86)/atmel/atmel studio 6.0/extensions/atmel/avrgcc/3.4.1.95/avrtoolchain/bin/../lib/gcc/avr32/4.4.3/ucr3fp\libgcc.a(_avr32_s32_to_f64.o)
                              src/main.o (__avr32_s32_to_f64)
c:/program files (x86)/atmel/atmel studio 6.0/extensions/atmel/avrgcc/3.4.1.95/avrtoolchain/bin/../lib/gcc/avr32/4.4.3/ucr3fp\libgcc.a(_avr32_f64_cmp_ge.o)
                              src/main.o (__avr32_f64_cmp_ge)
c:/program files (x86)/atmel/atmel studio 6.0/extensions/atmel/avrgcc/3.4.1.95/avrtoolchain/bin/../lib/gcc/avr32/4.4.3/../../../../avr32/lib/ucr3fp\libc.a(lib_a-ctype_.o)
                              src/asf/avr32/services/fs/fat/navigation.o (__ctype_ptr)
c:/program files (x86)/atmel/atmel studio 6.0/extensions/atmel/avrgcc/3.4.1.95/avrtoolchain/bin/../lib/gcc/avr32/4.4.3/../../../../avr32/lib/ucr3fp\libc.a(lib_a-fprintf.o)
                              src/asf/thirdparty/dlmalloc/dlmalloc.o (fprintf)
c:/program files (x86)/atmel/atmel studio 6.0/extensions/atmel/avrgcc/3.4.1.95/avrtoolchain/bin/../lib/gcc/avr32/4.4.3/../../../../avr32/lib/ucr3fp\libc.a(lib_a-impure.o)
                              src/asf/thirdparty/dlmalloc/dlmalloc.o (_impure_ptr)
c:/program files (x86)/atmel/atmel studio 6.0/extensions/atmel/avrgcc/3.4.1.95/avrtoolchain/bin/../lib/gcc/avr32/4.4.3/../../../../avr32/lib/ucr3fp\libc.a(lib_a-memcmp.o)
                              src/asf/avr32/services/fs/fat/fat_unusual.o (memcmp)
c:/program files (x86)/atmel/atmel studio 6.0/extensions/atmel/avrgcc/3.4.1.95/avrtoolchain/bin/../lib/gcc/avr32/4.4.3/../../../../avr32/lib/ucr3fp\libc.a(lib_a-memcpy.o)
                              src/asf/avr32/drivers/flashc/flashc.o (memcpy)
c:/program files (x86)/atmel/atmel studio 6.0/extensions/atmel/avrgcc/3.4.1.95/avrtoolchain/bin/../lib/gcc/avr32/4.4.3/../../../../avr32/lib/ucr3fp\libc.a(lib_a-memset.o)
                              src/asf/avr32/services/fs/fat/fat.o (memset)
c:/program files (x86)/atmel/atmel studio 6.0/extensions/atmel/avrgcc/3.4.1.95/avrtoolchain/bin/../lib/gcc/avr32/4.4.3/../../../../avr32/lib/ucr3fp\libc.a(lib_a-sprintf.o)
                              src/CustomDevices/OV7670.o (sprintf)
c:/program files (x86)/atmel/atmel studio 6.0/extensions/atmel/avrgcc/3.4.1.95/avrtoolchain/bin/../lib/gcc/avr32/4.4.3/../../../../avr32/lib/ucr3fp\libc.a(lib_a-vfprintf.o)
                              c:/program files (x86)/atmel/atmel studio 6.0/extensions/atmel/avrgcc/3.4.1.95/avrtoolchain/bin/../lib/gcc/avr32/4.4.3/../../../../avr32/lib/ucr3fp\libc.a(lib_a-fprintf.o) (_vfprintf_r)
c:/program files (x86)/atmel/atmel studio 6.0/extensions/atmel/avrgcc/3.4.1.95/avrtoolchain/bin/../lib/gcc/avr32/4.4.3/../../../../avr32/lib/ucr3fp\libc.a(lib_a-wsetup.o)
                              c:/program files (x86)/atmel/atmel studio 6.0/extensions/atmel/avrgcc/3.4.1.95/avrtoolchain/bin/../lib/gcc/avr32/4.4.3/../../../../avr32/lib/ucr3fp\libc.a(lib_a-vfprintf.o) (__swsetup_r)
c:/program files (x86)/atmel/atmel studio 6.0/extensions/atmel/avrgcc/3.4.1.95/avrtoolchain/bin/../lib/gcc/avr32/4.4.3/../../../../avr32/lib/ucr3fp\libc.a(lib_a-dtoa.o)
                              c:/program files (x86)/atmel/atmel studio 6.0/extensions/atmel/avrgcc/3.4.1.95/avrtoolchain/bin/../lib/gcc/avr32/4.4.3/../../../../avr32/lib/ucr3fp\libc.a(lib_a-vfprintf.o) (_dtoa_r)
c:/program files (x86)/atmel/atmel studio 6.0/extensions/atmel/avrgcc/3.4.1.95/avrtoolchain/bin/../lib/gcc/avr32/4.4.3/../../../../avr32/lib/ucr3fp\libc.a(lib_a-fflush.o)
                              c:/program files (x86)/atmel/atmel studio 6.0/extensions/atmel/avrgcc/3.4.1.95/avrtoolchain/bin/../lib/gcc/avr32/4.4.3/../../../../avr32/lib/ucr3fp\libc.a(lib_a-vfprintf.o) (_fflush_r)
[...]
Memory Configuration

Name             Origin             Length             Attributes
FLASH            0x80000000         0x00080000         axrl !w
CPUSRAM          0x00000004         0x0000fffc         axw !rl
USERPAGE         0x80800000         0x00000200
FACTORYPAGE      0x80800200         0x00000200
FLASHVAULT_FLASH_SIZE 0x80800400         0x00000008         r
FLASHVAULT_RAM_SIZE 0x80800408         0x00000008         r
*default*        0x00000000         0xffffffff

Linker script and memory map

                0x00001000                _stack_size = 0x1000
LOAD src/asf/avr32/components/memory/sd_mmc/sd_mmc_spi/sd_mmc_spi.o
LOAD src/asf/avr32/components/memory/sd_mmc/sd_mmc_spi/sd_mmc_spi_mem.o
LOAD src/asf/avr32/drivers/acifa/acifa.o
LOAD src/asf/avr32/drivers/ebi/sdramc/sdramc.o
LOAD src/asf/avr32/drivers/eic/eic.o
LOAD src/asf/avr32/drivers/flashc/flashc.o
LOAD src/asf/avr32/drivers/gpio/gpio.o
LOAD src/asf/avr32/drivers/intc/exception.o
LOAD src/asf/avr32/drivers/intc/intc.o
LOAD src/asf/avr32/drivers/pdca/pdca.o
LOAD src/asf/avr32/drivers/pm/pm_uc3c.o
LOAD src/asf/avr32/drivers/pm/power_clocks_lib.o
LOAD src/asf/avr32/drivers/pwm/pwm4.o
LOAD src/asf/avr32/drivers/scif/scif_uc3c.o
LOAD src/asf/avr32/drivers/spi/spi.o
LOAD src/asf/avr32/drivers/twim/twim.o
LOAD src/asf/avr32/drivers/usart/usart.o
LOAD src/asf/avr32/services/fs/fat/fat.o
LOAD src/asf/avr32/services/fs/fat/fat_unusual.o
LOAD src/asf/avr32/services/fs/fat/file.o
LOAD src/asf/avr32/services/fs/fat/navigation.o
LOAD src/asf/avr32/utils/debug/print_funcs.o
LOAD src/asf/avr32/utils/startup/startup_uc3.o
LOAD src/asf/avr32/utils/startup/trampoline_uc3.o
LOAD src/asf/common/boards/user_board/init.o
LOAD src/asf/common/services/clock/uc3c/osc.o
LOAD src/asf/common/services/clock/uc3c/pll.o
LOAD src/asf/common/services/clock/uc3c/sysclk.o
LOAD src/asf/common/services/storage/ctrl_access/ctrl_access.o
LOAD src/asf/thirdparty/dlmalloc/dlmalloc.o
LOAD src/asf/thirdparty/dlmalloc/dlsbrk.o
LOAD src/CustomDevices/Bitmap.o
LOAD src/CustomDevices/ImageProcessor.o
LOAD src/CustomDevices/MotorDriver.o
LOAD src/CustomDevices/OV7670.o
LOAD src/CustomDevices/OV7670_Setup.o
LOAD src/CustomDevices/PCA9542A.o
LOAD src/CustomDevices/SD_Card.o
LOAD src/CustomDevices/TWI.o
LOAD src/main.o
START GROUP
LOAD ../src/asf/avr32/utils/libs/dsplib/at32ucr3fp/gcc\libdsp-at32ucr3fp-dspspeed_opt.a
END GROUP
LOAD c:/program files (x86)/atmel/atmel studio 6.0/extensions/atmel/avrgcc/3.4.1.95/avrtoolchain/bin/../lib/gcc/avr32/4.4.3/ucr3fp\libgcc.a
LOAD c:/program files (x86)/atmel/atmel studio 6.0/extensions/atmel/avrgcc/3.4.1.95/avrtoolchain/bin/../lib/gcc/avr32/4.4.3/../../../../avr32/lib/ucr3fp\libc.a
LOAD c:/program files (x86)/atmel/atmel studio 6.0/extensions/atmel/avrgcc/3.4.1.95/avrtoolchain/bin/../lib/gcc/avr32/4.4.3/ucr3fp\libgcc.a
                0x80000000                PROVIDE (__executable_start, 0x80000000)
                0x80000000                . = 0x80000000

.interp
 *(.interp)

.reset          0x80000000     0x2004
 *(.reset)
 .reset         0x80000000     0x2004 src/asf/avr32/utils/startup/trampoline_uc3.o
                               0x2008 (size before relaxing)
                0x80000000                _trampoline

.hash
 *(.hash)

.dynsym
 *(.dynsym)

.dynstr
 *(.dynstr)

.gnu.version
 *(.gnu.version)

.gnu.version_d
 *(.gnu.version_d)

.gnu.version_r
 *(.gnu.version_r)

.rel.init
 *(.rel.init)

.rela.init
 *(.rela.init)

.rel.text
 *(.rel.text .rel.text.* .rel.gnu.linkonce.t.*)

.rela.text
 *(.rela.text .rela.text.* .rela.gnu.linkonce.t.*)

.rel.fini
 *(.rel.fini)

.rela.fini
 *(.rela.fini)

.rel.rodata
 *(.rel.rodata .rel.rodata.* .rel.gnu.linkonce.r.*)

.rela.rodata
 *(.rela.rodata .rela.rodata.* .rela.gnu.linkonce.r.*)

.rel.data.rel.ro
 *(.rel.data.rel.ro*)

.rela.data.rel.ro
 *(.rel.data.rel.ro*)

.rel.data
 *(.rel.data .rel.data.* .rel.gnu.linkonce.d.*)

.rela.data
 *(.rela.data .rela.data.* .rela.gnu.linkonce.d.*)

.rel.tdata
 *(.rel.tdata .rel.tdata.* .rel.gnu.linkonce.td.*)

.rela.tdata
 *(.rela.tdata .rela.tdata.* .rela.gnu.linkonce.td.*)

.rel.tbss
 *(.rel.tbss .rel.tbss.* .rel.gnu.linkonce.tb.*)

.rela.tbss
 *(.rela.tbss .rela.tbss.* .rela.gnu.linkonce.tb.*)

.rel.ctors
 *(.rel.ctors)

.rela.ctors
 *(.rela.ctors)

.rel.dtors
 *(.rel.dtors)

.rela.dtors
 *(.rela.dtors)

.rel.got
 *(.rel.got)

.rela.got       0x80002004        0x0
 *(.rela.got)
 .rela.got      0x80002004        0x0 src/asf/avr32/drivers/flashc/flashc.o

.rel.bss
 *(.rel.bss .rel.bss.* .rel.gnu.linkonce.b.*)

.rela.bss
 *(.rela.bss .rela.bss.* .rela.gnu.linkonce.b.*)

.rel.plt
 *(.rel.plt)

.rela.plt
 *(.rela.plt)

.init
 *(.init)

.plt
 *(.plt)

.text           0x80002004     0xf378
 *(.text .stub .text.* .gnu.linkonce.t.*)
 .text.sd_mmc_spi_get_capacity
                0x80002004      0x11c src/asf/avr32/components/memory/sd_mmc/sd_mmc_spi/sd_mmc_spi.o
                0x80002004                sd_mmc_spi_get_capacity
 .text.sd_mmc_spi_write_close
                0x80002120        0x2 src/asf/avr32/components/memory/sd_mmc/sd_mmc_spi/sd_mmc_spi.o
                0x80002120                sd_mmc_spi_write_close
 *fill*         0x80002122        0x2 d703d703
 .text.sd_mmc_spi_send_and_read
                0x80002124       0x34 src/asf/avr32/components/memory/sd_mmc/sd_mmc_spi/sd_mmc_spi.o
                0x80002124                sd_mmc_spi_send_and_read
 .text.sd_mmc_spi_wait_not_busy
                0x80002158       0x58 src/asf/avr32/components/memory/sd_mmc/sd_mmc_spi/sd_mmc_spi.o
                0x80002158                sd_mmc_spi_wait_not_busy
 .text.sd_mmc_spi_write_open
                0x800021b0       0x18 src/asf/avr32/components/memory/sd_mmc/sd_mmc_spi/sd_mmc_spi.o
                0x800021b0                sd_mmc_spi_write_open
 .text.sd_mmc_spi_read_close
                0x800021c8        0xc src/asf/avr32/components/memory/sd_mmc/sd_mmc_spi/sd_mmc_spi.o
                0x800021c8                sd_mmc_spi_read_close
 .text.sd_mmc_spi_read_open
                0x800021d4       0x18 src/asf/avr32/components/memory/sd_mmc/sd_mmc_spi/sd_mmc_spi.o
                0x800021d4                sd_mmc_spi_read_open
 .text.sd_mmc_spi_command
                0x800021ec       0xc8 src/asf/avr32/components/memory/sd_mmc/sd_mmc_spi/sd_mmc_spi.o
                0x800021ec                sd_mmc_spi_command
 .text.sd_mmc_spi_send_command
                0x800022b4       0x40 src/asf/avr32/components/memory/sd_mmc/sd_mmc_spi/sd_mmc_spi.o
                0x800022b4                sd_mmc_spi_send_command
 .text.sd_mmc_spi_check_presence
                0x800022f4       0x7c src/asf/avr32/components/memory/sd_mmc/sd_mmc_spi/sd_mmc_spi.o
                0x800022f4                sd_mmc_spi_check_presence
 .text.sd_mmc_spi_write_sector_from_ram
                0x80002370      0x14c src/asf/avr32/components/memory/sd_mmc/sd_mmc_spi/sd_mmc_spi.o
                0x80002370                sd_mmc_spi_write_sector_from_ram
 .text.sd_mmc_spi_check_hc
                0x800024bc       0x8c src/asf/avr32/components/memory/sd_mmc/sd_mmc_spi/sd_mmc_spi.o
                0x800024bc                sd_mmc_spi_check_hc
 .text.sd_mmc_spi_get_if
                0x80002548       0xb8 src/asf/avr32/components/memory/sd_mmc/sd_mmc_spi/sd_mmc_spi.o
                0x80002548                sd_mmc_spi_get_if
 .text.sd_mmc_spi_read_sector_to_ram
                0x80002600      0x150 src/asf/avr32/components/memory/sd_mmc/sd_mmc_spi/sd_mmc_spi.o
                0x80002600                sd_mmc_spi_read_sector_to_ram
 .text.sd_mmc_spi_get_csd
                0x80002750       0xf4 src/asf/avr32/components/memory/sd_mmc/sd_mmc_spi/sd_mmc_spi.o
                0x80002750                sd_mmc_spi_get_csd
 .text.sd_mmc_spi_internal_init
                0x80002844      0x2a4 src/asf/avr32/components/memory/sd_mmc/sd_mmc_spi/sd_mmc_spi.o
                0x80002844                sd_mmc_spi_internal_init
 .text.sd_mmc_spi_mem_check
                0x80002ae8       0x28 src/asf/avr32/components/memory/sd_mmc/sd_mmc_spi/sd_mmc_spi.o
                0x80002ae8                sd_mmc_spi_mem_check
 .text.sd_mmc_spi_init
                0x80002b10       0x34 src/asf/avr32/components/memory/sd_mmc/sd_mmc_spi/sd_mmc_spi.o
                0x80002b10                sd_mmc_spi_init
 .text.sd_mmc_spi_wr_protect
                0x80002b44        0x2 src/asf/avr32/components/memory/sd_mmc/sd_mmc_spi/sd_mmc_spi_mem.o
                0x80002b44                sd_mmc_spi_wr_protect
 .text.sd_mmc_spi_removal
                0x80002b46        0x2 src/asf/avr32/components/memory/sd_mmc/sd_mmc_spi/sd_mmc_spi_mem.o
                0x80002b46                sd_mmc_spi_removal
 .text.sd_mmc_spi_test_unit_ready
                0x80002b48       0x6c src/asf/avr32/components/memory/sd_mmc/sd_mmc_spi/sd_mmc_spi_mem.o
                0x80002b48                sd_mmc_spi_test_unit_ready
 .text.sd_mmc_spi_mem_init
                0x80002bb4        0xc src/asf/avr32/components/memory/sd_mmc/sd_mmc_spi/sd_mmc_spi_mem.o
                0x80002bb4                sd_mmc_spi_mem_init
 .text.sd_mmc_spi_ram_2_mem
                0x80002bc0       0x68 src/asf/avr32/components/memory/sd_mmc/sd_mmc_spi/sd_mmc_spi_mem.o
                0x80002bc0                sd_mmc_spi_ram_2_mem
 .text.sd_mmc_spi_mem_2_ram
                0x80002c28       0x68 src/asf/avr32/components/memory/sd_mmc/sd_mmc_spi/sd_mmc_spi_mem.o
                0x80002c28                sd_mmc_spi_mem_2_ram
 .text.sd_mmc_spi_read_capacity
                0x80002c90       0x40 src/asf/avr32/components/memory/sd_mmc/sd_mmc_spi/sd_mmc_spi_mem.o
                0x80002c90                sd_mmc_spi_read_capacity
 .text.acifa_is_aca_ready
                0x80002cd0        0x8 src/asf/avr32/drivers/acifa/acifa.o
 .text.acifa_is_acb_ready
                0x80002cd8        0x8 src/asf/avr32/drivers/acifa/acifa.o
 .text.acifa_configure
                0x80002ce0       0x44 src/asf/avr32/drivers/acifa/acifa.o
                0x80002ce0                acifa_configure
 .text.acifa_configure_hysteresis
                0x80002d24       0x24 src/asf/avr32/drivers/acifa/acifa.o
                0x80002d24                acifa_configure_hysteresis
 .text.acifa_start
                0x80002d48       0x58 src/asf/avr32/drivers/acifa/acifa.o
                0x80002d48                acifa_start
 .text.acifa_is_aca_inp_higher
                0x80002da0        0x8 src/asf/avr32/drivers/acifa/acifa.o
                0x80002da0                acifa_is_aca_inp_higher
 .text.acifa_is_acb_inp_higher
                0x80002da8        0x8 src/asf/avr32/drivers/acifa/acifa.o
                0x80002da8                acifa_is_acb_inp_higher
 .text.acifa_clear_flags
                0x80002db0        0x6 src/asf/avr32/drivers/acifa/acifa.o
                0x80002db0                acifa_clear_flags
 .text.acifa_enable_interrupt_toggle
                0x80002db6       0x28 src/asf/avr32/drivers/acifa/acifa.o
                0x80002db6                acifa_enable_interrupt_toggle
 .text.acifa_enable_interrupt
                0x80002dde        0x4 src/asf/avr32/drivers/acifa/acifa.o
                0x80002dde                acifa_enable_interrupt
 .text.sdramc_ck_delay
                0x80002de2       0x22 src/asf/avr32/drivers/ebi/sdramc/sdramc.o
 .text.sdramc_init
                0x80002e04      0x14c src/asf/avr32/drivers/ebi/sdramc/sdramc.o
                0x80002e04                sdramc_init
 .text.eic_init
                0x80002f50       0xd0 src/asf/avr32/drivers/eic/eic.o
                0x80002f50                eic_init
 .text.eic_enable_line
                0x80003020        0xa src/asf/avr32/drivers/eic/eic.o
                0x80003020                eic_enable_line
 .text.eic_enable_interrupt_line
                0x8000302a        0xa src/asf/avr32/drivers/eic/eic.o
                0x8000302a                eic_enable_interrupt_line
 .text.eic_clear_interrupt_line
                0x80003034       0x16 src/asf/avr32/drivers/eic/eic.o
                0x80003034                eic_clear_interrupt_line
 .text.eic_disable_interrupt_line
                0x8000304a       0x16 src/asf/avr32/drivers/eic/eic.o
                0x8000304a                eic_disable_interrupt_line
 .text.flashc_set_wait_state
                0x80003060        0xe src/asf/avr32/drivers/flashc/flashc.o
                0x80003060                flashc_set_wait_state
 .text.flashc_is_ready
                0x8000306e        0xc src/asf/avr32/drivers/flashc/flashc.o
                0x8000306e                flashc_is_ready
 *fill*         0x8000307a        0x2 d703d703
 .text.flashc_default_wait_until_ready
                0x8000307c       0x10 src/asf/avr32/drivers/flashc/flashc.o
                0x8000307c                flashc_default_wait_until_ready
 .text.flashc_issue_command
                0x8000308c       0x48 src/asf/avr32/drivers/flashc/flashc.o
                0x8000308c                flashc_issue_command
 .text.flashc_set_flash_waitstate_and_readmode
                0x800030d4       0x5c src/asf/avr32/drivers/flashc/flashc.o
                0x800030d4                flashc_set_flash_waitstate_and_readmode
 .text.gpio_enable_module_pin
                0x80003130       0x94 src/asf/avr32/drivers/gpio/gpio.o
                0x80003130                gpio_enable_module_pin
 .text.gpio_enable_module
                0x800031c4       0x30 src/asf/avr32/drivers/gpio/gpio.o
                0x800031c4                gpio_enable_module
 .text.gpio_enable_pin_pull_up
                0x800031f4       0x1a src/asf/avr32/drivers/gpio/gpio.o
                0x800031f4                gpio_enable_pin_pull_up
 .text.gpio_set_gpio_pin
                0x8000320e       0x1c src/asf/avr32/drivers/gpio/gpio.o
                0x8000320e                gpio_set_gpio_pin
 .text.gpio_clr_gpio_pin
                0x8000322a       0x1c src/asf/avr32/drivers/gpio/gpio.o
                0x8000322a                gpio_clr_gpio_pin
 .text._unhandled_interrupt
                0x80003246        0x2 src/asf/avr32/drivers/intc/intc.o
 .text.INTC_register_interrupt
                0x80003248       0x80 src/asf/avr32/drivers/intc/intc.o
                0x80003248                INTC_register_interrupt
 .text.INTC_init_interrupts
                0x800032c8       0x54 src/asf/avr32/drivers/intc/intc.o
                0x800032c8                INTC_init_interrupts
 .text._get_interrupt_handler
                0x8000331c       0x38 src/asf/avr32/drivers/intc/intc.o
                0x8000331c                _get_interrupt_handler
 .text.pm_set_mclk_source
                0x80003354       0x20 src/asf/avr32/drivers/pm/pm_uc3c.o
                0x80003354                pm_set_mclk_source
 .text.pcl_switch_to_osc
                0x80003374       0x44 src/asf/avr32/drivers/pm/power_clocks_lib.o
                0x80003374                pcl_switch_to_osc
 .text.pwm_write_protect_sw_unlock
                0x800033b8       0xbc src/asf/avr32/drivers/pwm/pwm4.o
                0x800033b8                pwm_write_protect_sw_unlock
 .text.pwm_channel_init
                0x80003474       0x3e src/asf/avr32/drivers/pwm/pwm4.o
                0x80003474                pwm_channel_init
 .text.pwm_stop_channels
                0x800034b2       0x12 src/asf/avr32/drivers/pwm/pwm4.o
                0x800034b2                pwm_stop_channels
 .text.pwm_update_period_value
                0x800034c4        0x8 src/asf/avr32/drivers/pwm/pwm4.o
                0x800034c4                pwm_update_period_value
 .text.pwm_init
                0x800034cc       0xfc src/asf/avr32/drivers/pwm/pwm4.o
                0x800034cc                pwm_init
 .text.scif_pclksr_statushigh_wait
                0x800035c8       0x1a src/asf/avr32/drivers/scif/scif_uc3c.o
 .text.scif_wait_for_pll_locked
                0x800035e2       0x20 src/asf/avr32/drivers/scif/scif_uc3c.o
                0x800035e2                scif_wait_for_pll_locked
 .text.scif_stop_gclk
                0x80003602       0x30 src/asf/avr32/drivers/scif/scif_uc3c.o
                0x80003602                scif_stop_gclk
 *fill*         0x80003632        0x2 d703d703
 .text.scif_gc_setup
                0x80003634       0x84 src/asf/avr32/drivers/scif/scif_uc3c.o
                0x80003634                scif_gc_setup
 .text.scif_gc_enable
                0x800036b8       0x24 src/asf/avr32/drivers/scif/scif_uc3c.o
                0x800036b8                scif_gc_enable
 .text.scif_pll_enable
                0x800036dc       0x44 src/asf/avr32/drivers/scif/scif_uc3c.o
                0x800036dc                scif_pll_enable
 .text.scif_pll_setup
                0x80003720       0x86 src/asf/avr32/drivers/scif/scif_uc3c.o
                0x80003720                scif_pll_setup
 *fill*         0x800037a6        0x2 d703d703
 .text.scif_enable_osc
                0x800037a8       0x74 src/asf/avr32/drivers/scif/scif_uc3c.o
                0x800037a8                scif_enable_osc
 .text.scif_configure_osc_crystalmode
                0x8000381c       0xd0 src/asf/avr32/drivers/scif/scif_uc3c.o
                0x8000381c                scif_configure_osc_crystalmode
 .text.getBaudDiv
                0x800038ec       0x20 src/asf/avr32/drivers/spi/spi.o
                0x800038ec                getBaudDiv
 .text.spi_initMaster
                0x8000390c       0x38 src/asf/avr32/drivers/spi/spi.o
                0x8000390c                spi_initMaster
 .text.spi_selectionMode
                0x80003944       0x3e src/asf/avr32/drivers/spi/spi.o
                0x80003944                spi_selectionMode
 .text.spi_selectChip
                0x80003982       0x4c src/asf/avr32/drivers/spi/spi.o
                0x80003982                spi_selectChip
 .text.spi_unselectChip
                0x800039ce       0x26 src/asf/avr32/drivers/spi/spi.o
                0x800039ce                spi_unselectChip
 .text.spi_setupChipReg
                0x800039f4       0xb8 src/asf/avr32/drivers/spi/spi.o
                0x800039f4                spi_setupChipReg
 .text.spi_enable
                0x80003aac        0x6 src/asf/avr32/drivers/spi/spi.o
                0x80003aac                spi_enable
 .text.spi_write
                0x80003ab2       0x1c src/asf/avr32/drivers/spi/spi.o
                0x80003ab2                spi_write
 .text.spi_read
                0x80003ace       0x20 src/asf/avr32/drivers/spi/spi.o
                0x80003ace                spi_read
 *fill*         0x80003aee        0x2 d703d703
 .text.twim_master_interrupt_handler
                0x80003af0       0xdc src/asf/avr32/drivers/twim/twim.o
 .text.twim_set_speed
                0x80003bcc       0x70 src/asf/avr32/drivers/twim/twim.o
                0x80003bcc                twim_set_speed
 .text.twim_status
                0x80003c3c       0x10 src/asf/avr32/drivers/twim/twim.o
                0x80003c3c                twim_status
 .text.twim_disable_interrupt
                0x80003c4c       0x14 src/asf/avr32/drivers/twim/twim.o
                0x80003c4c                twim_disable_interrupt
 .text.twim_write
                0x80003c60       0xb4 src/asf/avr32/drivers/twim/twim.o
                0x80003c60                twim_write
 .text.twim_probe
                0x80003d14       0x1c src/asf/avr32/drivers/twim/twim.o
                0x80003d14                twim_probe
 .text.twim_master_init
                0x80003d30       0xb4 src/asf/avr32/drivers/twim/twim.o
                0x80003d30                twim_master_init
 .text.usart_set_async_baudrate
                0x80003de4       0x5a src/asf/avr32/drivers/usart/usart.o
 .text.usart_write_char
                0x80003e3e       0x14 src/asf/avr32/drivers/usart/usart.o
                0x80003e3e                usart_write_char
 *fill*         0x80003e52        0x2 d703d703
 .text.usart_putchar
                0x80003e54       0x2c src/asf/avr32/drivers/usart/usart.o
                0x80003e54                usart_putchar
 .text.usart_read_char
                0x80003e80       0x22 src/asf/avr32/drivers/usart/usart.o
                0x80003e80                usart_read_char
 *fill*         0x80003ea2        0x2 d703d703
 .text.usart_getchar
                0x80003ea4       0x2c src/asf/avr32/drivers/usart/usart.o
                0x80003ea4                usart_getchar
 .text.usart_write_line
                0x80003ed0       0x24 src/asf/avr32/drivers/usart/usart.o
                0x80003ed0                usart_write_line
 .text.usart_reset
                0x80003ef4       0x2c src/asf/avr32/drivers/usart/usart.o
                0x80003ef4                usart_reset
 .text.usart_init_rs232
                0x80003f20       0xcc src/asf/avr32/drivers/usart/usart.o
                0x80003f20                usart_init_rs232
 .text.fat_check_open
                0x80003fec       0x20 src/asf/avr32/services/fs/fat/fat.o
                0x80003fec                fat_check_open
 .text.fat_check_select
                0x8000400c       0x20 src/asf/avr32/services/fs/fat/fat.o
                0x8000400c                fat_check_select
 .text.fat_check_is_file
                0x8000402c       0x1c src/asf/avr32/services/fs/fat/fat.o
                0x8000402c                fat_check_is_file
 .text.fat_checkcluster
                0x80004048       0x60 src/asf/avr32/services/fs/fat/fat.o
                0x80004048                fat_checkcluster
 .text.fat_cache_clusterlist_reset
                0x800040a8       0x28 src/asf/avr32/services/fs/fat/fat.o
                0x800040a8                fat_cache_clusterlist_reset
 .text.fat_cache_clusterlist_update_start
                0x800040d0       0x40 src/asf/avr32/services/fs/fat/fat.o
                0x800040d0                fat_cache_clusterlist_update_start
 .text.fat_cache_clusterlist_update_select
                0x80004110       0x68 src/asf/avr32/services/fs/fat/fat.o
                0x80004110                fat_cache_clusterlist_update_select
 .text.fat_cache_clusterlist_update_finish
                0x80004178       0x58 src/asf/avr32/services/fs/fat/fat.o
                0x80004178                fat_cache_clusterlist_update_finish
 .text.fat_cache_clusterlist_update_read
                0x800041d0      0x124 src/asf/avr32/services/fs/fat/fat.o
                0x800041d0                fat_cache_clusterlist_update_read
 .text.fat_entry_is_dir
                0x800042f4       0x18 src/asf/avr32/services/fs/fat/fat.o
                0x800042f4                fat_entry_is_dir
 .text.fat_clear_entry_info_and_ptr
                0x8000430c       0x3c src/asf/avr32/services/fs/fat/fat.o
                0x8000430c                fat_clear_entry_info_and_ptr
 .text.fat_check_eof_name
                0x80004348       0x26 src/asf/avr32/services/fs/fat/fat.o
                0x80004348                fat_check_eof_name
 *fill*         0x8000436e        0x2 d703d703
 .text.fat_get_ptr_entry
                0x80004370       0x18 src/asf/avr32/services/fs/fat/fat.o
                0x80004370                fat_get_ptr_entry
 .text.fat_entry_longname
                0x80004388      0x194 src/asf/avr32/services/fs/fat/fat.o
                0x80004388                fat_entry_longname
 .text.fat_entry_shortname
                0x8000451c      0x108 src/asf/avr32/services/fs/fat/fat.o
                0x8000451c                fat_entry_shortname
 .text.fat_get_entry_info
                0x80004624       0x48 src/asf/avr32/services/fs/fat/fat.o
                0x80004624                fat_get_entry_info
 .text.fat_entry_check
                0x8000466c       0x5c src/asf/avr32/services/fs/fat/fat.o
                0x8000466c                fat_entry_check
 .text.fat_cache_reset
                0x800046c8       0x18 src/asf/avr32/services/fs/fat/fat.o
                0x800046c8                fat_cache_reset
 .text.fat_cache_mark_sector_as_dirty
                0x800046e0       0x10 src/asf/avr32/services/fs/fat/fat.o
                0x800046e0                fat_cache_mark_sector_as_dirty
 .text.fat_write_entry_file
                0x800046f0       0x50 src/asf/avr32/services/fs/fat/fat.o
                0x800046f0                fat_write_entry_file
 .text.fat_check_nav_access_file
                0x80004740       0x78 src/asf/avr32/services/fs/fat/fat.o
                0x80004740                fat_check_nav_access_file
 .text.fat_invert_nav
                0x800047b8       0xec src/asf/avr32/services/fs/fat/fat.o
                0x800047b8                fat_invert_nav
 .text.fat_cache_flush
                0x800048a4       0x54 src/asf/avr32/services/fs/fat/fat.o
                0x800048a4                fat_cache_flush
 .text.fat_cache_clear
                0x800048f8       0x18 src/asf/avr32/services/fs/fat/fat.o
                0x800048f8                fat_cache_clear
 .text.fat_cache_read_sector
                0x80004910       0x80 src/asf/avr32/services/fs/fat/fat.o
                0x80004910                fat_cache_read_sector
 .text.fat_cluster_readnext
                0x80004990       0x94 src/asf/avr32/services/fs/fat/fat.o
                0x80004990                fat_cluster_readnext
 .text.fat_cluster_val
                0x80004a24      0x244 src/asf/avr32/services/fs/fat/fat.o
                0x80004a24                fat_cluster_val
 .text.fat_cluster_list
                0x80004c68      0x2d8 src/asf/avr32/services/fs/fat/fat.o
                0x80004c68                fat_cluster_list
 .text.fat_read_dir
                0x80004f40       0x84 src/asf/avr32/services/fs/fat/fat.o
                0x80004f40                fat_read_dir
 .text.fat_read_file
                0x80004fc4       0xdc src/asf/avr32/services/fs/fat/fat.o
                0x80004fc4                fat_read_file
 .text.fat_write_file
                0x800050a0      0x108 src/asf/avr32/services/fs/fat/fat.o
                0x800050a0                fat_write_file
 .text.fat_check_device
                0x800051a8       0xb8 src/asf/avr32/services/fs/fat/fat.o
                0x800051a8                fat_check_device
 .text.fat_check_noopen
                0x80005260       0x3c src/asf/avr32/services/fs/fat/fat.o
                0x80005260                fat_check_noopen
 .text.fat_check_mount
                0x8000529c       0x38 src/asf/avr32/services/fs/fat/fat.o
                0x8000529c                fat_check_mount
 .text.fat_check_mount_select
                0x800052d4       0x18 src/asf/avr32/services/fs/fat/fat.o
                0x800052d4                fat_check_mount_select
 .text.fat_check_mount_select_open
                0x800052ec       0x24 src/asf/avr32/services/fs/fat/fat.o
                0x800052ec                fat_check_mount_select_open
 .text.fat_check_mount_select_noopen
                0x80005310       0x24 src/asf/avr32/services/fs/fat/fat.o
                0x80005310                fat_check_mount_select_noopen
 .text.fat_check_mount_noopen
                0x80005334       0x18 src/asf/avr32/services/fs/fat/fat.o
                0x80005334                fat_check_mount_noopen
 .text.fat_translate_char_shortname
                0x8000534c       0x4c src/asf/avr32/services/fs/fat/fat_unusual.o
                0x8000534c                fat_translate_char_shortname
 .text.fat_clear_info_fat_mod
                0x80005398       0x18 src/asf/avr32/services/fs/fat/fat_unusual.o
                0x80005398                fat_clear_info_fat_mod
 .text.fat_clear_cluster
                0x800053b0       0x74 src/asf/avr32/services/fs/fat/fat_unusual.o
                0x800053b0                fat_clear_cluster
 .text.fat_update_fat2
                0x80005424       0x74 src/asf/avr32/services/fs/fat/fat_unusual.o
                0x80005424                fat_update_fat2
 .text.fat_initialize_dir
                0x80005498       0x98 src/asf/avr32/services/fs/fat/fat_unusual.o
                0x80005498                fat_initialize_dir
 .text.fat_create_long_name_entry
                0x80005530       0xd0 src/asf/avr32/services/fs/fat/fat_unusual.o
                0x80005530                fat_create_long_name_entry
 .text.fat_delete_file
                0x80005600       0x74 src/asf/avr32/services/fs/fat/fat_unusual.o
                0x80005600                fat_delete_file
 .text.fat_garbage_collector_entry
                0x80005674       0xc8 src/asf/avr32/services/fs/fat/fat_unusual.o
                0x80005674                fat_garbage_collector_entry
 .text.fat_write_fat32_FSInfo
                0x8000573c       0xa0 src/asf/avr32/services/fs/fat/fat_unusual.o
                0x8000573c                fat_write_fat32_FSInfo
 .text.fat_allocfreespace
                0x800057dc      0x140 src/asf/avr32/services/fs/fat/fat_unusual.o
                0x800057dc                fat_allocfreespace
 .text.fat_alloc_entry_free
                0x8000591c       0xb0 src/asf/avr32/services/fs/fat/fat_unusual.o
                0x8000591c                fat_alloc_entry_free
 .text.fat_check_name
                0x800059cc       0x74 src/asf/avr32/services/fs/fat/fat_unusual.o
                0x800059cc                fat_check_name
 .text.fat_create_short_entry_name
                0x80005a40      0x1bc src/asf/avr32/services/fs/fat/fat_unusual.o
                0x80005a40                fat_create_short_entry_name
 .text.fat_entry_shortname_compare
                0x80005bfc       0x58 src/asf/avr32/services/fs/fat/fat_unusual.o
                0x80005bfc                fat_entry_shortname_compare
 .text.fat_find_short_entry_name
                0x80005c54       0x78 src/asf/avr32/services/fs/fat/fat_unusual.o
                0x80005c54                fat_find_short_entry_name
 .text.fat_create_entry_file_name
                0x80005ccc       0xa8 src/asf/avr32/services/fs/fat/fat_unusual.o
                0x80005ccc                fat_create_entry_file_name
 .text.fat_mount
                0x80005d74      0x2fc src/asf/avr32/services/fs/fat/fat_unusual.o
                0x80005d74                fat_mount
 .text.file_eof
                0x80006070       0x28 src/asf/avr32/services/fs/fat/file.o
                0x80006070                file_eof
 .text.file_seek
                0x80006098       0xb4 src/asf/avr32/services/fs/fat/file.o
                0x80006098                file_seek
 .text.file_close
                0x8000614c       0x3c src/asf/avr32/services/fs/fat/file.o
                0x8000614c                file_close
 .text.file_write_buf
                0x80006188      0x174 src/asf/avr32/services/fs/fat/file.o
                0x80006188                file_write_buf
 .text.file_getc
                0x800062fc       0x6c src/asf/avr32/services/fs/fat/file.o
                0x800062fc                file_getc
 .text.file_read_buf
                0x80006368      0x18c src/asf/avr32/services/fs/fat/file.o
                0x80006368                file_read_buf
 .text.file_open
                0x800064f4       0xa0 src/asf/avr32/services/fs/fat/file.o
                0x800064f4                file_open
 .text.nav_getindex
                0x80006594       0x20 src/asf/avr32/services/fs/fat/navigation.o
                0x80006594                nav_getindex
 .text.nav_file_isdir
                0x800065b4        0xc src/asf/avr32/services/fs/fat/navigation.o
                0x800065b4                nav_file_isdir
 .text.nav_file_name
                0x800065c0       0xe4 src/asf/avr32/services/fs/fat/navigation.o
                0x800065c0                nav_file_name
 .text.nav_filelist_set
                0x800066a4      0x168 src/asf/avr32/services/fs/fat/navigation.o
                0x800066a4                nav_filelist_set
 .text.nav_filelist_findname
                0x8000680c       0x30 src/asf/avr32/services/fs/fat/navigation.o
                0x8000680c                nav_filelist_findname
 .text.nav_filelist_reset
                0x8000683c       0x18 src/asf/avr32/services/fs/fat/navigation.o
                0x8000683c                nav_filelist_reset
 .text.nav_file_create
                0x80006854       0x6c src/asf/avr32/services/fs/fat/navigation.o
                0x80006854                nav_file_create
 .text.nav_dir_gotoparent
                0x800068c0       0xa0 src/asf/avr32/services/fs/fat/navigation.o
                0x800068c0                nav_dir_gotoparent
 .text.nav_dir_cd
                0x80006960       0x40 src/asf/avr32/services/fs/fat/navigation.o
                0x80006960                nav_dir_cd
 .text.nav_file_del
                0x800069a0       0xac src/asf/avr32/services/fs/fat/navigation.o
                0x800069a0                nav_file_del
 .text.nav_filelist_first
                0x80006a4c       0x40 src/asf/avr32/services/fs/fat/navigation.o
                0x80006a4c                nav_filelist_first
 .text.nav_filelist_nb
                0x80006a8c       0x70 src/asf/avr32/services/fs/fat/navigation.o
                0x80006a8c                nav_filelist_nb
 .text.nav_filelist_last
                0x80006afc       0x50 src/asf/avr32/services/fs/fat/navigation.o
                0x80006afc                nav_filelist_last
 .text.nav_dir_make
                0x80006b4c       0x90 src/asf/avr32/services/fs/fat/navigation.o
                0x80006b4c                nav_dir_make
 .text.nav_partition_mount
                0x80006bdc       0x3c src/asf/avr32/services/fs/fat/navigation.o
                0x80006bdc                nav_partition_mount
 .text.nav_dir_root
                0x80006c18        0xc src/asf/avr32/services/fs/fat/navigation.o
                0x80006c18                nav_dir_root
 .text.nav_drive_set
                0x80006c24       0x54 src/asf/avr32/services/fs/fat/navigation.o
                0x80006c24                nav_drive_set
 .text.nav_gotoindex
                0x80006c78       0x5c src/asf/avr32/services/fs/fat/navigation.o
                0x80006c78                nav_gotoindex
 .text.nav_setcwd
                0x80006cd4      0x1c4 src/asf/avr32/services/fs/fat/navigation.o
                0x80006cd4                nav_setcwd
 .text.nav_drive_nb
                0x80006e98        0xc src/asf/avr32/services/fs/fat/navigation.o
                0x80006e98                nav_drive_nb
 .text.nav_select
                0x80006ea4       0x48 src/asf/avr32/services/fs/fat/navigation.o
                0x80006ea4                nav_select
 .text.nav_reset
                0x80006eec       0x6c src/asf/avr32/services/fs/fat/navigation.o
                0x80006eec                nav_reset
 .text.print_char
                0x80006f58        0xc src/asf/avr32/utils/debug/print_funcs.o
                0x80006f58                print_char
 .text.print_dbg_char
                0x80006f64       0x14 src/asf/avr32/utils/debug/print_funcs.o
                0x80006f64                print_dbg_char
 .text.print    0x80006f78        0xc src/asf/avr32/utils/debug/print_funcs.o
                0x80006f78                print
 .text.print_ulong
                0x80006f84       0x48 src/asf/avr32/utils/debug/print_funcs.o
                0x80006f84                print_ulong
 .text.print_dbg_ulong
                0x80006fcc       0x14 src/asf/avr32/utils/debug/print_funcs.o
                0x80006fcc                print_dbg_ulong
 .text.print_dbg
                0x80006fe0       0x14 src/asf/avr32/utils/debug/print_funcs.o
                0x80006fe0                print_dbg
 .text.init_dbg_rs232_ex
                0x80006ff4       0x40 src/asf/avr32/utils/debug/print_funcs.o
                0x80006ff4                init_dbg_rs232_ex
 .text.init_dbg_rs232
                0x80007034       0x14 src/asf/avr32/utils/debug/print_funcs.o
                0x80007034                init_dbg_rs232
 .text._stext   0x80007048       0x50 src/asf/avr32/utils/startup/startup_uc3.o
                0x80007048                _stext
 .text.SD_Card_Test
                0x80007098       0xd0 src/asf/common/boards/user_board/init.o
                0x80007098                SD_Card_Test
 .text.System_Test
                0x80007168       0xa4 src/asf/common/boards/user_board/init.o
                0x80007168                System_Test
 .text.board_init
                0x8000720c       0x94 src/asf/common/boards/user_board/init.o
                0x8000720c                board_init
 .text.get_nb_lun
                0x800072a0        0x2 src/asf/common/services/storage/ctrl_access/ctrl_access.o
                0x800072a0                get_nb_lun
 *fill*         0x800072a2        0x2 d703d703
 .text.mem_test_unit_ready
                0x800072a4       0x14 src/asf/common/services/storage/ctrl_access/ctrl_access.o
                0x800072a4                mem_test_unit_ready
 .text.mem_read_capacity
                0x800072b8       0x18 src/asf/common/services/storage/ctrl_access/ctrl_access.o
                0x800072b8                mem_read_capacity
 .text.mem_sector_size
                0x800072d0        0x6 src/asf/common/services/storage/ctrl_access/ctrl_access.o
                0x800072d0                mem_sector_size
 *fill*         0x800072d6        0x2 d703d703
 .text.mem_wr_protect
                0x800072d8       0x14 src/asf/common/services/storage/ctrl_access/ctrl_access.o
                0x800072d8                mem_wr_protect
 .text.memory_2_ram
                0x800072ec       0x1c src/asf/common/services/storage/ctrl_access/ctrl_access.o
                0x800072ec                memory_2_ram
 .text.ram_2_memory
                0x80007308       0x1c src/asf/common/services/storage/ctrl_access/ctrl_access.o
                0x80007308                ram_2_memory
 .text.segment_holding
                0x80007324       0x1c src/asf/thirdparty/dlmalloc/dlmalloc.o
 .text.init_mparams
                0x80007340       0x48 src/asf/thirdparty/dlmalloc/dlmalloc.o
 .text.init_top
                0x80007388       0x30 src/asf/thirdparty/dlmalloc/dlmalloc.o
 .text.init_bins
                0x800073b8       0x14 src/asf/thirdparty/dlmalloc/dlmalloc.o
 .text.sys_trim
                0x800073cc      0x38c src/asf/thirdparty/dlmalloc/dlmalloc.o
 .text.mspace_free
                0x80007758      0x48c src/asf/thirdparty/dlmalloc/dlmalloc.o
                0x80007758                mspace_free
 .text.tmalloc_small
                0x80007be4      0x1d8 src/asf/thirdparty/dlmalloc/dlmalloc.o
 .text.tmalloc_large
                0x80007dbc      0x3d8 src/asf/thirdparty/dlmalloc/dlmalloc.o
 .text.free     0x80008194      0x510 src/asf/thirdparty/dlmalloc/dlmalloc.o
                0x80008194                free
 .text.init_user_mstate
                0x800086a4       0x84 src/asf/thirdparty/dlmalloc/dlmalloc.o
 .text.create_mspace_with_base
                0x80008728       0x48 src/asf/thirdparty/dlmalloc/dlmalloc.o
                0x80008728                create_mspace_with_base
 .text.sys_alloc
                0x80008770      0x898 src/asf/thirdparty/dlmalloc/dlmalloc.o
 .text.mspace_malloc
                0x80009008      0x238 src/asf/thirdparty/dlmalloc/dlmalloc.o
                0x80009008                mspace_malloc
 .text.malloc   0x80009240      0x264 src/asf/thirdparty/dlmalloc/dlmalloc.o
                0x80009240                malloc
 .text.dlmalloc_sbrk
                0x800094a4       0x34 src/asf/thirdparty/dlmalloc/dlsbrk.o
                0x800094a4                dlmalloc_sbrk
 .text.mmap     0x800094d8       0x30 src/asf/thirdparty/dlmalloc/dlsbrk.o
                0x800094d8                mmap
 .text.munmap   0x80009508       0x1c src/asf/thirdparty/dlmalloc/dlsbrk.o
                0x80009508                munmap
 .text.log_2    0x80009524       0x22 src/CustomDevices/ImageProcessor.o
                0x80009524                log_2
 *fill*         0x80009546        0x2 d703d703
 .text.FFT2DCOMPLEX
                0x80009548      0x108 src/CustomDevices/ImageProcessor.o
                0x80009548                FFT2DCOMPLEX
 .text.FFT2D    0x80009650      0x104 src/CustomDevices/ImageProcessor.o
                0x80009650                FFT2D
 .text.FFT1D    0x80009754       0x5c src/CustomDevices/ImageProcessor.o
                0x80009754                FFT1D
 .text.Motor_Stop
                0x800097b0       0x48 src/CustomDevices/MotorDriver.o
                0x800097b0                Motor_Stop
 .text.Analogue_Comparator_Init
                0x800097f8       0xac src/CustomDevices/MotorDriver.o
                0x800097f8                Analogue_Comparator_Init
 .text.ACInterruptHandler
                0x800098a4       0x8c src/CustomDevices/MotorDriver.o
 .text.Motor_Init
                0x80009930      0x144 src/CustomDevices/MotorDriver.o
                0x80009930                Motor_Init
 .text.Photos_Ready
                0x80009a74       0x60 src/CustomDevices/OV7670.o
                0x80009a74                Photos_Ready
 .text.Store_Image_0
                0x80009ad4      0x224 src/CustomDevices/OV7670.o
                0x80009ad4                Store_Image_0
 .text.Store_Image_1
                0x80009cf8      0x224 src/CustomDevices/OV7670.o
                0x80009cf8                Store_Image_1
 .text.FIFO_Reset
                0x80009f1c       0xc8 src/CustomDevices/OV7670.o
                0x80009f1c                FIFO_Reset
 .text.Store_Both_Images
                0x80009fe4       0x3c src/CustomDevices/OV7670.o
                0x80009fe4                Store_Both_Images
 .text.FIFO_Init
                0x8000a020      0x268 src/CustomDevices/OV7670.o
                0x8000a020                FIFO_Init
 .text.TakePhoto
                0x8000a288       0x88 src/CustomDevices/OV7670.o
                0x8000a288                TakePhoto
 .text.VSYNC0_Handler
                0x8000a310       0x7c src/CustomDevices/OV7670.o
 .text.VSYNC1_Handler
                0x8000a38c       0x7c src/CustomDevices/OV7670.o
 .text.Write_Reg
                0x8000a408       0x24 src/CustomDevices/OV7670.o
                0x8000a408                Write_Reg
 .text.OV7670_Init
                0x8000a42c      0x2a8 src/CustomDevices/OV7670.o
                0x8000a42c                OV7670_Init
 .text.PCA9542A_Chan_Sel
                0x8000a6d4       0x3c src/CustomDevices/PCA9542A.o
                0x8000a6d4                PCA9542A_Chan_Sel
 .text.ReadBigEndian
                0x8000a710       0x1c src/CustomDevices/SD_Card.o
                0x8000a710                ReadBigEndian
 .text.ReadBitmap
                0x8000a72c      0x1c4 src/CustomDevices/SD_Card.o
                0x8000a72c                ReadBitmap
 .text.Read2DSignal
                0x8000a8f0       0xa0 src/CustomDevices/SD_Card.o
                0x8000a8f0                Read2DSignal
 .text.ReadSignal
                0x8000a990       0xa0 src/CustomDevices/SD_Card.o
                0x8000a990                ReadSignal
 .text.SaveBuff
                0x8000aa30       0x70 src/CustomDevices/SD_Card.o
                0x8000aa30                SaveBuff
 .text.SaveBitmap
                0x8000aaa0      0x148 src/CustomDevices/SD_Card.o
                0x8000aaa0                SaveBitmap
 .text.sd_mmc_resources_init
                0x8000abe8       0x84 src/CustomDevices/SD_Card.o
                0x8000abe8                sd_mmc_resources_init
 .text.twim_init
                0x8000ac6c       0x58 src/CustomDevices/TWI.o
                0x8000ac6c                twim_init
 .text.Get_Line
                0x8000acc4       0x4c src/main.o
                0x8000acc4                Get_Line
 .text.main     0x8000ad10      0x55c src/main.o
                0x8000ad10                main
 .text.dsp16_vect_complex_abs_kernel_x0
                0x8000b26c        0x2 ../src/asf/avr32/utils/libs/dsplib/at32ucr3fp/gcc\libdsp-at32ucr3fp-dspspeed_opt.a(vect_dsp16_complex_abs.o)
 *fill*         0x8000b26e        0x2 d703d703
 .text.dsp16_vect_complex_abs
                0x8000b270      0x100 ../src/asf/avr32/utils/libs/dsplib/at32ucr3fp/gcc\libdsp-at32ucr3fp-dspspeed_opt.a(vect_dsp16_complex_abs.o)
                                0x10c (size before relaxing)
                0x8000b270                dsp16_vect_complex_abs
 .text.dsp16_vect_complex_abs_kernel_x3
                0x8000b370       0x88 ../src/asf/avr32/utils/libs/dsplib/at32ucr3fp/gcc\libdsp-at32ucr3fp-dspspeed_opt.a(vect_dsp16_complex_abs.o)
                                 0x90 (size before relaxing)
 .text.dsp16_vect_complex_abs_kernel_x2
                0x8000b3f8       0x5c ../src/asf/avr32/utils/libs/dsplib/at32ucr3fp/gcc\libdsp-at32ucr3fp-dspspeed_opt.a(vect_dsp16_complex_abs.o)
                                 0x64 (size before relaxing)
 .text.dsp16_vect_complex_abs_kernel_x1
                0x8000b454       0x30 ../src/asf/avr32/utils/libs/dsplib/at32ucr3fp/gcc\libdsp-at32ucr3fp-dspspeed_opt.a(vect_dsp16_complex_abs.o)
                                 0x38 (size before relaxing)
 .text.dsp16_op_sqrt
                0x8000b484       0x96 ../src/asf/avr32/utils/libs/dsplib/at32ucr3fp/gcc\libdsp-at32ucr3fp-dspspeed_opt.a(op_dsp16_sqrt_at32uc.o)
                0x8000b484                dsp16_op_sqrt
 *fill*         0x8000b51a        0x2 d703d703
 .text.dsp16_trans_complexfft
                0x8000b51c      0x254 ../src/asf/avr32/utils/libs/dsplib/at32ucr3fp/gcc\libdsp-at32ucr3fp-dspspeed_opt.a(trans_dsp16_complex_fft_at32uc.o)
                0x8000b51c                dsp16_trans_complexfft
 .text.dsp16_trans_realcomplexfft
                0x8000b770      0x220 ../src/asf/avr32/utils/libs/dsplib/at32ucr3fp/gcc\libdsp-at32ucr3fp-dspspeed_opt.a(trans_dsp16_real_complex_fft_at32uc.o)
                0x8000b770                dsp16_trans_realcomplexfft
 .text          0x8000b990       0xe8 c:/program files (x86)/atmel/atmel studio 6.0/extensions/atmel/avrgcc/3.4.1.95/avrtoolchain/bin/../lib/gcc/avr32/4.4.3/ucr3fp\libgcc.a(_avr32_s32_to_f64.o)
                0x8000b990                __avr32_u32_to_f64
                0x8000b998                __avr32_s32_to_f64
 .text          0x8000ba78       0x68 c:/program files (x86)/atmel/atmel studio 6.0/extensions/atmel/avrgcc/3.4.1.95/avrtoolchain/bin/../lib/gcc/avr32/4.4.3/ucr3fp\libgcc.a(_avr32_f64_cmp_ge.o)
                0x8000ba78                __avr32_f64_cmp_ge
 .text.memcmp   0x8000bae0       0x26 c:/program files (x86)/atmel/atmel studio 6.0/extensions/atmel/avrgcc/3.4.1.95/avrtoolchain/bin/../lib/gcc/avr32/4.4.3/../../../../avr32/lib/ucr3fp\libc.a(lib_a-memcmp.o)
                0x8000bae0                memcmp
 .text          0x8000bb06      0x148 c:/program files (x86)/atmel/atmel studio 6.0/extensions/atmel/avrgcc/3.4.1.95/avrtoolchain/bin/../lib/gcc/avr32/4.4.3/../../../../avr32/lib/ucr3fp\libc.a(lib_a-memcpy.o)
                0x8000bb06                memcpy
 .text.memset   0x8000bc4e        0xe c:/program files (x86)/atmel/atmel studio 6.0/extensions/atmel/avrgcc/3.4.1.95/avrtoolchain/bin/../lib/gcc/avr32/4.4.3/../../../../avr32/lib/ucr3fp\libc.a(lib_a-memset.o)
                0x8000bc4e                memset
 .text.sprintf  0x8000bc5c       0x3c c:/program files (x86)/atmel/atmel studio 6.0/extensions/atmel/avrgcc/3.4.1.95/avrtoolchain/bin/../lib/gcc/avr32/4.4.3/../../../../avr32/lib/ucr3fp\libc.a(lib_a-sprintf.o)
                                 0x40 (size before relaxing)
                0x8000bc5c                sprintf
 .text.get_arg  0x8000bc98      0x318 c:/program files (x86)/atmel/atmel studio 6.0/extensions/atmel/avrgcc/3.4.1.95/avrtoolchain/bin/../lib/gcc/avr32/4.4.3/../../../../avr32/lib/ucr3fp\libc.a(lib_a-vfprintf.o)
                                0x320 (size before relaxing)
 .text.__sprint_r
                0x8000bfb0       0x1c c:/program files (x86)/atmel/atmel studio 6.0/extensions/atmel/avrgcc/3.4.1.95/avrtoolchain/bin/../lib/gcc/avr32/4.4.3/../../../../avr32/lib/ucr3fp\libc.a(lib_a-vfprintf.o)
                                 0x20 (size before relaxing)
 .text._vfprintf_r
                0x8000bfcc     0x1f1c c:/program files (x86)/atmel/atmel studio 6.0/extensions/atmel/avrgcc/3.4.1.95/avrtoolchain/bin/../lib/gcc/avr32/4.4.3/../../../../avr32/lib/ucr3fp\libc.a(lib_a-vfprintf.o)
                               0x1f90 (size before relaxing)
                0x8000bfcc                _vfprintf_r
 .text.__swsetup_r
                0x8000dee8       0xdc c:/program files (x86)/atmel/atmel studio 6.0/extensions/atmel/avrgcc/3.4.1.95/avrtoolchain/bin/../lib/gcc/avr32/4.4.3/../../../../avr32/lib/ucr3fp\libc.a(lib_a-wsetup.o)
                                 0xe8 (size before relaxing)
                0x8000dee8                __swsetup_r
 .text.quorem   0x8000dfc4      0x120 c:/program files (x86)/atmel/atmel studio 6.0/extensions/atmel/avrgcc/3.4.1.95/avrtoolchain/bin/../lib/gcc/avr32/4.4.3/../../../../avr32/lib/ucr3fp\libc.a(lib_a-dtoa.o)
                                0x124 (size before relaxing)
 .text._dtoa_r  0x8000e0e4      0xbe0 c:/program files (x86)/atmel/atmel studio 6.0/extensions/atmel/avrgcc/3.4.1.95/avrtoolchain/bin/../lib/gcc/avr32/4.4.3/../../../../avr32/lib/ucr3fp\libc.a(lib_a-dtoa.o)
                                0xc90 (size before relaxing)
                0x8000e0e4                _dtoa_r
 .text._fflush_r
                0x8000ecc4      0x110 c:/program files (x86)/atmel/atmel studio 6.0/extensions/atmel/avrgcc/3.4.1.95/avrtoolchain/bin/../lib/gcc/avr32/4.4.3/../../../../avr32/lib/ucr3fp\libc.a(lib_a-fflush.o)
                                0x118 (size before relaxing)
                0x8000ecc4                _fflush_r
 .text.__sfp_lock_acquire
                0x8000edd4        0x2 c:/program files (x86)/atmel/atmel studio 6.0/extensions/atmel/avrgcc/3.4.1.95/avrtoolchain/bin/../lib/gcc/avr32/4.4.3/../../../../avr32/lib/ucr3fp\libc.a(lib_a-findfp.o)
                0x8000edd4                __sfp_lock_acquire
 .text.__sfp_lock_release
                0x8000edd6        0x2 c:/program files (x86)/atmel/atmel studio 6.0/extensions/atmel/avrgcc/3.4.1.95/avrtoolchain/bin/../lib/gcc/avr32/4.4.3/../../../../avr32/lib/ucr3fp\libc.a(lib_a-findfp.o)
                0x8000edd6                __sfp_lock_release
 .text._cleanup_r
                0x8000edd8        0xc c:/program files (x86)/atmel/atmel studio 6.0/extensions/atmel/avrgcc/3.4.1.95/avrtoolchain/bin/../lib/gcc/avr32/4.4.3/../../../../avr32/lib/ucr3fp\libc.a(lib_a-findfp.o)
                                 0x14 (size before relaxing)
                0x8000edd8                _cleanup_r
 .text.__sfmoreglue
                0x8000ede4       0x28 c:/program files (x86)/atmel/atmel studio 6.0/extensions/atmel/avrgcc/3.4.1.95/avrtoolchain/bin/../lib/gcc/avr32/4.4.3/../../../../avr32/lib/ucr3fp\libc.a(lib_a-findfp.o)
                                 0x30 (size before relaxing)
                0x8000ede4                __sfmoreglue
 .text.__sfp    0x8000ee0c       0x70 c:/program files (x86)/atmel/atmel studio 6.0/extensions/atmel/avrgcc/3.4.1.95/avrtoolchain/bin/../lib/gcc/avr32/4.4.3/../../../../avr32/lib/ucr3fp\libc.a(lib_a-findfp.o)
                                 0x7c (size before relaxing)
                0x8000ee0c                __sfp
 .text.__sinit  0x8000ee7c       0x9c c:/program files (x86)/atmel/atmel studio 6.0/extensions/atmel/avrgcc/3.4.1.95/avrtoolchain/bin/../lib/gcc/avr32/4.4.3/../../../../avr32/lib/ucr3fp\libc.a(lib_a-findfp.o)
                                 0xb0 (size before relaxing)
                0x8000ee7c                __sinit
 .text._malloc_trim_r
                0x8000ef18       0x9c c:/program files (x86)/atmel/atmel studio 6.0/extensions/atmel/avrgcc/3.4.1.95/avrtoolchain/bin/../lib/gcc/avr32/4.4.3/../../../../avr32/lib/ucr3fp\libc.a(lib_a-freer.o)
                                 0xa8 (size before relaxing)
                0x8000ef18                _malloc_trim_r
 .text._free_r  0x8000efb4      0x190 c:/program files (x86)/atmel/atmel studio 6.0/extensions/atmel/avrgcc/3.4.1.95/avrtoolchain/bin/../lib/gcc/avr32/4.4.3/../../../../avr32/lib/ucr3fp\libc.a(lib_a-freer.o)
                                0x1a4 (size before relaxing)
                0x8000efb4                _free_r
 .text.__sfvwrite_r
                0x8000f144      0x2a4 c:/program files (x86)/atmel/atmel studio 6.0/extensions/atmel/avrgcc/3.4.1.95/avrtoolchain/bin/../lib/gcc/avr32/4.4.3/../../../../avr32/lib/ucr3fp\libc.a(lib_a-fvwrite.o)
                                0x2c8 (size before relaxing)
                0x8000f144                __sfvwrite_r
 .text._fwalk   0x8000f3e8       0x4c c:/program files (x86)/atmel/atmel studio 6.0/extensions/atmel/avrgcc/3.4.1.95/avrtoolchain/bin/../lib/gcc/avr32/4.4.3/../../../../avr32/lib/ucr3fp\libc.a(lib_a-fwalk.o)
                                 0x54 (size before relaxing)
                0x8000f3e8                _fwalk
 .text._localeconv_r
                0x8000f434        0x8 c:/program files (x86)/atmel/atmel studio 6.0/extensions/atmel/avrgcc/3.4.1.95/avrtoolchain/bin/../lib/gcc/avr32/4.4.3/../../../../avr32/lib/ucr3fp\libc.a(lib_a-locale.o)
                0x8000f434                _localeconv_r
 .text.__smakebuf_r
                0x8000f43c       0xc4 c:/program files (x86)/atmel/atmel studio 6.0/extensions/atmel/avrgcc/3.4.1.95/avrtoolchain/bin/../lib/gcc/avr32/4.4.3/../../../../avr32/lib/ucr3fp\libc.a(lib_a-makebuf.o)
                                 0xd4 (size before relaxing)
                0x8000f43c                __smakebuf_r
 .text._malloc_r
                0x8000f500      0x434 c:/program files (x86)/atmel/atmel studio 6.0/extensions/atmel/avrgcc/3.4.1.95/avrtoolchain/bin/../lib/gcc/avr32/4.4.3/../../../../avr32/lib/ucr3fp\libc.a(lib_a-mallocr.o)
                                0x454 (size before relaxing)
                0x8000f500                _malloc_r
 .text.memchr   0x8000f934       0x16 c:/program files (x86)/atmel/atmel studio 6.0/extensions/atmel/avrgcc/3.4.1.95/avrtoolchain/bin/../lib/gcc/avr32/4.4.3/../../../../avr32/lib/ucr3fp\libc.a(lib_a-memchr.o)
                0x8000f934                memchr
 .text.memmove  0x8000f94a       0x3e c:/program files (x86)/atmel/atmel studio 6.0/extensions/atmel/avrgcc/3.4.1.95/avrtoolchain/bin/../lib/gcc/avr32/4.4.3/../../../../avr32/lib/ucr3fp\libc.a(lib_a-memmove.o)
                0x8000f94a                memmove
 .text.__malloc_lock
                0x8000f988        0x2 c:/program files (x86)/atmel/atmel studio 6.0/extensions/atmel/avrgcc/3.4.1.95/avrtoolchain/bin/../lib/gcc/avr32/4.4.3/../../../../avr32/lib/ucr3fp\libc.a(lib_a-mlock.o)
                0x8000f988                __malloc_lock
 .text.__malloc_unlock
                0x8000f98a        0x2 c:/program files (x86)/atmel/atmel studio 6.0/extensions/atmel/avrgcc/3.4.1.95/avrtoolchain/bin/../lib/gcc/avr32/4.4.3/../../../../avr32/lib/ucr3fp\libc.a(lib_a-mlock.o)
                0x8000f98a                __malloc_unlock
 .text.__hi0bits
                0x8000f98c       0x60 c:/program files (x86)/atmel/atmel studio 6.0/extensions/atmel/avrgcc/3.4.1.95/avrtoolchain/bin/../lib/gcc/avr32/4.4.3/../../../../avr32/lib/ucr3fp\libc.a(lib_a-mprec.o)
                0x8000f98c                __hi0bits
 .text.__lo0bits
                0x8000f9ec       0x8e c:/program files (x86)/atmel/atmel studio 6.0/extensions/atmel/avrgcc/3.4.1.95/avrtoolchain/bin/../lib/gcc/avr32/4.4.3/../../../../avr32/lib/ucr3fp\libc.a(lib_a-mprec.o)
                0x8000f9ec                __lo0bits
 .text.__mcmp   0x8000fa7a       0x32 c:/program files (x86)/atmel/atmel studio 6.0/extensions/atmel/avrgcc/3.4.1.95/avrtoolchain/bin/../lib/gcc/avr32/4.4.3/../../../../avr32/lib/ucr3fp\libc.a(lib_a-mprec.o)
                0x8000fa7a                __mcmp
 .text._Bfree   0x8000faac       0x34 c:/program files (x86)/atmel/atmel studio 6.0/extensions/atmel/avrgcc/3.4.1.95/avrtoolchain/bin/../lib/gcc/avr32/4.4.3/../../../../avr32/lib/ucr3fp\libc.a(lib_a-mprec.o)
                                 0x38 (size before relaxing)
                0x8000faac                _Bfree
 .text._Balloc  0x8000fae0       0x70 c:/program files (x86)/atmel/atmel studio 6.0/extensions/atmel/avrgcc/3.4.1.95/avrtoolchain/bin/../lib/gcc/avr32/4.4.3/../../../../avr32/lib/ucr3fp\libc.a(lib_a-mprec.o)
                                 0x78 (size before relaxing)
                0x8000fae0                _Balloc
 .text.__d2b    0x8000fb50       0xa8 c:/program files (x86)/atmel/atmel studio 6.0/extensions/atmel/avrgcc/3.4.1.95/avrtoolchain/bin/../lib/gcc/avr32/4.4.3/../../../../avr32/lib/ucr3fp\libc.a(lib_a-mprec.o)
                                 0xbc (size before relaxing)
                0x8000fb50                __d2b
 .text.__mdiff  0x8000fbf8       0xd0 c:/program files (x86)/atmel/atmel studio 6.0/extensions/atmel/avrgcc/3.4.1.95/avrtoolchain/bin/../lib/gcc/avr32/4.4.3/../../../../avr32/lib/ucr3fp\libc.a(lib_a-mprec.o)
                                 0xd8 (size before relaxing)
                0x8000fbf8                __mdiff
 .text.__lshift
                0x8000fcc8       0x88 c:/program files (x86)/atmel/atmel studio 6.0/extensions/atmel/avrgcc/3.4.1.95/avrtoolchain/bin/../lib/gcc/avr32/4.4.3/../../../../avr32/lib/ucr3fp\libc.a(lib_a-mprec.o)
                                 0x94 (size before relaxing)
                0x8000fcc8                __lshift
 .text.__multiply
                0x8000fd50      0x100 c:/program files (x86)/atmel/atmel studio 6.0/extensions/atmel/avrgcc/3.4.1.95/avrtoolchain/bin/../lib/gcc/avr32/4.4.3/../../../../avr32/lib/ucr3fp\libc.a(lib_a-mprec.o)
                                0x108 (size before relaxing)
                0x8000fd50                __multiply
 .text.__i2b    0x8000fe50       0x10 c:/program files (x86)/atmel/atmel studio 6.0/extensions/atmel/avrgcc/3.4.1.95/avrtoolchain/bin/../lib/gcc/avr32/4.4.3/../../../../avr32/lib/ucr3fp\libc.a(lib_a-mprec.o)
                                 0x18 (size before relaxing)
                0x8000fe50                __i2b
 .text.__multadd
                0x8000fe60       0x7c c:/program files (x86)/atmel/atmel studio 6.0/extensions/atmel/avrgcc/3.4.1.95/avrtoolchain/bin/../lib/gcc/avr32/4.4.3/../../../../avr32/lib/ucr3fp\libc.a(lib_a-mprec.o)
                                 0x88 (size before relaxing)
                0x8000fe60                __multadd
 .text.__pow5mult
                0x8000fedc       0x90 c:/program files (x86)/atmel/atmel studio 6.0/extensions/atmel/avrgcc/3.4.1.95/avrtoolchain/bin/../lib/gcc/avr32/4.4.3/../../../../avr32/lib/ucr3fp\libc.a(lib_a-mprec.o)
                                 0xac (size before relaxing)
                0x8000fedc                __pow5mult
 .text._realloc_r
                0x8000ff6c      0x2c4 c:/program files (x86)/atmel/atmel studio 6.0/extensions/atmel/avrgcc/3.4.1.95/avrtoolchain/bin/../lib/gcc/avr32/4.4.3/../../../../avr32/lib/ucr3fp\libc.a(lib_a-reallocr.o)
                                0x2e0 (size before relaxing)
                0x8000ff6c                _realloc_r
 .text._sbrk_r  0x80010230       0x20 c:/program files (x86)/atmel/atmel studio 6.0/extensions/atmel/avrgcc/3.4.1.95/avrtoolchain/bin/../lib/gcc/avr32/4.4.3/../../../../avr32/lib/ucr3fp\libc.a(lib_a-sbrkr.o)
                                 0x28 (size before relaxing)
                0x80010230                _sbrk_r
 .text.__isinfd
                0x80010250       0x2a c:/program files (x86)/atmel/atmel studio 6.0/extensions/atmel/avrgcc/3.4.1.95/avrtoolchain/bin/../lib/gcc/avr32/4.4.3/../../../../avr32/lib/ucr3fp\libc.a(lib_a-s_isinfd.o)
                0x80010250                __isinfd
 .text.__isnand
                0x8001027a       0x1c c:/program files (x86)/atmel/atmel studio 6.0/extensions/atmel/avrgcc/3.4.1.95/avrtoolchain/bin/../lib/gcc/avr32/4.4.3/../../../../avr32/lib/ucr3fp\libc.a(lib_a-s_isnand.o)
                0x8001027a                __isnand
 *fill*         0x80010296        0x2 d703d703
 .text.__sclose
                0x80010298        0x8 c:/program files (x86)/atmel/atmel studio 6.0/extensions/atmel/avrgcc/3.4.1.95/avrtoolchain/bin/../lib/gcc/avr32/4.4.3/../../../../avr32/lib/ucr3fp\libc.a(lib_a-stdio.o)
                                 0x10 (size before relaxing)
                0x80010298                __sclose
 .text.__sseek  0x800102a0       0x28 c:/program files (x86)/atmel/atmel studio 6.0/extensions/atmel/avrgcc/3.4.1.95/avrtoolchain/bin/../lib/gcc/avr32/4.4.3/../../../../avr32/lib/ucr3fp\libc.a(lib_a-stdio.o)
                                 0x2c (size before relaxing)
                0x800102a0                __sseek
 .text.__swrite
                0x800102c8       0x2c c:/program files (x86)/atmel/atmel studio 6.0/extensions/atmel/avrgcc/3.4.1.95/avrtoolchain/bin/../lib/gcc/avr32/4.4.3/../../../../avr32/lib/ucr3fp\libc.a(lib_a-stdio.o)
                                 0x38 (size before relaxing)
                0x800102c8                __swrite
 .text.__sread  0x800102f4       0x1c c:/program files (x86)/atmel/atmel studio 6.0/extensions/atmel/avrgcc/3.4.1.95/avrtoolchain/bin/../lib/gcc/avr32/4.4.3/../../../../avr32/lib/ucr3fp\libc.a(lib_a-stdio.o)
                                 0x24 (size before relaxing)
                0x800102f4                __sread
 .text.strlen   0x80010310       0x16 c:/program files (x86)/atmel/atmel studio 6.0/extensions/atmel/avrgcc/3.4.1.95/avrtoolchain/bin/../lib/gcc/avr32/4.4.3/../../../../avr32/lib/ucr3fp\libc.a(lib_a-strlen.o)
                0x80010310                strlen
 *fill*         0x80010326        0x2 d703d703
 .text._close   0x80010328       0x18 c:/program files (x86)/atmel/atmel studio 6.0/extensions/atmel/avrgcc/3.4.1.95/avrtoolchain/bin/../lib/gcc/avr32/4.4.3/../../../../avr32/lib/ucr3fp\libc.a(lib_a-syscalls.o)
                0x80010328                _close
 .text._lseek   0x80010340       0x18 c:/program files (x86)/atmel/atmel studio 6.0/extensions/atmel/avrgcc/3.4.1.95/avrtoolchain/bin/../lib/gcc/avr32/4.4.3/../../../../avr32/lib/ucr3fp\libc.a(lib_a-syscalls.o)
                0x80010340                _lseek
 .text._read    0x80010358       0x18 c:/program files (x86)/atmel/atmel studio 6.0/extensions/atmel/avrgcc/3.4.1.95/avrtoolchain/bin/../lib/gcc/avr32/4.4.3/../../../../avr32/lib/ucr3fp\libc.a(lib_a-syscalls.o)
                0x80010358                _read
 .text._write   0x80010370       0x18 c:/program files (x86)/atmel/atmel studio 6.0/extensions/atmel/avrgcc/3.4.1.95/avrtoolchain/bin/../lib/gcc/avr32/4.4.3/../../../../avr32/lib/ucr3fp\libc.a(lib_a-syscalls.o)
                0x80010370                _write
 .text.isatty   0x80010388       0x18 c:/program files (x86)/atmel/atmel studio 6.0/extensions/atmel/avrgcc/3.4.1.95/avrtoolchain/bin/../lib/gcc/avr32/4.4.3/../../../../avr32/lib/ucr3fp\libc.a(lib_a-syscalls.o)
                0x80010388                isatty
 .text._fstat_host
                0x800103a0       0x18 c:/program files (x86)/atmel/atmel studio 6.0/extensions/atmel/avrgcc/3.4.1.95/avrtoolchain/bin/../lib/gcc/avr32/4.4.3/../../../../avr32/lib/ucr3fp\libc.a(lib_a-syscalls.o)
                0x800103a0                _fstat_host
 .text._fstat   0x800103b8       0x4c c:/program files (x86)/atmel/atmel studio 6.0/extensions/atmel/avrgcc/3.4.1.95/avrtoolchain/bin/../lib/gcc/avr32/4.4.3/../../../../avr32/lib/ucr3fp\libc.a(lib_a-syscalls.o)
                                 0x50 (size before relaxing)
                0x800103b8                _fstat
 .text._sbrk    0x80010404       0x3c c:/program files (x86)/atmel/atmel studio 6.0/extensions/atmel/avrgcc/3.4.1.95/avrtoolchain/bin/../lib/gcc/avr32/4.4.3/../../../../avr32/lib/ucr3fp\libc.a(lib_a-syscalls.o)
                                 0x40 (size before relaxing)
                0x80010404                _sbrk
 .text._write_r
                0x80010440       0x28 c:/program files (x86)/atmel/atmel studio 6.0/extensions/atmel/avrgcc/3.4.1.95/avrtoolchain/bin/../lib/gcc/avr32/4.4.3/../../../../avr32/lib/ucr3fp\libc.a(lib_a-writer.o)
                                 0x2c (size before relaxing)
                0x80010440                _write_r
 .text._calloc_r
                0x80010468       0x58 c:/program files (x86)/atmel/atmel studio 6.0/extensions/atmel/avrgcc/3.4.1.95/avrtoolchain/bin/../lib/gcc/avr32/4.4.3/../../../../avr32/lib/ucr3fp\libc.a(lib_a-callocr.o)
                                 0x60 (size before relaxing)
                0x80010468                _calloc_r
 .text._close_r
                0x800104c0       0x20 c:/program files (x86)/atmel/atmel studio 6.0/extensions/atmel/avrgcc/3.4.1.95/avrtoolchain/bin/../lib/gcc/avr32/4.4.3/../../../../avr32/lib/ucr3fp\libc.a(lib_a-closer.o)
                                 0x28 (size before relaxing)
                0x800104c0                _close_r
 .text.__errno  0x800104e0        0xc c:/program files (x86)/atmel/atmel studio 6.0/extensions/atmel/avrgcc/3.4.1.95/avrtoolchain/bin/../lib/gcc/avr32/4.4.3/../../../../avr32/lib/ucr3fp\libc.a(lib_a-errno.o)
                0x800104e0                __errno
 .text._fclose_r
                0x800104ec       0xbc c:/program files (x86)/atmel/atmel studio 6.0/extensions/atmel/avrgcc/3.4.1.95/avrtoolchain/bin/../lib/gcc/avr32/4.4.3/../../../../avr32/lib/ucr3fp\libc.a(lib_a-fclose.o)
                                 0xd0 (size before relaxing)
                0x800104ec                _fclose_r
 .text.fclose   0x800105a8       0x10 c:/program files (x86)/atmel/atmel studio 6.0/extensions/atmel/avrgcc/3.4.1.95/avrtoolchain/bin/../lib/gcc/avr32/4.4.3/../../../../avr32/lib/ucr3fp\libc.a(lib_a-fclose.o)
                                 0x18 (size before relaxing)
                0x800105a8                fclose
 .text._fstat_r
                0x800105b8       0x24 c:/program files (x86)/atmel/atmel studio 6.0/extensions/atmel/avrgcc/3.4.1.95/avrtoolchain/bin/../lib/gcc/avr32/4.4.3/../../../../avr32/lib/ucr3fp\libc.a(lib_a-fstatr.o)
                                 0x2c (size before relaxing)
                0x800105b8                _fstat_r
 .text._lseek_r
                0x800105dc       0x28 c:/program files (x86)/atmel/atmel studio 6.0/extensions/atmel/avrgcc/3.4.1.95/avrtoolchain/bin/../lib/gcc/avr32/4.4.3/../../../../avr32/lib/ucr3fp\libc.a(lib_a-lseekr.o)
                                 0x2c (size before relaxing)
                0x800105dc                _lseek_r
 .text._read_r  0x80010604       0x28 c:/program files (x86)/atmel/atmel studio 6.0/extensions/atmel/avrgcc/3.4.1.95/avrtoolchain/bin/../lib/gcc/avr32/4.4.3/../../../../avr32/lib/ucr3fp\libc.a(lib_a-readr.o)
                                 0x2c (size before relaxing)
                0x80010604                _read_r
 .text          0x8001062c      0x1d4 c:/program files (x86)/atmel/atmel studio 6.0/extensions/atmel/avrgcc/3.4.1.95/avrtoolchain/bin/../lib/gcc/avr32/4.4.3/ucr3fp\libgcc.a(_avr32_f64_mul.o)
                0x8001062c                __avr32_f64_mul
 .text          0x80010800      0x2a8 c:/program files (x86)/atmel/atmel studio 6.0/extensions/atmel/avrgcc/3.4.1.95/avrtoolchain/bin/../lib/gcc/avr32/4.4.3/ucr3fp\libgcc.a(_avr32_f64_addsub.o)
                0x80010804                __avr32_f64_sub
                0x800109a0                __avr32_f64_add
 .text          0x80010aa8       0x2a c:/program files (x86)/atmel/atmel studio 6.0/extensions/atmel/avrgcc/3.4.1.95/avrtoolchain/bin/../lib/gcc/avr32/4.4.3/ucr3fp\libgcc.a(_avr32_f64_to_s32.o)
                0x80010aa8                __avr32_f64_to_u32
                0x80010aac                __avr32_f64_to_s32
 .text          0x80010ad2       0x26 c:/program files (x86)/atmel/atmel studio 6.0/extensions/atmel/avrgcc/3.4.1.95/avrtoolchain/bin/../lib/gcc/avr32/4.4.3/ucr3fp\libgcc.a(_avr32_f64_cmp_eq.o)
                0x80010ad2                __avr32_f64_cmp_eq
 .text          0x80010af8       0x68 c:/program files (x86)/atmel/atmel studio 6.0/extensions/atmel/avrgcc/3.4.1.95/avrtoolchain/bin/../lib/gcc/avr32/4.4.3/ucr3fp\libgcc.a(_avr32_f64_cmp_lt.o)
                0x80010af8                __avr32_f64_cmp_lt
 .text          0x80010b60      0x318 c:/program files (x86)/atmel/atmel studio 6.0/extensions/atmel/avrgcc/3.4.1.95/avrtoolchain/bin/../lib/gcc/avr32/4.4.3/ucr3fp\libgcc.a(_avr32_f64_div.o)
                0x80010b60                __avr32_f64_div
 .text          0x80010e78      0x292 c:/program files (x86)/atmel/atmel studio 6.0/extensions/atmel/avrgcc/3.4.1.95/avrtoolchain/bin/../lib/gcc/avr32/4.4.3/ucr3fp\libgcc.a(_udivdi3.o)
                0x80010e78                __avr32_udiv64
                0x80010e78                __udivdi3
 .text          0x8001110a      0x272 c:/program files (x86)/atmel/atmel studio 6.0/extensions/atmel/avrgcc/3.4.1.95/avrtoolchain/bin/../lib/gcc/avr32/4.4.3/ucr3fp\libgcc.a(_umoddi3.o)
                0x8001110a                __avr32_umod64
                0x8001110a                __umoddi3
 *(.text.*personality*)
 *(.gnu.warning)

.exception      0x80011400      0x200
 .exception     0x80011400      0x200 src/asf/avr32/drivers/intc/exception.o
                0x80011400                _evba
                0x80011504                _int0
                0x80011512                _int1
                0x80011520                _int2
                0x8001152e                _int3

.fini
 *(.fini)
                0x80011600                PROVIDE (__etext, .)
                0x80011600                PROVIDE (_etext, .)
                0x80011600                PROVIDE (etext, .)

.rodata         0x80011600     0x190c
 *(.rodata .rodata.* .gnu.linkonce.r.*)
 .rodata.SDRAMC_EBI_GPIO_MAP.14470
                0x80011600      0x128 src/asf/avr32/drivers/ebi/sdramc/sdramc.o
 .rodata.gpio_enable_module_pin
                0x80011728       0x20 src/asf/avr32/drivers/gpio/gpio.o
 .rodata._int_handler_table
                0x80011748      0x178 src/asf/avr32/drivers/intc/intc.o
 .rodata.const_FSI_LeadSig
                0x800118c0        0x4 src/asf/avr32/services/fs/fat/fat_unusual.o
                0x800118c0                const_FSI_LeadSig
 .rodata.fs_s_tab_incorrect_char
                0x800118c4        0x8 src/asf/avr32/services/fs/fat/fat_unusual.o
                0x800118c4                fs_s_tab_incorrect_char
 .rodata.fs_s_execption_char
                0x800118cc        0x8 src/asf/avr32/services/fs/fat/fat_unusual.o
                0x800118cc                fs_s_execption_char
 .rodata.const_FSI_StrucSig
                0x800118d4        0x4 src/asf/avr32/services/fs/fat/fat_unusual.o
                0x800118d4                const_FSI_StrucSig
 .rodata.DBG_USART_GPIO_MAP.14756
                0x800118d8       0x10 src/asf/avr32/utils/debug/print_funcs.o
 .rodata.str1.4
                0x800118e8       0x98 src/asf/common/boards/user_board/init.o
 .rodata.lun_desc
                0x80011980       0x1c src/asf/common/services/storage/ctrl_access/ctrl_access.o
 .rodata.str1.4
                0x8001199c       0x17 src/asf/common/services/storage/ctrl_access/ctrl_access.o
                                 0x18 (size before relaxing)
 *fill*         0x800119b3        0x1 00
 .rodata.BMPHeader
                0x800119b4       0x10 src/CustomDevices/Bitmap.o
                0x800119b4                BMPHeader
 .rodata.DIBHead
                0x800119c4       0x7c src/CustomDevices/Bitmap.o
                0x800119c4                DIBHead
 .rodata.ACIFA_GPIO_MAP.17622
                0x80011a40       0x20 src/CustomDevices/MotorDriver.o
 .rodata.C.54.17593
                0x80011a60       0x14 src/CustomDevices/MotorDriver.o
 .rodata.str1.4
                0x80011a74       0x4d src/CustomDevices/OV7670.o
                                 0x50 (size before relaxing)
 .rodata.default_settings
                0x80011ac1      0x14e src/CustomDevices/OV7670_Setup.o
                0x80011ac1                default_settings
 *fill*         0x80011c0f        0x1 00
 .rodata.C.57.17611
                0x80011c10       0x10 src/CustomDevices/SD_Card.o
 .rodata.SD_MMC_SPI_GPIO_MAP.17609
                0x80011c20       0x20 src/CustomDevices/SD_Card.o
 .rodata.str1.4
                0x80011c40      0x113 src/CustomDevices/SD_Card.o
                                0x128 (size before relaxing)
 *fill*         0x80011d53        0x1 00
 .rodata.C.55.17596
                0x80011d54       0x10 src/CustomDevices/TWI.o
 .rodata.C.54.17595
                0x80011d64       0x10 src/CustomDevices/TWI.o
 .rodata.main   0x80011d74      0x10c src/main.o
 .rodata.str1.4
                0x80011e80      0x9ed src/main.o
                                0x9f4 (size before relaxing)
 *fill*         0x8001286d        0x3 00
 .rodata.complex_abs_end_kernel_opti.15288
                0x80012870       0x10 ../src/asf/avr32/utils/libs/dsplib/at32ucr3fp/gcc\libdsp-at32ucr3fp-dspspeed_opt.a(vect_dsp16_complex_abs.o)
 .rodata._ctype_
                0x80012880      0x104 c:/program files (x86)/atmel/atmel studio 6.0/extensions/atmel/avrgcc/3.4.1.95/avrtoolchain/bin/../lib/gcc/avr32/4.4.3/../../../../avr32/lib/ucr3fp\libc.a(lib_a-ctype_.o)
                0x80012880                _ctype_
 .rodata.str1.4
                0x80012984        0x2 c:/program files (x86)/atmel/atmel studio 6.0/extensions/atmel/avrgcc/3.4.1.95/avrtoolchain/bin/../lib/gcc/avr32/4.4.3/../../../../avr32/lib/ucr3fp\libc.a(lib_a-impure.o)
                                  0x4 (size before relaxing)
 *fill*         0x80012986        0x2 00
 .rodata._global_impure_ptr
                0x80012988        0x4 c:/program files (x86)/atmel/atmel studio 6.0/extensions/atmel/avrgcc/3.4.1.95/avrtoolchain/bin/../lib/gcc/avr32/4.4.3/../../../../avr32/lib/ucr3fp\libc.a(lib_a-impure.o)
                0x80012988                _global_impure_ptr
 .rodata.get_arg
                0x8001298c       0x3c c:/program files (x86)/atmel/atmel studio 6.0/extensions/atmel/avrgcc/3.4.1.95/avrtoolchain/bin/../lib/gcc/avr32/4.4.3/../../../../avr32/lib/ucr3fp\libc.a(lib_a-vfprintf.o)
 .rodata._vfprintf_r
                0x800129c8      0x164 c:/program files (x86)/atmel/atmel studio 6.0/extensions/atmel/avrgcc/3.4.1.95/avrtoolchain/bin/../lib/gcc/avr32/4.4.3/../../../../avr32/lib/ucr3fp\libc.a(lib_a-vfprintf.o)
 .rodata.state_table
                0x80012b2c       0x6c c:/program files (x86)/atmel/atmel studio 6.0/extensions/atmel/avrgcc/3.4.1.95/avrtoolchain/bin/../lib/gcc/avr32/4.4.3/../../../../avr32/lib/ucr3fp\libc.a(lib_a-vfprintf.o)
 .rodata.action_table
                0x80012b98       0x6c c:/program files (x86)/atmel/atmel studio 6.0/extensions/atmel/avrgcc/3.4.1.95/avrtoolchain/bin/../lib/gcc/avr32/4.4.3/../../../../avr32/lib/ucr3fp\libc.a(lib_a-vfprintf.o)
 .rodata.str1.4
                0x80012c04       0x3a c:/program files (x86)/atmel/atmel studio 6.0/extensions/atmel/avrgcc/3.4.1.95/avrtoolchain/bin/../lib/gcc/avr32/4.4.3/../../../../avr32/lib/ucr3fp\libc.a(lib_a-vfprintf.o)
                                 0x3c (size before relaxing)
 *fill*         0x80012c3e        0x2 00
 .rodata.blanks.3430
                0x80012c40       0x10 c:/program files (x86)/atmel/atmel studio 6.0/extensions/atmel/avrgcc/3.4.1.95/avrtoolchain/bin/../lib/gcc/avr32/4.4.3/../../../../avr32/lib/ucr3fp\libc.a(lib_a-vfprintf.o)
 .rodata.zeroes.3431
                0x80012c50       0x10 c:/program files (x86)/atmel/atmel studio 6.0/extensions/atmel/avrgcc/3.4.1.95/avrtoolchain/bin/../lib/gcc/avr32/4.4.3/../../../../avr32/lib/ucr3fp\libc.a(lib_a-vfprintf.o)
 .rodata.chclass
                0x80012c60      0x100 c:/program files (x86)/atmel/atmel studio 6.0/extensions/atmel/avrgcc/3.4.1.95/avrtoolchain/bin/../lib/gcc/avr32/4.4.3/../../../../avr32/lib/ucr3fp\libc.a(lib_a-vfprintf.o)
 .rodata.str1.4
                0x80012d60       0x10 c:/program files (x86)/atmel/atmel studio 6.0/extensions/atmel/avrgcc/3.4.1.95/avrtoolchain/bin/../lib/gcc/avr32/4.4.3/../../../../avr32/lib/ucr3fp\libc.a(lib_a-dtoa.o)
                                 0x14 (size before relaxing)
 .rodata.__sf_fake_stdin
                0x80012d70       0x20 c:/program files (x86)/atmel/atmel studio 6.0/extensions/atmel/avrgcc/3.4.1.95/avrtoolchain/bin/../lib/gcc/avr32/4.4.3/../../../../avr32/lib/ucr3fp\libc.a(lib_a-findfp.o)
                0x80012d70                __sf_fake_stdin
 .rodata.__sf_fake_stdout
                0x80012d90       0x20 c:/program files (x86)/atmel/atmel studio 6.0/extensions/atmel/avrgcc/3.4.1.95/avrtoolchain/bin/../lib/gcc/avr32/4.4.3/../../../../avr32/lib/ucr3fp\libc.a(lib_a-findfp.o)
                0x80012d90                __sf_fake_stdout
 .rodata.__sf_fake_stderr
                0x80012db0       0x20 c:/program files (x86)/atmel/atmel studio 6.0/extensions/atmel/avrgcc/3.4.1.95/avrtoolchain/bin/../lib/gcc/avr32/4.4.3/../../../../avr32/lib/ucr3fp\libc.a(lib_a-findfp.o)
                0x80012db0                __sf_fake_stderr
 .rodata.lconv  0x80012dd0       0x30 c:/program files (x86)/atmel/atmel studio 6.0/extensions/atmel/avrgcc/3.4.1.95/avrtoolchain/bin/../lib/gcc/avr32/4.4.3/../../../../avr32/lib/ucr3fp\libc.a(lib_a-locale.o)
 .rodata.str1.4
                0x80012e00       0x10 c:/program files (x86)/atmel/atmel studio 6.0/extensions/atmel/avrgcc/3.4.1.95/avrtoolchain/bin/../lib/gcc/avr32/4.4.3/../../../../avr32/lib/ucr3fp\libc.a(lib_a-locale.o)
                                 0x18 (size before relaxing)
 .rodata.p05.2471
                0x80012e10        0xc c:/program files (x86)/atmel/atmel studio 6.0/extensions/atmel/avrgcc/3.4.1.95/avrtoolchain/bin/../lib/gcc/avr32/4.4.3/../../../../avr32/lib/ucr3fp\libc.a(lib_a-mprec.o)
 .rodata.__mprec_tens
                0x80012e1c       0xc8 c:/program files (x86)/atmel/atmel studio 6.0/extensions/atmel/avrgcc/3.4.1.95/avrtoolchain/bin/../lib/gcc/avr32/4.4.3/../../../../avr32/lib/ucr3fp\libc.a(lib_a-mprec.o)
                0x80012e1c                __mprec_tens
 .rodata.__mprec_bigtens
                0x80012ee4       0x28 c:/program files (x86)/atmel/atmel studio 6.0/extensions/atmel/avrgcc/3.4.1.95/avrtoolchain/bin/../lib/gcc/avr32/4.4.3/../../../../avr32/lib/ucr3fp\libc.a(lib_a-mprec.o)
                0x80012ee4                __mprec_bigtens

.rodata1
 *(.rodata1)

.eh_frame_hdr
 *(.eh_frame_hdr)

.eh_frame
 *(.eh_frame)

.gcc_except_table
 *(.gcc_except_table)
 *(.gcc_except_table.*)

.dalign         0x80012f0c        0x4
                0x80012f10                . = ALIGN (0x8)
 *fill*         0x80012f0c        0x4 00
                0x80012f10                PROVIDE (_data_lma, .)
                0x00000004                PROVIDE (_data, ORIGIN (CPUSRAM))
                0x00000004                . = ORIGIN (CPUSRAM)

.eh_frame
 *(.eh_frame)

.gcc_except_table
 *(.gcc_except_table)
 *(.gcc_except_table.*)

.tdata
 *(.tdata .tdata.* .gnu.linkonce.td.*)

.tbss
 *(.tbss .tbss.* .gnu.linkonce.tb.*)
 *(.tcommon)
                0x00000004                PROVIDE (__preinit_array_start, ALIGN (0x4))

.preinit_array
 *(.preinit_array)
                0x00000004                PROVIDE (__preinit_array_end, .)
                0x00000004                PROVIDE (__init_array_start, .)

.init_array
 *(.init_array)
                0x00000004                PROVIDE (__init_array_end, .)
                0x00000004                PROVIDE (__fini_array_start, .)

.fini_array
 *(.fini_array)
                0x00000004                PROVIDE (__fini_array_end, .)

.ctors
 *crtbegin*.o(.ctors)
 *(EXCLUDE_FILE(*crtend*.o) .ctors)
 *(SORT(.ctors.*))
 *(.ctors)

.dtors
 *crtbegin*.o(.dtors)
 *(EXCLUDE_FILE(*crtend*.o) .dtors)
 *(SORT(.dtors.*))
 *(.dtors)

.jcr
 *(.jcr)

.data.rel.ro
 *(.data.rel.ro.local)
 *(.data.rel.ro*)

.dynamic
 *(.dynamic)

.got
 *(.got.plt)
 *(.got)

.data           0x00000004     0x1114 load address 0x80012f10
 *(.data .data.* .gnu.linkonce.d.*)
 .data.sd_mmc_spi_presence_status
                0x00000004        0x1 src/asf/avr32/components/memory/sd_mmc/sd_mmc_spi/sd_mmc_spi_mem.o
                0x00000004                sd_mmc_spi_presence_status
 *fill*         0x00000005        0x3 00
 .data.flashc_wait_until_ready
                0x00000008        0x4 src/asf/avr32/drivers/flashc/flashc.o
                0x00000008                flashc_wait_until_ready
 .data.dsp16_twiddle_factors2
                0x0000000c      0x800 ../src/asf/avr32/utils/libs/dsplib/at32ucr3fp/gcc\libdsp-at32ucr3fp-dspspeed_opt.a(trans_dsp16_twiddle_factors.o)
                0x0000000c                dsp16_twiddle_factors2
 .data.dsp16_twiddle_factors
                0x0000080c      0x404 ../src/asf/avr32/utils/libs/dsplib/at32ucr3fp/gcc\libdsp-at32ucr3fp-dspspeed_opt.a(trans_dsp16_twiddle_factors.o)
                0x0000080c                dsp16_twiddle_factors
 .data.__ctype_ptr
                0x00000c10        0x4 c:/program files (x86)/atmel/atmel studio 6.0/extensions/atmel/avrgcc/3.4.1.95/avrtoolchain/bin/../lib/gcc/avr32/4.4.3/../../../../avr32/lib/ucr3fp\libc.a(lib_a-ctype_.o)
                0x00000c10                __ctype_ptr
 .data.impure_data
                0x00000c14       0xf0 c:/program files (x86)/atmel/atmel studio 6.0/extensions/atmel/avrgcc/3.4.1.95/avrtoolchain/bin/../lib/gcc/avr32/4.4.3/../../../../avr32/lib/ucr3fp\libc.a(lib_a-impure.o)
 .data._impure_ptr
                0x00000d04        0x4 c:/program files (x86)/atmel/atmel studio 6.0/extensions/atmel/avrgcc/3.4.1.95/avrtoolchain/bin/../lib/gcc/avr32/4.4.3/../../../../avr32/lib/ucr3fp\libc.a(lib_a-impure.o)
                0x00000d04                _impure_ptr
 .data.__malloc_av_
                0x00000d08      0x408 c:/program files (x86)/atmel/atmel studio 6.0/extensions/atmel/avrgcc/3.4.1.95/avrtoolchain/bin/../lib/gcc/avr32/4.4.3/../../../../avr32/lib/ucr3fp\libc.a(lib_a-mallocr.o)
                0x00000d08                __malloc_av_
 .data.__malloc_trim_threshold
                0x00001110        0x4 c:/program files (x86)/atmel/atmel studio 6.0/extensions/atmel/avrgcc/3.4.1.95/avrtoolchain/bin/../lib/gcc/avr32/4.4.3/../../../../avr32/lib/ucr3fp\libc.a(lib_a-mallocr.o)
                0x00001110                __malloc_trim_threshold
 .data.__malloc_sbrk_base
                0x00001114        0x4 c:/program files (x86)/atmel/atmel studio 6.0/extensions/atmel/avrgcc/3.4.1.95/avrtoolchain/bin/../lib/gcc/avr32/4.4.3/../../../../avr32/lib/ucr3fp\libc.a(lib_a-mallocr.o)
                0x00001114                __malloc_sbrk_base
 *(.gnu.linkonce.d.*personality*)

.data1
 *(.data1)

.balign         0x00001118        0x0 load address 0x80014024
                0x00001118                . = ALIGN (0x8)
                0x00001118                _edata = .
                0x00001118                _edata = .
                0x00001118                PROVIDE (edata, .)
                0x00001118                __bss_start = .

.bss            0x00001118      0x9e0 load address 0x80014024
 *(.dynbss)
 *(.bss .bss.* .gnu.linkonce.b.*)
 .bss.gl_ptr_mem
                0x00001118        0x4 src/asf/avr32/components/memory/sd_mmc/sd_mmc_spi/sd_mmc_spi.o
 .bss.sd_mmc_opt
                0x0000111c       0x10 src/asf/avr32/components/memory/sd_mmc/sd_mmc_spi/sd_mmc_spi.o
 .bss.sd_mmc_pba_hz
                0x0000112c        0x4 src/asf/avr32/components/memory/sd_mmc/sd_mmc_spi/sd_mmc_spi.o
 .bss.sd_mmc_spi_init_done
                0x00001130        0x1 src/asf/avr32/components/memory/sd_mmc/sd_mmc_spi/sd_mmc_spi.o
                0x00001130                sd_mmc_spi_init_done
 *fill*         0x00001131        0x3 00
 .bss.flashc_error_status
                0x00001134        0x4 src/asf/avr32/drivers/flashc/flashc.o
 .bss._int_line_handler_table_0
                0x00001138        0x4 src/asf/avr32/drivers/intc/intc.o
 .bss._int_line_handler_table_1
                0x0000113c        0x8 src/asf/avr32/drivers/intc/intc.o
 .bss._int_line_handler_table_2
                0x00001144        0x4 src/asf/avr32/drivers/intc/intc.o
 .bss._int_line_handler_table_3
                0x00001148       0x10 src/asf/avr32/drivers/intc/intc.o
 .bss._int_line_handler_table_4
                0x00001158       0x10 src/asf/avr32/drivers/intc/intc.o
 .bss._int_line_handler_table_5
                0x00001168       0x10 src/asf/avr32/drivers/intc/intc.o
 .bss._int_line_handler_table_6
                0x00001178       0x10 src/asf/avr32/drivers/intc/intc.o
 .bss._int_line_handler_table_7
                0x00001188        0x4 src/asf/avr32/drivers/intc/intc.o
 .bss._int_line_handler_table_8
                0x0000118c        0x4 src/asf/avr32/drivers/intc/intc.o
 .bss._int_line_handler_table_9
                0x00001190       0x28 src/asf/avr32/drivers/intc/intc.o
 .bss._int_line_handler_table_10
                0x000011b8        0x4 src/asf/avr32/drivers/intc/intc.o
 .bss._int_line_handler_table_11
                0x000011bc        0x4 src/asf/avr32/drivers/intc/intc.o
 .bss._int_line_handler_table_12
                0x000011c0        0x4 src/asf/avr32/drivers/intc/intc.o
 .bss._int_line_handler_table_13
                0x000011c4        0x4 src/asf/avr32/drivers/intc/intc.o
 .bss._int_line_handler_table_14
                0x000011c8       0x14 src/asf/avr32/drivers/intc/intc.o
 .bss._int_line_handler_table_15
                0x000011dc       0x10 src/asf/avr32/drivers/intc/intc.o
 .bss._int_line_handler_table_16
                0x000011ec       0x10 src/asf/avr32/drivers/intc/intc.o
 .bss._int_line_handler_table_17
                0x000011fc        0x4 src/asf/avr32/drivers/intc/intc.o
 .bss._int_line_handler_table_18
                0x00001200       0x40 src/asf/avr32/drivers/intc/intc.o
 .bss._int_line_handler_table_19
                0x00001240        0x4 src/asf/avr32/drivers/intc/intc.o
 .bss._int_line_handler_table_33
                0x00001244        0xc src/asf/avr32/drivers/intc/intc.o
 .bss._int_line_handler_table_34
                0x00001250        0xc src/asf/avr32/drivers/intc/intc.o
 .bss._int_line_handler_table_35
                0x0000125c        0x8 src/asf/avr32/drivers/intc/intc.o
 .bss._int_line_handler_table_36
                0x00001264       0x18 src/asf/avr32/drivers/intc/intc.o
 .bss._int_line_handler_table_37
                0x0000127c        0x4 src/asf/avr32/drivers/intc/intc.o
 .bss._int_line_handler_table_38
                0x00001280        0x4 src/asf/avr32/drivers/intc/intc.o
 .bss._int_line_handler_table_39
                0x00001284       0x18 src/asf/avr32/drivers/intc/intc.o
 .bss._int_line_handler_table_40
                0x0000129c       0x18 src/asf/avr32/drivers/intc/intc.o
 .bss._int_line_handler_table_29
                0x000012b4        0x4 src/asf/avr32/drivers/intc/intc.o
 .bss._int_line_handler_table_30
                0x000012b8        0x4 src/asf/avr32/drivers/intc/intc.o
 .bss._int_line_handler_table_31
                0x000012bc        0x4 src/asf/avr32/drivers/intc/intc.o
 .bss._int_line_handler_table_41
                0x000012c0        0x4 src/asf/avr32/drivers/intc/intc.o
 .bss._int_line_handler_table_32
                0x000012c4        0x4 src/asf/avr32/drivers/intc/intc.o
 .bss._int_line_handler_table_45
                0x000012c8        0x4 src/asf/avr32/drivers/intc/intc.o
 .bss._int_line_handler_table_20
                0x000012cc        0x4 src/asf/avr32/drivers/intc/intc.o
 .bss._int_line_handler_table_21
                0x000012d0        0x4 src/asf/avr32/drivers/intc/intc.o
 .bss._int_line_handler_table_22
                0x000012d4        0x4 src/asf/avr32/drivers/intc/intc.o
 .bss._int_line_handler_table_23
                0x000012d8        0x4 src/asf/avr32/drivers/intc/intc.o
 .bss._int_line_handler_table_24
                0x000012dc        0x4 src/asf/avr32/drivers/intc/intc.o
 .bss._int_line_handler_table_25
                0x000012e0        0x4 src/asf/avr32/drivers/intc/intc.o
 .bss._int_line_handler_table_26
                0x000012e4        0x4 src/asf/avr32/drivers/intc/intc.o
 .bss._int_line_handler_table_27
                0x000012e8        0x4 src/asf/avr32/drivers/intc/intc.o
 .bss._int_line_handler_table_28
                0x000012ec        0x4 src/asf/avr32/drivers/intc/intc.o
 .bss._int_line_handler_table_42
                0x000012f0        0x4 src/asf/avr32/drivers/intc/intc.o
 .bss._int_line_handler_table_43
                0x000012f4        0x4 src/asf/avr32/drivers/intc/intc.o
 .bss._int_line_handler_table_44
                0x000012f8        0x4 src/asf/avr32/drivers/intc/intc.o
 .bss._int_line_handler_table_46
                0x000012fc        0x4 src/asf/avr32/drivers/intc/intc.o
 .bss.twim_inst
                0x00001300        0x4 src/asf/avr32/drivers/twim/twim.o
 .bss.twim_rx_data
                0x00001304        0x4 src/asf/avr32/drivers/twim/twim.o
 .bss.twim_rx_nb_bytes
                0x00001308        0x4 src/asf/avr32/drivers/twim/twim.o
 .bss.transfer_status
                0x0000130c        0x4 src/asf/avr32/drivers/twim/twim.o
 .bss.twim_tx_data
                0x00001310        0x4 src/asf/avr32/drivers/twim/twim.o
 .bss.twim_it_mask
                0x00001314        0x4 src/asf/avr32/drivers/twim/twim.o
 .bss.twim_next
                0x00001318        0x1 src/asf/avr32/drivers/twim/twim.o
 *fill*         0x00001319        0x3 00
 .bss.twim_package
                0x0000131c        0x4 src/asf/avr32/drivers/twim/twim.o
 .bss.twim_tx_nb_bytes
                0x00001320        0x4 src/asf/avr32/drivers/twim/twim.o
 .bss._gm_      0x00001324      0x1c8 src/asf/thirdparty/dlmalloc/dlmalloc.o
 .bss.mparams   0x000014ec       0x18 src/asf/thirdparty/dlmalloc/dlmalloc.o
 .bss.cur_heap_pos
                0x00001504        0x4 src/asf/thirdparty/dlmalloc/dlsbrk.o
 .bss.__malloc_max_total_mem
                0x00001508        0x4 c:/program files (x86)/atmel/atmel studio 6.0/extensions/atmel/avrgcc/3.4.1.95/avrtoolchain/bin/../lib/gcc/avr32/4.4.3/../../../../avr32/lib/ucr3fp\libc.a(lib_a-mallocr.o)
                0x00001508                __malloc_max_total_mem
 .bss.__malloc_max_sbrked_mem
                0x0000150c        0x4 c:/program files (x86)/atmel/atmel studio 6.0/extensions/atmel/avrgcc/3.4.1.95/avrtoolchain/bin/../lib/gcc/avr32/4.4.3/../../../../avr32/lib/ucr3fp\libc.a(lib_a-mallocr.o)
                0x0000150c                __malloc_max_sbrked_mem
 .bss.__malloc_top_pad
                0x00001510        0x4 c:/program files (x86)/atmel/atmel studio 6.0/extensions/atmel/avrgcc/3.4.1.95/avrtoolchain/bin/../lib/gcc/avr32/4.4.3/../../../../avr32/lib/ucr3fp\libc.a(lib_a-mallocr.o)
                0x00001510                __malloc_top_pad
 .bss.__malloc_current_mallinfo
                0x00001514       0x28 c:/program files (x86)/atmel/atmel studio 6.0/extensions/atmel/avrgcc/3.4.1.95/avrtoolchain/bin/../lib/gcc/avr32/4.4.3/../../../../avr32/lib/ucr3fp\libc.a(lib_a-mallocr.o)
                0x00001514                __malloc_current_mallinfo
 .bss.cur_heap_pos.1869
                0x0000153c        0x4 c:/program files (x86)/atmel/atmel studio 6.0/extensions/atmel/avrgcc/3.4.1.95/avrtoolchain/bin/../lib/gcc/avr32/4.4.3/../../../../avr32/lib/ucr3fp\libc.a(lib_a-syscalls.o)
 *(COMMON)
 COMMON         0x00001540      0x229 src/asf/avr32/components/memory/sd_mmc/sd_mmc_spi/sd_mmc_spi.o
                0x00001540                data_mem
                0x00001744                capacity
                0x0000174c                capacity_mult
                0x0000174e                erase_group_size
                0x00001750                sd_mmc_spi_last_block_address
                0x00001754                r2
                0x00001756                card_type
                0x00001758                csd
                0x00001768                r1
 *fill*         0x00001769        0x3 00
 COMMON         0x0000176c      0x2f4 src/asf/avr32/services/fs/fat/fat.o
                0x0000176c                fs_gu32_addrsector
                0x00001770                fs_g_nav_entry
                0x00001780                fs_g_u16_pos_fat
                0x00001782                g_b_no_check_disk
                0x00001784                fs_g_cache_clusterlist
                0x000017ac                fs_g_u32_last_mod_fat
                0x000017b0                fs_g_sector
                0x000019b0                fs_g_nav
                0x000019e4                fs_g_u32_first_mod_fat
                0x000019e8                fs_g_navext_entry
                0x000019f8                fs_g_navext_fast
                0x000019fc                fs_g_nav_fast
                0x00001a00                fs_g_status
                0x00001a01                g_b_string_length
                0x00001a02                fs_g_u8_current_cache
                0x00001a04                fs_g_navext
                0x00001a38                fs_g_sectorcache
                0x00001a4c                g_b_unicode
                0x00001a50                fs_g_cluster
                0x00001a58                fs_g_seg
 COMMON         0x00001a60       0x19 src/asf/avr32/services/fs/fat/navigation.o
                0x00001a60                g_segment_dest
                0x00001a6c                g_segment_src
                0x00001a78                fs_g_u8_nav_selected
 *fill*         0x00001a79        0x3 00
 COMMON         0x00001a7c       0x78 src/asf/common/boards/user_board/init.o
                0x00001a7c                SD_Status
                0x00001a84                PCA9542A
                0x00001a86                OV7670_Status
                0x00001a90                Columbus_Status
                0x00001aa4                sdram_msp
                0x00001aa8                pwm_channel
                0x00001ac8                pwm_opt
                0x00001ae4                Motor_Control
 COMMON         0x00001af4        0x4 c:/program files (x86)/atmel/atmel studio 6.0/extensions/atmel/avrgcc/3.4.1.95/avrtoolchain/bin/../lib/gcc/avr32/4.4.3/../../../../avr32/lib/ucr3fp\libc.a(lib_a-reent.o)
                0x00001af4                errno
                0x00001af8                . = ALIGN (0x8)
                0x00001af8                . = ALIGN (0x8)
                0x00001af8                _end = .
                0x00001af8                PROVIDE (end, .)
                0x00001af8                __heap_start__ = ALIGN (0x8)
                0x0000f000                . = ((ORIGIN (CPUSRAM) + 0xfffc) - _stack_size)
                0x0000f000                __heap_end__ = .

.stab
 *(.stab)

.stabstr
 *(.stabstr)

.stab.excl
 *(.stab.excl)

.stab.exclstr
 *(.stab.exclstr)

.stab.index
 *(.stab.index)

.stab.indexstr
 *(.stab.indexstr)

.comment        0x00000000       0x60
 *(.comment)
 .comment       0x00000000       0x30 src/asf/avr32/components/memory/sd_mmc/sd_mmc_spi/sd_mmc_spi.o