Archive member included because of file (symbol)

c:/program files/winavr/bin/../lib/gcc/avr/4.3.3/avr5\libgcc.a(_mulsi3.o)
                              pff.o (__mulsi3)
c:/program files/winavr/bin/../lib/gcc/avr/4.3.3/avr5\libgcc.a(_udivmodsi4.o)
                              pff.o (__udivmodsi4)
c:/program files/winavr/bin/../lib/gcc/avr/4.3.3/avr5\libgcc.a(_exit.o)
                              c:/program files/winavr/bin/../lib/gcc/avr/4.3.3/../../../../avr/lib/avr5/crtm324p.o (exit)
c:/program files/winavr/bin/../lib/gcc/avr/4.3.3/avr5\libgcc.a(_copy_data.o)
                              main.o (__do_copy_data)
c:/program files/winavr/bin/../lib/gcc/avr/4.3.3/avr5\libgcc.a(_clear_bss.o)
                              main.o (__do_clear_bss)
c:/program files/winavr/bin/../lib/gcc/avr/4.3.3/../../../../avr/lib/avr5\libc.a(strcat.o)
                              main.o (strcat)

Allocating common symbols
Common symbol       size              file

Line                0x80              main.o

Memory Configuration

Name             Origin             Length             Attributes
text             0x00000000         0x00020000         xr
data             0x00800060         0x0000ffa0         rw !x
eeprom           0x00810000         0x00010000         rw !x
fuse             0x00820000         0x00000400         rw !x
lock             0x00830000         0x00000400         rw !x
signature        0x00840000         0x00000400         rw !x
*default*        0x00000000         0xffffffff

Linker script and memory map

Address of section .data set to 0x800100
LOAD c:/program files/winavr/bin/../lib/gcc/avr/4.3.3/../../../../avr/lib/avr5/crtm324p.o
LOAD main.o
LOAD mmc.o
LOAD pff.o
LOAD spi.o
LOAD uart.o
LOAD xitoa.o
LOAD c:/program files/winavr/bin/../lib/gcc/avr/4.3.3/avr5\libgcc.a
LOAD c:/program files/winavr/bin/../lib/gcc/avr/4.3.3/../../../../avr/lib/avr5\libc.a
LOAD c:/program files/winavr/bin/../lib/gcc/avr/4.3.3/avr5\libgcc.a

.hash
 *(.hash)

.dynsym
 *(.dynsym)

.dynstr
 *(.dynstr)

.gnu.version
 *(.gnu.version)

.gnu.version_d
 *(.gnu.version_d)

.gnu.version_r
 *(.gnu.version_r)

.rel.init
 *(.rel.init)

.rela.init
 *(.rela.init)

.rel.text
 *(.rel.text)
 *(.rel.text.*)
 *(.rel.gnu.linkonce.t*)

.rela.text
 *(.rela.text)
 *(.rela.text.*)
 *(.rela.gnu.linkonce.t*)

.rel.fini
 *(.rel.fini)

.rela.fini
 *(.rela.fini)

.rel.rodata
 *(.rel.rodata)
 *(.rel.rodata.*)
 *(.rel.gnu.linkonce.r*)

.rela.rodata
 *(.rela.rodata)
 *(.rela.rodata.*)
 *(.rela.gnu.linkonce.r*)

.rel.data
 *(.rel.data)
 *(.rel.data.*)
 *(.rel.gnu.linkonce.d*)

.rela.data
 *(.rela.data)
 *(.rela.data.*)
 *(.rela.gnu.linkonce.d*)

.rel.ctors
 *(.rel.ctors)

.rela.ctors
 *(.rela.ctors)

.rel.dtors
 *(.rel.dtors)

.rela.dtors
 *(.rela.dtors)

.rel.got
 *(.rel.got)

.rela.got
 *(.rela.got)

.rel.bss
 *(.rel.bss)

.rela.bss
 *(.rela.bss)

.rel.plt
 *(.rel.plt)

.rela.plt
 *(.rela.plt)

.text           0x00000000     0x2510
 *(.vectors)
 .vectors       0x00000000       0x7c c:/program files/winavr/bin/../lib/gcc/avr/4.3.3/../../../../avr/lib/avr5/crtm324p.o
                0x00000000                __vectors
                0x00000000                __vector_default
 *(.vectors)
 *(.progmem.gcc*)
 *(.progmem*)
 .progmem.data  0x0000007c      0x332 main.o
                0x000003ae                . = ALIGN (0x2)
                0x000003ae                __trampolines_start = .
 *(.trampolines)
 .trampolines   0x000003ae        0x0 linker stubs
 *(.trampolines*)
                0x000003ae                __trampolines_end = .
 *(.jumptables)
 *(.jumptables*)
 *(.lowtext)
 *(.lowtext*)
                0x000003ae                __ctors_start = .
 *(.ctors)
                0x000003ae                __ctors_end = .
                0x000003ae                __dtors_start = .
 *(.dtors)
                0x000003ae                __dtors_end = .
 SORT(*)(.ctors)
 SORT(*)(.dtors)
 *(.init0)
 .init0         0x000003ae        0x0 c:/program files/winavr/bin/../lib/gcc/avr/4.3.3/../../../../avr/lib/avr5/crtm324p.o
                0x000003ae                __init
 *(.init0)
 *(.init1)
 *(.init1)
 *(.init2)
 .init2         0x000003ae        0xc c:/program files/winavr/bin/../lib/gcc/avr/4.3.3/../../../../avr/lib/avr5/crtm324p.o
 *(.init2)
 *(.init3)
 *(.init3)
 *(.init4)
 .init4         0x000003ba       0x16 c:/program files/winavr/bin/../lib/gcc/avr/4.3.3/avr5\libgcc.a(_copy_data.o)
                0x000003ba                __do_copy_data
 .init4         0x000003d0       0x10 c:/program files/winavr/bin/../lib/gcc/avr/4.3.3/avr5\libgcc.a(_clear_bss.o)
                0x000003d0                __do_clear_bss
 *(.init4)
 *(.init5)
 *(.init5)
 *(.init6)
 *(.init6)
 *(.init7)
 *(.init7)
 *(.init8)
 *(.init8)
 *(.init9)
 .init9         0x000003e0        0x8 c:/program files/winavr/bin/../lib/gcc/avr/4.3.3/../../../../avr/lib/avr5/crtm324p.o
 *(.init9)
 *(.text)
 .text          0x000003e8        0x4 c:/program files/winavr/bin/../lib/gcc/avr/4.3.3/../../../../avr/lib/avr5/crtm324p.o
                0x000003e8                __vector_22
                0x000003e8                __vector_28
                0x000003e8                __vector_1
                0x000003e8                __vector_24
                0x000003e8                __vector_12
                0x000003e8                __bad_interrupt
                0x000003e8                __vector_6
                0x000003e8                __vector_3
                0x000003e8                __vector_23
                0x000003e8                __vector_30
                0x000003e8                __vector_25
                0x000003e8                __vector_11
                0x000003e8                __vector_13
                0x000003e8                __vector_17
                0x000003e8                __vector_19
                0x000003e8                __vector_7
                0x000003e8                __vector_27
                0x000003e8                __vector_5
                0x000003e8                __vector_4
                0x000003e8                __vector_9
                0x000003e8                __vector_2
                0x000003e8                __vector_21
                0x000003e8                __vector_15
                0x000003e8                __vector_29
                0x000003e8                __vector_8
                0x000003e8                __vector_26
                0x000003e8                __vector_14
                0x000003e8                __vector_10
                0x000003e8                __vector_16
                0x000003e8                __vector_18
                0x000003e8                __vector_20
 .text          0x000003ec      0x6ce main.o
                0x00000542                main
 .text          0x00000aba      0x3ba mmc.o
                0x00000c3a                disk_readp
                0x00000cf2                disk_initialize
                0x00000b52                disk_writep
 .text          0x00000e74     0x12ea pff.o
                0x00001512                pf_readdir
                0x000012b2                pf_lseek
                0x00001a1e                pf_read
                0x00001952                pf_open
                0x000018a6                pf_opendir
                0x00001cbe                pf_write
                0x00001f16                pf_mount
 .text          0x0000215e       0x32 spi.o
                0x00002176                xmit_spi
                0x0000215e                dly_100us
                0x00002168                init_spi
                0x00002182                rcv_spi
 .text          0x00002190       0xcc uart.o
                0x00002244                getNch
                0x000021e8                puthex
                0x000021a8                gethexnib
                0x00002226                putch
                0x00002236                getch
                0x00002190                uart_init
                0x000021d2                gethex
 .text          0x0000225c      0x218 xitoa.o
                0x0000228c                xitoa
                0x000023be                xatoi
                0x00002302                xprintf
                0x0000227e                xputs
                0x0000225c                xputc
 .text          0x00002474        0x0 c:/program files/winavr/bin/../lib/gcc/avr/4.3.3/avr5\libgcc.a(_mulsi3.o)
 .text          0x00002474        0x0 c:/program files/winavr/bin/../lib/gcc/avr/4.3.3/avr5\libgcc.a(_udivmodsi4.o)
 .text          0x00002474        0x0 c:/program files/winavr/bin/../lib/gcc/avr/4.3.3/avr5\libgcc.a(_exit.o)
 .text          0x00002474        0x0 c:/program files/winavr/bin/../lib/gcc/avr/4.3.3/avr5\libgcc.a(_copy_data.o)
 .text          0x00002474        0x0 c:/program files/winavr/bin/../lib/gcc/avr/4.3.3/avr5\libgcc.a(_clear_bss.o)
 .text          0x00002474        0x0 c:/program files/winavr/bin/../lib/gcc/avr/4.3.3/../../../../avr/lib/avr5\libc.a(strcat.o)
                0x00002474                . = ALIGN (0x2)
 *(.text.*)
 .text.libgcc   0x00002474       0x3e c:/program files/winavr/bin/../lib/gcc/avr/4.3.3/avr5\libgcc.a(_mulsi3.o)
                0x00002474                __mulsi3
 .text.libgcc   0x000024b2       0x44 c:/program files/winavr/bin/../lib/gcc/avr/4.3.3/avr5\libgcc.a(_udivmodsi4.o)
                0x000024b2                __udivmodsi4
 .text.libgcc   0x000024f6        0x0 c:/program files/winavr/bin/../lib/gcc/avr/4.3.3/avr5\libgcc.a(_exit.o)
 .text.libgcc   0x000024f6        0x0 c:/program files/winavr/bin/../lib/gcc/avr/4.3.3/avr5\libgcc.a(_copy_data.o)
 .text.libgcc   0x000024f6        0x0 c:/program files/winavr/bin/../lib/gcc/avr/4.3.3/avr5\libgcc.a(_clear_bss.o)
 .text.avr-libc
                0x000024f6       0x16 c:/program files/winavr/bin/../lib/gcc/avr/4.3.3/../../../../avr/lib/avr5\libc.a(strcat.o)
                0x000024f6                strcat
                0x0000250c                . = ALIGN (0x2)
 *(.fini9)
 .fini9         0x0000250c        0x0 c:/program files/winavr/bin/../lib/gcc/avr/4.3.3/avr5\libgcc.a(_exit.o)
                0x0000250c                exit
                0x0000250c                _exit
 *(.fini9)
 *(.fini8)
 *(.fini8)
 *(.fini7)
 *(.fini7)
 *(.fini6)
 *(.fini6)
 *(.fini5)
 *(.fini5)
 *(.fini4)
 *(.fini4)
 *(.fini3)
 *(.fini3)
 *(.fini2)
 *(.fini2)
 *(.fini1)
 *(.fini1)
 *(.fini0)
 .fini0         0x0000250c        0x4 c:/program files/winavr/bin/../lib/gcc/avr/4.3.3/avr5\libgcc.a(_exit.o)
 *(.fini0)
                0x00002510                _etext = .

.data           0x00800100        0x4 load address 0x00002510
                0x00800100                PROVIDE (__data_start, .)
 *(.data)
 .data          0x00800100        0x0 c:/program files/winavr/bin/../lib/gcc/avr/4.3.3/../../../../avr/lib/avr5/crtm324p.o
 .data          0x00800100        0x3 main.o
 .data          0x00800103        0x0 mmc.o
 .data          0x00800103        0x0 pff.o
 .data          0x00800103        0x0 spi.o
 .data          0x00800103        0x0 uart.o
 .data          0x00800103        0x0 xitoa.o
 .data          0x00800103        0x0 c:/program files/winavr/bin/../lib/gcc/avr/4.3.3/avr5\libgcc.a(_mulsi3.o)
 .data          0x00800103        0x0 c:/program files/winavr/bin/../lib/gcc/avr/4.3.3/avr5\libgcc.a(_udivmodsi4.o)
 .data          0x00800103        0x0 c:/program files/winavr/bin/../lib/gcc/avr/4.3.3/avr5\libgcc.a(_exit.o)
 .data          0x00800103        0x0 c:/program files/winavr/bin/../lib/gcc/avr/4.3.3/avr5\libgcc.a(_copy_data.o)
 .data          0x00800103        0x0 c:/program files/winavr/bin/../lib/gcc/avr/4.3.3/avr5\libgcc.a(_clear_bss.o)
 .data          0x00800103        0x0 c:/program files/winavr/bin/../lib/gcc/avr/4.3.3/../../../../avr/lib/avr5\libc.a(strcat.o)
 *(.data*)
 *(.rodata)
 *(.rodata*)
 *(.gnu.linkonce.d*)
                0x00800104                . = ALIGN (0x2)
 *fill*         0x00800103        0x1 00
                0x00800104                _edata = .
                0x00800104                PROVIDE (__data_end, .)

.bss            0x00800104       0x87
                0x00800104                PROVIDE (__bss_start, .)
 *(.bss)
 .bss           0x00800104        0x0 c:/program files/winavr/bin/../lib/gcc/avr/4.3.3/../../../../avr/lib/avr5/crtm324p.o
 .bss           0x00800104        0x0 main.o
 .bss           0x00800104        0x3 mmc.o
 .bss           0x00800107        0x2 pff.o
 .bss           0x00800109        0x0 spi.o
 .bss           0x00800109        0x0 uart.o
 .bss           0x00800109        0x2 xitoa.o
                0x00800109                xfunc_out
 .bss           0x0080010b        0x0 c:/program files/winavr/bin/../lib/gcc/avr/4.3.3/avr5\libgcc.a(_mulsi3.o)
 .bss           0x0080010b        0x0 c:/program files/winavr/bin/../lib/gcc/avr/4.3.3/avr5\libgcc.a(_udivmodsi4.o)
 .bss           0x0080010b        0x0 c:/program files/winavr/bin/../lib/gcc/avr/4.3.3/avr5\libgcc.a(_exit.o)
 .bss           0x0080010b        0x0 c:/program files/winavr/bin/../lib/gcc/avr/4.3.3/avr5\libgcc.a(_copy_data.o)
 .bss           0x0080010b        0x0 c:/program files/winavr/bin/../lib/gcc/avr/4.3.3/avr5\libgcc.a(_clear_bss.o)
 .bss           0x0080010b        0x0 c:/program files/winavr/bin/../lib/gcc/avr/4.3.3/../../../../avr/lib/avr5\libc.a(strcat.o)
 *(.bss*)
 *(COMMON)
 COMMON         0x0080010b       0x80 main.o
                0x0080010b                Line
                0x0080018b                PROVIDE (__bss_end, .)
                0x00002510                __data_load_start = LOADADDR (.data)
                0x00002514                __data_load_end = (__data_load_start + SIZEOF (.data))

.noinit         0x0080018b        0x0
                0x0080018b                PROVIDE (__noinit_start, .)
 *(.noinit*)
                0x0080018b                PROVIDE (__noinit_end, .)
                0x0080018b                _end = .
                0x0080018b                PROVIDE (__heap_start, .)

.eeprom         0x00810000        0x0
 *(.eeprom*)
                0x00810000                __eeprom_end = .

.fuse
 *(.fuse)
 *(.lfuse)
 *(.hfuse)
 *(.efuse)

.lock
 *(.lock*)

.signature
 *(.signature*)

.stab
 *(.stab)

.stabstr
 *(.stabstr)

.stab.excl
 *(.stab.excl)

.stab.exclstr
 *(.stab.exclstr)

.stab.index
 *(.stab.index)

.stab.indexstr
 *(.stab.indexstr)

.comment
 *(.comment)

.debug
 *(.debug)

.line
 *(.line)

.debug_srcinfo
 *(.debug_srcinfo)

.debug_sfnames
 *(.debug_sfnames)

.debug_aranges  0x00000000       0xc0
 *(.debug_aranges)
 .debug_aranges
                0x00000000       0x20 main.o
 .debug_aranges
                0x00000020       0x20 mmc.o
 .debug_aranges
                0x00000040       0x20 pff.o
 .debug_aranges
                0x00000060       0x20 spi.o
 .debug_aranges
                0x00000080       0x20 uart.o
 .debug_aranges
                0x000000a0       0x20 xitoa.o

.debug_pubnames
                0x00000000      0x181
 *(.debug_pubnames)
 .debug_pubnames
                0x00000000       0x24 main.o
 .debug_pubnames
                0x00000024       0x45 mmc.o
 .debug_pubnames
                0x00000069       0x6f pff.o
 .debug_pubnames
                0x000000d8       0x46 spi.o
 .debug_pubnames
                0x0000011e       0x63 uart.o

.debug_info     0x00000000     0x1be4
 *(.debug_info)
 .debug_info    0x00000000      0x700 main.o
 .debug_info    0x00000700      0x2b0 mmc.o
 .debug_info    0x000009b0      0xd7a pff.o
 .debug_info    0x0000172a      0x22c spi.o
 .debug_info    0x00001956      0x21f uart.o
 .debug_info    0x00001b75       0x6f xitoa.o
 *(.gnu.linkonce.wi.*)

.debug_abbrev   0x00000000      0x766
 *(.debug_abbrev)
 .debug_abbrev  0x00000000      0x1c4 main.o
 .debug_abbrev  0x000001c4       0xf3 mmc.o
 .debug_abbrev  0x000002b7      0x1fe pff.o
 .debug_abbrev  0x000004b5      0x11f spi.o
 .debug_abbrev  0x000005d4      0x17e uart.o
 .debug_abbrev  0x00000752       0x14 xitoa.o

.debug_line     0x00000000     0x1625
 *(.debug_line)
 .debug_line    0x00000000      0x47b main.o
 .debug_line    0x0000047b      0x2d5 mmc.o
 .debug_line    0x00000750      0xa07 pff.o
 .debug_line    0x00001157      0x189 spi.o
 .debug_line    0x000012e0      0x1fd uart.o
 .debug_line    0x000014dd      0x148 xitoa.o

.debug_frame    0x00000000      0x240
 *(.debug_frame)
 .debug_frame   0x00000000       0x50 main.o
 .debug_frame   0x00000050       0x50 mmc.o
 .debug_frame   0x000000a0       0xd0 pff.o
 .debug_frame   0x00000170       0x50 spi.o
 .debug_frame   0x000001c0       0x80 uart.o

.debug_str      0x00000000      0x472
 *(.debug_str)
 .debug_str     0x00000000      0x217 main.o
                                0x26f (size before relaxing)
 .debug_str     0x00000217       0x7e mmc.o
                                0x166 (size before relaxing)
 .debug_str     0x00000295      0x111 pff.o
                                0x316 (size before relaxing)
 .debug_str     0x000003a6       0x84 spi.o
                                0x16d (size before relaxing)
 .debug_str     0x0000042a       0x48 uart.o
                                0x10c (size before relaxing)

.debug_loc      0x00000000     0x1e42
 *(.debug_loc)
 .debug_loc     0x00000000      0x5a0 main.o
 .debug_loc     0x000005a0      0x48d mmc.o
 .debug_loc     0x00000a2d     0x135e pff.o
 .debug_loc     0x00001d8b       0x13 spi.o
 .debug_loc     0x00001d9e       0xa4 uart.o

.debug_macinfo
 *(.debug_macinfo)
OUTPUT(SDTest.elf elf32-avr)
LOAD linker stubs

.debug_ranges   0x00000000       0xe0
 .debug_ranges  0x00000000       0xe0 pff.o
