Archive member included because of file (symbol)

c:/program files (x86)/atmel/atmel studio 6.0/extensions/atmel/avrgcc/3.4.1.95/avrtoolchain/bin/../lib/gcc/avr32/4.4.3/../../../../avr32/lib/ucr3fp\libc.a(lib_a-ctype_.o)
                              src/asf/avr32/services/fs/fat/navigation.o (__ctype_ptr)
c:/program files (x86)/atmel/atmel studio 6.0/extensions/atmel/avrgcc/3.4.1.95/avrtoolchain/bin/../lib/gcc/avr32/4.4.3/../../../../avr32/lib/ucr3fp\libc.a(lib_a-memcmp.o)
                              src/asf/avr32/services/fs/fat/fat_unusual.o (memcmp)
c:/program files (x86)/atmel/atmel studio 6.0/extensions/atmel/avrgcc/3.4.1.95/avrtoolchain/bin/../lib/gcc/avr32/4.4.3/../../../../avr32/lib/ucr3fp\libc.a(lib_a-memcpy.o)
                              src/asf/avr32/drivers/flashc/flashc.o (memcpy)
c:/program files (x86)/atmel/atmel studio 6.0/extensions/atmel/avrgcc/3.4.1.95/avrtoolchain/bin/../lib/gcc/avr32/4.4.3/../../../../avr32/lib/ucr3fp\libc.a(lib_a-memset.o)
                              src/asf/avr32/services/fs/fat/fat.o (memset)
c:/program files (x86)/atmel/atmel studio 6.0/extensions/atmel/avrgcc/3.4.1.95/avrtoolchain/bin/../lib/gcc/avr32/4.4.3/../../../../avr32/lib/ucr3fp\libc.a(lib_a-sprintf.o)
                              src/CustomDevices/OV7670.o (sprintf)
c:/program files (x86)/atmel/atmel studio 6.0/extensions/atmel/avrgcc/3.4.1.95/avrtoolchain/bin/../lib/gcc/avr32/4.4.3/../../../../avr32/lib/ucr3fp\libc.a(lib_a-vfprintf.o)
                              c:/program files (x86)/atmel/atmel studio 6.0/extensions/atmel/avrgcc/3.4.1.95/avrtoolchain/bin/../lib/gcc/avr32/4.4.3/../../../../avr32/lib/ucr3fp\libc.a(lib_a-sprintf.o) (_vfprintf_r)
c:/program files (x86)/atmel/atmel studio 6.0/extensions/atmel/avrgcc/3.4.1.95/avrtoolchain/bin/../lib/gcc/avr32/4.4.3/../../../../avr32/lib/ucr3fp\libc.a(lib_a-wsetup.o)
                              c:/program files (x86)/atmel/atmel studio 6.0/extensions/atmel/avrgcc/3.4.1.95/avrtoolchain/bin/../lib/gcc/avr32/4.4.3/../../../../avr32/lib/ucr3fp\libc.a(lib_a-vfprintf.o) (__swsetup_r)
c:/program files (x86)/atmel/atmel studio 6.0/extensions/atmel/avrgcc/3.4.1.95/avrtoolchain/bin/../lib/gcc/avr32/4.4.3/../../../../avr32/lib/ucr3fp\libc.a(lib_a-dtoa.o)
                              c:/program files (x86)/atmel/atmel studio 6.0/extensions/atmel/avrgcc/3.4.1.95/avrtoolchain/bin/../lib/gcc/avr32/4.4.3/../../../../avr32/lib/ucr3fp\libc.a(lib_a-vfprintf.o) (_dtoa_r)
c:/program files (x86)/atmel/atmel studio 6.0/extensions/atmel/avrgcc/3.4.1.95/avrtoolchain/bin/../lib/gcc/avr32/4.4.3/../../../../avr32/lib/ucr3fp\libc.a(lib_a-fflush.o)
                              c:/program files (x86)/atmel/atmel studio 6.0/extensions/atmel/avrgcc/3.4.1.95/avrtoolchain/bin/../lib/gcc/avr32/4.4.3/../../../../avr32/lib/ucr3fp\libc.a(lib_a-vfprintf.o) (_fflush_r)
c:/program files (x86)/atmel/atmel studio 6.0/extensions/atmel/avrgcc/3.4.1.95/avrtoolchain/bin/../lib/gcc/avr32/4.4.3/../../../../avr32/lib/ucr3fp\libc.a(lib_a-findfp.o)
                              c:/program files (x86)/atmel/atmel studio 6.0/extensions/atmel/avrgcc/3.4.1.95/avrtoolchain/bin/../lib/gcc/avr32/4.4.3/../../../../avr32/lib/ucr3fp\libc.a(lib_a-vfprintf.o) (__sinit)
c:/program files (x86)/atmel/atmel studio 6.0/extensions/atmel/avrgcc/3.4.1.95/avrtoolchain/bin/../lib/gcc/avr32/4.4.3/../../../../avr32/lib/ucr3fp\libc.a(lib_a-freer.o)
                              c:/program files (x86)/atmel/atmel studio 6.0/extensions/atmel/avrgcc/3.4.1.95/avrtoolchain/bin/../lib/gcc/avr32/4.4.3/../../../../avr32/lib/ucr3fp\libc.a(lib_a-wsetup.o) (_free_r)
c:/program files (x86)/atmel/atmel studio 6.0/extensions/atmel/avrgcc/3.4.1.95/avrtoolchain/bin/../lib/gcc/avr32/4.4.3/../../../../avr32/lib/ucr3fp\libc.a(lib_a-fvwrite.o)
                              c:/program files (x86)/atmel/atmel studio 6.0/extensions/atmel/avrgcc/3.4.1.95/avrtoolchain/bin/../lib/gcc/avr32/4.4.3/../../../../avr32/lib/ucr3fp\libc.a(lib_a-vfprintf.o) (__sfvwrite_r)
c:/program files (x86)/atmel/atmel studio 6.0/extensions/atmel/avrgcc/3.4.1.95/avrtoolchain/bin/../lib/gcc/avr32/4.4.3/../../../../avr32/lib/ucr3fp\libc.a(lib_a-fwalk.o)
                              c:/program files (x86)/atmel/atmel studio 6.0/extensions/atmel/avrgcc/3.4.1.95/avrtoolchain/bin/../lib/gcc/avr32/4.4.3/../../../../avr32/lib/ucr3fp\libc.a(lib_a-fflush.o) (_fwalk_reent)
c:/program files (x86)/atmel/atmel studio 6.0/extensions/atmel/avrgcc/3.4.1.95/avrtoolchain/bin/../lib/gcc/avr32/4.4.3/../../../../avr32/lib/ucr3fp\libc.a(lib_a-impure.o)
                              c:/program files (x86)/atmel/atmel studio 6.0/extensions/atmel/avrgcc/3.4.1.95/avrtoolchain/bin/../lib/gcc/avr32/4.4.3/../../../../avr32/lib/ucr3fp\libc.a(lib_a-sprintf.o) (_impure_ptr)
c:/program files (x86)/atmel/atmel studio 6.0/extensions/atmel/avrgcc/3.4.1.95/avrtoolchain/bin/../lib/gcc/avr32/4.4.3/../../../../avr32/lib/ucr3fp\libc.a(lib_a-locale.o)
[...]
Memory Configuration

Name             Origin             Length             Attributes
FLASH            0x80000000         0x00080000         axrl !w
CPUSRAM          0x00000004         0x0000fffc         axw !rl
USERPAGE         0x80800000         0x00000200
FACTORYPAGE      0x80800200         0x00000200
FLASHVAULT_FLASH_SIZE 0x80800400         0x00000008         r
FLASHVAULT_RAM_SIZE 0x80800408         0x00000008         r
*default*        0x00000000         0xffffffff

Linker script and memory map

                0x00001000                _stack_size = 0x1000
LOAD src/asf/avr32/components/memory/sd_mmc/sd_mmc_spi/sd_mmc_spi.o
LOAD src/asf/avr32/components/memory/sd_mmc/sd_mmc_spi/sd_mmc_spi_mem.o
LOAD src/asf/avr32/drivers/acifa/acifa.o
LOAD src/asf/avr32/drivers/ebi/sdramc/sdramc.o
LOAD src/asf/avr32/drivers/eic/eic.o
LOAD src/asf/avr32/drivers/flashc/flashc.o
LOAD src/asf/avr32/drivers/gpio/gpio.o
LOAD src/asf/avr32/drivers/intc/exception.o
LOAD src/asf/avr32/drivers/intc/intc.o
LOAD src/asf/avr32/drivers/pdca/pdca.o
LOAD src/asf/avr32/drivers/pm/pm_uc3c.o
LOAD src/asf/avr32/drivers/pm/power_clocks_lib.o
LOAD src/asf/avr32/drivers/pwm/pwm4.o
LOAD src/asf/avr32/drivers/scif/scif_uc3c.o
LOAD src/asf/avr32/drivers/spi/spi.o
LOAD src/asf/avr32/drivers/twim/twim.o
LOAD src/asf/avr32/drivers/usart/usart.o
LOAD src/asf/avr32/services/fs/fat/fat.o
LOAD src/asf/avr32/services/fs/fat/fat_unusual.o
LOAD src/asf/avr32/services/fs/fat/file.o
LOAD src/asf/avr32/services/fs/fat/navigation.o
LOAD src/asf/avr32/utils/debug/print_funcs.o
LOAD src/asf/avr32/utils/startup/startup_uc3.o
LOAD src/asf/avr32/utils/startup/trampoline_uc3.o
LOAD src/asf/common/boards/user_board/init.o
LOAD src/asf/common/services/clock/uc3c/osc.o
LOAD src/asf/common/services/clock/uc3c/pll.o
LOAD src/asf/common/services/clock/uc3c/sysclk.o
LOAD src/asf/common/services/storage/ctrl_access/ctrl_access.o
LOAD src/CustomDevices/Bitmap.o
LOAD src/CustomDevices/MotorDriver.o
LOAD src/CustomDevices/OV7670.o
LOAD src/CustomDevices/OV7670_Setup.o
LOAD src/CustomDevices/PCA9542A.o
LOAD src/CustomDevices/SD_Card.o
LOAD src/main.o
START GROUP
END GROUP
LOAD c:/program files (x86)/atmel/atmel studio 6.0/extensions/atmel/avrgcc/3.4.1.95/avrtoolchain/bin/../lib/gcc/avr32/4.4.3/ucr3fp\libgcc.a
LOAD c:/program files (x86)/atmel/atmel studio 6.0/extensions/atmel/avrgcc/3.4.1.95/avrtoolchain/bin/../lib/gcc/avr32/4.4.3/../../../../avr32/lib/ucr3fp\libc.a
LOAD c:/program files (x86)/atmel/atmel studio 6.0/extensions/atmel/avrgcc/3.4.1.95/avrtoolchain/bin/../lib/gcc/avr32/4.4.3/ucr3fp\libgcc.a
                0x80000000                PROVIDE (__executable_start, 0x80000000)
                0x80000000                . = 0x80000000

.interp
 *(.interp)

.reset          0x80000000     0x2004
 *(.reset)
 .reset         0x80000000     0x2004 src/asf/avr32/utils/startup/trampoline_uc3.o
                               0x2008 (size before relaxing)
                0x80000000                _trampoline

.hash
 *(.hash)

.dynsym
 *(.dynsym)

.dynstr
 *(.dynstr)

.gnu.version
 *(.gnu.version)

.gnu.version_d
 *(.gnu.version_d)

.gnu.version_r
 *(.gnu.version_r)

.rel.init
 *(.rel.init)

.rela.init
 *(.rela.init)

.rel.text
 *(.rel.text .rel.text.* .rel.gnu.linkonce.t.*)

.rela.text
 *(.rela.text .rela.text.* .rela.gnu.linkonce.t.*)

.rel.fini
 *(.rel.fini)

.rela.fini
 *(.rela.fini)

.rel.rodata
 *(.rel.rodata .rel.rodata.* .rel.gnu.linkonce.r.*)

.rela.rodata
 *(.rela.rodata .rela.rodata.* .rela.gnu.linkonce.r.*)

.rel.data.rel.ro
 *(.rel.data.rel.ro*)

.rela.data.rel.ro
 *(.rel.data.rel.ro*)

.rel.data
 *(.rel.data .rel.data.* .rel.gnu.linkonce.d.*)

.rela.data
 *(.rela.data .rela.data.* .rela.gnu.linkonce.d.*)

.rel.tdata
 *(.rel.tdata .rel.tdata.* .rel.gnu.linkonce.td.*)

.rela.tdata
 *(.rela.tdata .rela.tdata.* .rela.gnu.linkonce.td.*)

.rel.tbss
 *(.rel.tbss .rel.tbss.* .rel.gnu.linkonce.tb.*)

.rela.tbss
 *(.rela.tbss .rela.tbss.* .rela.gnu.linkonce.tb.*)

.rel.ctors
 *(.rel.ctors)

.rela.ctors
 *(.rela.ctors)

.rel.dtors
 *(.rel.dtors)

.rela.dtors
 *(.rela.dtors)

.rel.got
 *(.rel.got)

.rela.got       0x80002004        0x0
 *(.rela.got)
 .rela.got      0x80002004        0x0 src/asf/avr32/drivers/flashc/flashc.o

.rel.bss
 *(.rel.bss .rel.bss.* .rel.gnu.linkonce.b.*)

.rela.bss
 *(.rela.bss .rela.bss.* .rela.gnu.linkonce.b.*)

.rel.plt
 *(.rel.plt)

.rela.plt
 *(.rela.plt)

.init
 *(.init)

.plt
 *(.plt)

.text           0x80002004      0xb54
 *(.text .stub .text.* .gnu.linkonce.t.*)
 .text.sdramc_ck_delay
                0x80002004       0x22 src/asf/avr32/drivers/ebi/sdramc/sdramc.o
 *fill*         0x80002026        0x2 d703d703
 .text.sdramc_init
                0x80002028      0x14c src/asf/avr32/drivers/ebi/sdramc/sdramc.o
                0x80002028                sdramc_init
 .text.flashc_set_wait_state
                0x80002174        0xe src/asf/avr32/drivers/flashc/flashc.o
                0x80002174                flashc_set_wait_state
 .text.flashc_is_ready
                0x80002182        0xc src/asf/avr32/drivers/flashc/flashc.o
                0x80002182                flashc_is_ready
 *fill*         0x8000218e        0x2 d703d703
 .text.flashc_default_wait_until_ready
                0x80002190       0x10 src/asf/avr32/drivers/flashc/flashc.o
                0x80002190                flashc_default_wait_until_ready
 .text.flashc_issue_command
                0x800021a0       0x48 src/asf/avr32/drivers/flashc/flashc.o
                0x800021a0                flashc_issue_command
 .text.flashc_set_flash_waitstate_and_readmode
                0x800021e8       0x5c src/asf/avr32/drivers/flashc/flashc.o
                0x800021e8                flashc_set_flash_waitstate_and_readmode
 .text.gpio_enable_module_pin
                0x80002244       0x94 src/asf/avr32/drivers/gpio/gpio.o
                0x80002244                gpio_enable_module_pin
 .text.gpio_enable_module
                0x800022d8       0x30 src/asf/avr32/drivers/gpio/gpio.o
                0x800022d8                gpio_enable_module
 .text.gpio_set_gpio_pin
                0x80002308       0x1c src/asf/avr32/drivers/gpio/gpio.o
                0x80002308                gpio_set_gpio_pin
 .text.gpio_clr_gpio_pin
                0x80002324       0x1c src/asf/avr32/drivers/gpio/gpio.o
                0x80002324                gpio_clr_gpio_pin
 .text._get_interrupt_handler
                0x80002340       0x38 src/asf/avr32/drivers/intc/intc.o
                0x80002340                _get_interrupt_handler
 .text.pm_set_mclk_source
                0x80002378       0x20 src/asf/avr32/drivers/pm/pm_uc3c.o
                0x80002378                pm_set_mclk_source
 .text.pcl_switch_to_osc
                0x80002398       0x44 src/asf/avr32/drivers/pm/power_clocks_lib.o
                0x80002398                pcl_switch_to_osc
 .text.scif_pclksr_statushigh_wait
                0x800023dc       0x1a src/asf/avr32/drivers/scif/scif_uc3c.o
 *fill*         0x800023f6        0x2 d703d703
 .text.scif_enable_osc
                0x800023f8       0x74 src/asf/avr32/drivers/scif/scif_uc3c.o
                0x800023f8                scif_enable_osc
 .text.scif_configure_osc_crystalmode
                0x8000246c       0xd0 src/asf/avr32/drivers/scif/scif_uc3c.o
                0x8000246c                scif_configure_osc_crystalmode
 .text.usart_set_async_baudrate
                0x8000253c       0x5a src/asf/avr32/drivers/usart/usart.o
 .text.usart_write_char
                0x80002596       0x14 src/asf/avr32/drivers/usart/usart.o
                0x80002596                usart_write_char
 *fill*         0x800025aa        0x2 d703d703
 .text.usart_putchar
                0x800025ac       0x2c src/asf/avr32/drivers/usart/usart.o
                0x800025ac                usart_putchar
 .text.usart_write_line
                0x800025d8       0x24 src/asf/avr32/drivers/usart/usart.o
                0x800025d8                usart_write_line
 .text.usart_reset
                0x800025fc       0x2c src/asf/avr32/drivers/usart/usart.o
                0x800025fc                usart_reset
 .text.usart_init_rs232
                0x80002628       0xcc src/asf/avr32/drivers/usart/usart.o
                0x80002628                usart_init_rs232
 .text.print_char
                0x800026f4        0xc src/asf/avr32/utils/debug/print_funcs.o
                0x800026f4                print_char
 .text.print_dbg_char
                0x80002700       0x14 src/asf/avr32/utils/debug/print_funcs.o
                0x80002700                print_dbg_char
 .text.print    0x80002714        0xc src/asf/avr32/utils/debug/print_funcs.o
                0x80002714                print
 .text.print_ulong
                0x80002720       0x48 src/asf/avr32/utils/debug/print_funcs.o
                0x80002720                print_ulong
 .text.print_dbg_ulong
                0x80002768       0x14 src/asf/avr32/utils/debug/print_funcs.o
                0x80002768                print_dbg_ulong
 .text.print_dbg
                0x8000277c       0x14 src/asf/avr32/utils/debug/print_funcs.o
                0x8000277c                print_dbg
 .text.init_dbg_rs232_ex
                0x80002790       0x40 src/asf/avr32/utils/debug/print_funcs.o
                0x80002790                init_dbg_rs232_ex
 .text.init_dbg_rs232
                0x800027d0       0x14 src/asf/avr32/utils/debug/print_funcs.o
                0x800027d0                init_dbg_rs232
 .text._stext   0x800027e4       0x4c src/asf/avr32/utils/startup/startup_uc3.o
                                 0x50 (size before relaxing)
                0x800027e4                _stext
 .text.board_init
                0x80002830        0x2 src/asf/common/boards/user_board/init.o
                0x80002830                board_init
 *fill*         0x80002832        0x2 d703d703
 .text.LED_Flash
                0x80002834       0x80 src/main.o
                0x80002834                LED_Flash
 .text.main     0x800028b4      0x2a4 src/main.o
                0x800028b4                main
 *(.text.*personality*)
 *(.gnu.warning)

.exception      0x80002c00      0x200
 .exception     0x80002c00      0x200 src/asf/avr32/drivers/intc/exception.o
                0x80002c00                _evba
                0x80002d04                _int0
                0x80002d12                _int1
                0x80002d20                _int2
                0x80002d2e                _int3

.fini
 *(.fini)
                0x80002e00                PROVIDE (__etext, .)
                0x80002e00                PROVIDE (_etext, .)
                0x80002e00                PROVIDE (etext, .)

.rodata         0x80002e00      0x450
 *(.rodata .rodata.* .gnu.linkonce.r.*)
 .rodata.SDRAMC_EBI_GPIO_MAP.14470
                0x80002e00      0x128 src/asf/avr32/drivers/ebi/sdramc/sdramc.o
 .rodata.gpio_enable_module_pin
                0x80002f28       0x20 src/asf/avr32/drivers/gpio/gpio.o
 .rodata._int_handler_table
                0x80002f48      0x178 src/asf/avr32/drivers/intc/intc.o
 .rodata.DBG_USART_GPIO_MAP.14756
                0x800030c0       0x10 src/asf/avr32/utils/debug/print_funcs.o
 .rodata.str1.4
                0x800030d0      0x180 src/main.o

.rodata1
 *(.rodata1)

.eh_frame_hdr
 *(.eh_frame_hdr)

.eh_frame
 *(.eh_frame)

.gcc_except_table
 *(.gcc_except_table)
 *(.gcc_except_table.*)

.dalign         0x80003250        0x0
                0x80003250                . = ALIGN (0x8)
                0x80003250                PROVIDE (_data_lma, .)
                0x00000004                PROVIDE (_data, ORIGIN (CPUSRAM))
                0x00000004                . = ORIGIN (CPUSRAM)

.eh_frame
 *(.eh_frame)

.gcc_except_table
 *(.gcc_except_table)
 *(.gcc_except_table.*)

.tdata
 *(.tdata .tdata.* .gnu.linkonce.td.*)

.tbss
 *(.tbss .tbss.* .gnu.linkonce.tb.*)
 *(.tcommon)
                0x00000004                PROVIDE (__preinit_array_start, ALIGN (0x4))

.preinit_array
 *(.preinit_array)
                0x00000004                PROVIDE (__preinit_array_end, .)
                0x00000004                PROVIDE (__init_array_start, .)

.init_array
 *(.init_array)
                0x00000004                PROVIDE (__init_array_end, .)
                0x00000004                PROVIDE (__fini_array_start, .)

.fini_array
 *(.fini_array)
                0x00000004                PROVIDE (__fini_array_end, .)

.ctors
 *crtbegin*.o(.ctors)
 *(EXCLUDE_FILE(*crtend*.o) .ctors)
 *(SORT(.ctors.*))
 *(.ctors)

.dtors
 *crtbegin*.o(.dtors)
 *(EXCLUDE_FILE(*crtend*.o) .dtors)
 *(SORT(.dtors.*))
 *(.dtors)

.jcr
 *(.jcr)

.data.rel.ro
 *(.data.rel.ro.local)
 *(.data.rel.ro*)

.dynamic
 *(.dynamic)

.got
 *(.got.plt)
 *(.got)

.data           0x00000004        0x4 load address 0x80003250
 *(.data .data.* .gnu.linkonce.d.*)
 .data.flashc_wait_until_ready
                0x00000004        0x4 src/asf/avr32/drivers/flashc/flashc.o
                0x00000004                flashc_wait_until_ready
 *(.gnu.linkonce.d.*personality*)

.data1
 *(.data1)

.balign         0x00000008        0x0 load address 0x80003254
                0x00000008                . = ALIGN (0x8)
                0x00000008                _edata = .
                0x00000008                _edata = .
                0x00000008                PROVIDE (edata, .)
                0x00000008                __bss_start = .

.bss            0x00000008      0x1d0 load address 0x80003254
 *(.dynbss)
 *(.bss .bss.* .gnu.linkonce.b.*)
 .bss.flashc_error_status
                0x00000008        0x4 src/asf/avr32/drivers/flashc/flashc.o
 .bss._int_line_handler_table_0
                0x0000000c        0x4 src/asf/avr32/drivers/intc/intc.o
 .bss._int_line_handler_table_1
                0x00000010        0x8 src/asf/avr32/drivers/intc/intc.o
 .bss._int_line_handler_table_2
                0x00000018        0x4 src/asf/avr32/drivers/intc/intc.o
 .bss._int_line_handler_table_3
                0x0000001c       0x10 src/asf/avr32/drivers/intc/intc.o
 .bss._int_line_handler_table_4
                0x0000002c       0x10 src/asf/avr32/drivers/intc/intc.o
 .bss._int_line_handler_table_5
                0x0000003c       0x10 src/asf/avr32/drivers/intc/intc.o
 .bss._int_line_handler_table_6
                0x0000004c       0x10 src/asf/avr32/drivers/intc/intc.o
 .bss._int_line_handler_table_7
                0x0000005c        0x4 src/asf/avr32/drivers/intc/intc.o
 .bss._int_line_handler_table_8
                0x00000060        0x4 src/asf/avr32/drivers/intc/intc.o
 .bss._int_line_handler_table_9
                0x00000064       0x28 src/asf/avr32/drivers/intc/intc.o
 .bss._int_line_handler_table_10
                0x0000008c        0x4 src/asf/avr32/drivers/intc/intc.o
 .bss._int_line_handler_table_11
                0x00000090        0x4 src/asf/avr32/drivers/intc/intc.o
 .bss._int_line_handler_table_12
                0x00000094        0x4 src/asf/avr32/drivers/intc/intc.o
 .bss._int_line_handler_table_13
                0x00000098        0x4 src/asf/avr32/drivers/intc/intc.o
 .bss._int_line_handler_table_14
                0x0000009c       0x14 src/asf/avr32/drivers/intc/intc.o
 .bss._int_line_handler_table_15
                0x000000b0       0x10 src/asf/avr32/drivers/intc/intc.o
 .bss._int_line_handler_table_16
                0x000000c0       0x10 src/asf/avr32/drivers/intc/intc.o
 .bss._int_line_handler_table_17
                0x000000d0        0x4 src/asf/avr32/drivers/intc/intc.o
 .bss._int_line_handler_table_18
                0x000000d4       0x40 src/asf/avr32/drivers/intc/intc.o
 .bss._int_line_handler_table_19
                0x00000114        0x4 src/asf/avr32/drivers/intc/intc.o
 .bss._int_line_handler_table_33
                0x00000118        0xc src/asf/avr32/drivers/intc/intc.o
 .bss._int_line_handler_table_34
                0x00000124        0xc src/asf/avr32/drivers/intc/intc.o
 .bss._int_line_handler_table_35
                0x00000130        0x8 src/asf/avr32/drivers/intc/intc.o
 .bss._int_line_handler_table_36
                0x00000138       0x18 src/asf/avr32/drivers/intc/intc.o
 .bss._int_line_handler_table_37
                0x00000150        0x4 src/asf/avr32/drivers/intc/intc.o
 .bss._int_line_handler_table_38
                0x00000154        0x4 src/asf/avr32/drivers/intc/intc.o
 .bss._int_line_handler_table_39
                0x00000158       0x18 src/asf/avr32/drivers/intc/intc.o
 .bss._int_line_handler_table_40
                0x00000170       0x18 src/asf/avr32/drivers/intc/intc.o
 .bss._int_line_handler_table_29
                0x00000188        0x4 src/asf/avr32/drivers/intc/intc.o
 .bss._int_line_handler_table_30
                0x0000018c        0x4 src/asf/avr32/drivers/intc/intc.o
 .bss._int_line_handler_table_31
                0x00000190        0x4 src/asf/avr32/drivers/intc/intc.o
 .bss._int_line_handler_table_41
                0x00000194        0x4 src/asf/avr32/drivers/intc/intc.o
 .bss._int_line_handler_table_32
                0x00000198        0x4 src/asf/avr32/drivers/intc/intc.o
 .bss._int_line_handler_table_45
                0x0000019c        0x4 src/asf/avr32/drivers/intc/intc.o
 .bss._int_line_handler_table_20
                0x000001a0        0x4 src/asf/avr32/drivers/intc/intc.o
 .bss._int_line_handler_table_21
                0x000001a4        0x4 src/asf/avr32/drivers/intc/intc.o
 .bss._int_line_handler_table_22
                0x000001a8        0x4 src/asf/avr32/drivers/intc/intc.o
 .bss._int_line_handler_table_23
                0x000001ac        0x4 src/asf/avr32/drivers/intc/intc.o
 .bss._int_line_handler_table_24
                0x000001b0        0x4 src/asf/avr32/drivers/intc/intc.o
 .bss._int_line_handler_table_25
                0x000001b4        0x4 src/asf/avr32/drivers/intc/intc.o
 .bss._int_line_handler_table_26
                0x000001b8        0x4 src/asf/avr32/drivers/intc/intc.o
 .bss._int_line_handler_table_27
                0x000001bc        0x4 src/asf/avr32/drivers/intc/intc.o
 .bss._int_line_handler_table_28
                0x000001c0        0x4 src/asf/avr32/drivers/intc/intc.o
 .bss._int_line_handler_table_42
                0x000001c4        0x4 src/asf/avr32/drivers/intc/intc.o
 .bss._int_line_handler_table_43
                0x000001c8        0x4 src/asf/avr32/drivers/intc/intc.o
 .bss._int_line_handler_table_44
                0x000001cc        0x4 src/asf/avr32/drivers/intc/intc.o
 .bss._int_line_handler_table_46
                0x000001d0        0x4 src/asf/avr32/drivers/intc/intc.o
 *(COMMON)
                0x000001d8                . = ALIGN (0x8)
 *fill*         0x000001d4        0x4 00
                0x000001d8                . = ALIGN (0x8)
                0x000001d8                _end = .
                0x000001d8                PROVIDE (end, .)
                0x000001d8                __heap_start__ = ALIGN (0x8)
                0x0000f000                . = ((ORIGIN (CPUSRAM) + 0xfffc) - _stack_size)
                0x0000f000                __heap_end__ = .

.stab
 *(.stab)

.stabstr
 *(.stabstr)

.stab.excl
 *(.stab.excl)

.stab.exclstr
 *(.stab.exclstr)

.stab.index
 *(.stab.index)

.stab.indexstr
 *(.stab.indexstr)

.comment        0x00000000       0x30
 *(.comment)
 .comment       0x00000000       0x30 src/asf/avr32/drivers/ebi/sdramc/sdramc.o
                                 0x31 (size before relaxing)
 .comment       0x00000000       0x31 src/asf/avr32/drivers/flashc/flashc.o
 .comment       0x00000000       0x31 src/asf/avr32/drivers/gpio/gpio.o
 .comment       0x00000000       0x31 src/asf/avr32/drivers/intc/intc.o
 .comment       0x00000000       0x31 src/asf/avr32/drivers/pm/pm_uc3c.o
 .comment       0x00000000       0x31 src/asf/avr32/drivers/pm/power_clocks_lib.o
 .comment       0x00000000       0x31 src/asf/avr32/drivers/scif/scif_uc3c.o
 .comment       0x00000000       0x31 src/asf/avr32/drivers/usart/usart.o
 .comment       0x00000000       0x31 src/asf/avr32/utils/debug/print_funcs.o
 .comment       0x00000000       0x31 src/asf/common/boards/user_board/init.o
 .comment       0x00000000       0x31 src/main.o

.debug
 *(.debug)

.line
 *(.line)

.debug_srcinfo
 *(.debug_srcinfo)

.debug_sfnames
 *(.debug_sfnames)

.debug_aranges  0x00000000      0x768
 *(.debug_aranges)
 .debug_aranges
                0x00000000       0x38 src/asf/avr32/drivers/ebi/sdramc/sdramc.o
 .debug_aranges
                0x00000038      0x220 src/asf/avr32/drivers/flashc/flashc.o
 .debug_aranges
                0x00000258      0x120 src/asf/avr32/drivers/gpio/gpio.o
 .debug_aranges
                0x00000378       0x38 src/asf/avr32/drivers/intc/intc.o
 .debug_aranges
                0x000003b0       0x50 src/asf/avr32/drivers/pm/pm_uc3c.o
 .debug_aranges
                0x00000400       0x40 src/asf/avr32/drivers/pm/power_clocks_lib.o
 .debug_aranges
                0x00000440      0x168 src/asf/avr32/drivers/scif/scif_uc3c.o
 .debug_aranges
                0x000005a8       0xe0 src/asf/avr32/drivers/usart/usart.o
 .debug_aranges
                0x00000688       0x88 src/asf/avr32/utils/debug/print_funcs.o
 .debug_aranges
                0x00000710       0x20 src/asf/common/boards/user_board/init.o
 .debug_aranges
                0x00000730       0x38 src/main.o

.debug_pubnames
                0x00000000     0x154e
 *(.debug_pubnames)
 .debug_pubnames
                0x00000000       0x5b src/asf/avr32/drivers/ebi/sdramc/sdramc.o
 .debug_pubnames
                0x0000005b      0x79d src/asf/avr32/drivers/flashc/flashc.o
 .debug_pubnames
                0x000007f8      0x3aa src/asf/avr32/drivers/gpio/gpio.o
 .debug_pubnames
                0x00000ba2       0x62 src/asf/avr32/drivers/intc/intc.o
 .debug_pubnames
                0x00000c04       0xc3 src/asf/avr32/drivers/pm/pm_uc3c.o
 .debug_pubnames
                0x00000cc7       0x82 src/asf/avr32/drivers/pm/power_clocks_lib.o
 .debug_pubnames
                0x00000d49      0x3f6 src/asf/avr32/drivers/scif/scif_uc3c.o
 .debug_pubnames
                0x0000113f      0x227 src/asf/avr32/drivers/usart/usart.o
 .debug_pubnames
                0x00001366      0x10f src/asf/avr32/utils/debug/print_funcs.o
 .debug_pubnames
                0x00001475       0x21 src/asf/common/boards/user_board/init.o
 .debug_pubnames
                0x00001496       0xb8 src/main.o

.debug_info     0x00000000     0xd9ce
 *(.debug_info .gnu.linkonce.wi.*)
 .debug_info    0x00000000      0xc67 src/asf/avr32/drivers/ebi/sdramc/sdramc.o
 .debug_info    0x00000c67     0x1cfb src/asf/avr32/drivers/flashc/flashc.o
 .debug_info    0x00002962      0xf50 src/asf/avr32/drivers/gpio/gpio.o
 .debug_info    0x000038b2      0x836 src/asf/avr32/drivers/intc/intc.o
 .debug_info    0x000040e8     0x1028 src/asf/avr32/drivers/pm/pm_uc3c.o
 .debug_info    0x00005110      0x58f src/asf/avr32/drivers/pm/power_clocks_lib.o
 .debug_info    0x0000569f     0x1caa src/asf/avr32/drivers/scif/scif_uc3c.o
 .debug_info    0x00007349     0x3166 src/asf/avr32/drivers/usart/usart.o
 .debug_info    0x0000a4af     0x2a1b src/asf/avr32/utils/debug/print_funcs.o
 .debug_info    0x0000ceca       0xa6 src/asf/common/boards/user_board/init.o
 .debug_info    0x0000cf70      0xa5e src/main.o

.debug_abbrev   0x00000000     0x1840
 *(.debug_abbrev)
 .debug_abbrev  0x00000000      0x200 src/asf/avr32/drivers/ebi/sdramc/sdramc.o
 .debug_abbrev  0x00000200      0x326 src/asf/avr32/drivers/flashc/flashc.o
 .debug_abbrev  0x00000526      0x2f4 src/asf/avr32/drivers/gpio/gpio.o
 .debug_abbrev  0x0000081a      0x1f2 src/asf/avr32/drivers/intc/intc.o
 .debug_abbrev  0x00000a0c      0x1f0 src/asf/avr32/drivers/pm/pm_uc3c.o
 .debug_abbrev  0x00000bfc      0x191 src/asf/avr32/drivers/pm/power_clocks_lib.o
 .debug_abbrev  0x00000d8d      0x30c src/asf/avr32/drivers/scif/scif_uc3c.o
 .debug_abbrev  0x00001099      0x32b src/asf/avr32/drivers/usart/usart.o
 .debug_abbrev  0x000013c4      0x1a8 src/asf/avr32/utils/debug/print_funcs.o
 .debug_abbrev  0x0000156c       0x4c src/asf/common/boards/user_board/init.o
 .debug_abbrev  0x000015b8      0x288 src/main.o

.debug_line     0x00000000     0x70f1
 *(.debug_line)
 .debug_line    0x00000000      0x8c5 src/asf/avr32/drivers/ebi/sdramc/sdramc.o
 .debug_line    0x000008c5      0xd01 src/asf/avr32/drivers/flashc/flashc.o
 .debug_line    0x000015c6      0xa44 src/asf/avr32/drivers/gpio/gpio.o
 .debug_line    0x0000200a      0x79b src/asf/avr32/drivers/intc/intc.o
 .debug_line    0x000027a5      0x806 src/asf/avr32/drivers/pm/pm_uc3c.o
 .debug_line    0x00002fab      0x87c src/asf/avr32/drivers/pm/power_clocks_lib.o
 .debug_line    0x00003827      0xaea src/asf/avr32/drivers/scif/scif_uc3c.o
 .debug_line    0x00004311      0xa20 src/asf/avr32/drivers/usart/usart.o
 .debug_line    0x00004d31      0x93b src/asf/avr32/utils/debug/print_funcs.o
 .debug_line    0x0000566c      0xc96 src/asf/common/boards/user_board/init.o
 .debug_line    0x00006302      0xdef src/main.o

.debug_frame    0x00000000     0x12ec
 *(.debug_frame)
 .debug_frame   0x00000000       0x70 src/asf/avr32/drivers/ebi/sdramc/sdramc.o
 .debug_frame   0x00000070      0x6c0 src/asf/avr32/drivers/flashc/flashc.o
 .debug_frame   0x00000730      0x244 src/asf/avr32/drivers/gpio/gpio.o
 .debug_frame   0x00000974       0x64 src/asf/avr32/drivers/intc/intc.o
 .debug_frame   0x000009d8       0x90 src/asf/avr32/drivers/pm/pm_uc3c.o
 .debug_frame   0x00000a68       0xa4 src/asf/avr32/drivers/pm/power_clocks_lib.o
 .debug_frame   0x00000b0c      0x308 src/asf/avr32/drivers/scif/scif_uc3c.o
 .debug_frame   0x00000e14      0x2ac src/asf/avr32/drivers/usart/usart.o
 .debug_frame   0x000010c0      0x17c src/asf/avr32/utils/debug/print_funcs.o
 .debug_frame   0x0000123c       0x20 src/asf/common/boards/user_board/init.o
 .debug_frame   0x0000125c       0x90 src/main.o

.debug_str      0x00000000     0x3c0c
 *(.debug_str)
 .debug_str     0x00000000      0x461 src/asf/avr32/drivers/ebi/sdramc/sdramc.o
                                0x4b5 (size before relaxing)
 .debug_str     0x00000461      0xad6 src/asf/avr32/drivers/flashc/flashc.o
                                0xc8e (size before relaxing)
 .debug_str     0x00000f37      0x598 src/asf/avr32/drivers/gpio/gpio.o
                                0x6d5 (size before relaxing)
 .debug_str     0x000014cf      0x656 src/asf/avr32/drivers/intc/intc.o
                                0x755 (size before relaxing)
 .debug_str     0x00001b25      0x62c src/asf/avr32/drivers/pm/pm_uc3c.o
                                0x794 (size before relaxing)
 .debug_str     0x00002151      0x376 src/asf/avr32/drivers/pm/power_clocks_lib.o
                                0x630 (size before relaxing)
 .debug_str     0x000024c7      0x8db src/asf/avr32/drivers/scif/scif_uc3c.o
                                0xc42 (size before relaxing)
 .debug_str     0x00002da2      0x96e src/asf/avr32/drivers/usart/usart.o
                                0xae1 (size before relaxing)
 .debug_str     0x00003710      0x120 src/asf/avr32/utils/debug/print_funcs.o
                                0x820 (size before relaxing)
 .debug_str     0x00003830       0x36 src/asf/common/boards/user_board/init.o
                                0x118 (size before relaxing)
 .debug_str     0x00003866      0x3a6 src/main.o
                                0x504 (size before relaxing)

.debug_loc      0x00000000     0x2edf
 *(.debug_loc)
 .debug_loc     0x00000000       0x50 src/asf/avr32/drivers/ebi/sdramc/sdramc.o
 .debug_loc     0x00000050     0x1137 src/asf/avr32/drivers/flashc/flashc.o
 .debug_loc     0x00001187      0x3b4 src/asf/avr32/drivers/gpio/gpio.o
 .debug_loc     0x0000153b       0xd3 src/asf/avr32/drivers/intc/intc.o
 .debug_loc     0x0000160e      0x17f src/asf/avr32/drivers/pm/pm_uc3c.o
 .debug_loc     0x0000178d      0x31f src/asf/avr32/drivers/pm/power_clocks_lib.o
 .debug_loc     0x00001aac      0x4b4 src/asf/avr32/drivers/scif/scif_uc3c.o
 .debug_loc     0x00001f60      0x9c5 src/asf/avr32/drivers/usart/usart.o
 .debug_loc     0x00002925      0x3bc src/asf/avr32/utils/debug/print_funcs.o
 .debug_loc     0x00002ce1      0x1fe src/main.o

.debug_macinfo  0x00000000   0xe37eaf
 *(.debug_macinfo)
 .debug_macinfo
                0x00000000   0x14a655 src/asf/avr32/drivers/ebi/sdramc/sdramc.o
 .debug_macinfo
                0x0014a655   0x148f77 src/asf/avr32/drivers/flashc/flashc.o
 .debug_macinfo
                0x002935cc   0x148f25 src/asf/avr32/drivers/gpio/gpio.o
 .debug_macinfo
                0x003dc4f1   0x148fd2 src/asf/avr32/drivers/intc/intc.o
 .debug_macinfo
                0x005254c3   0x148e17 src/asf/avr32/drivers/pm/pm_uc3c.o
 .debug_macinfo
                0x0066e2da   0x1491af src/asf/avr32/drivers/pm/power_clocks_lib.o
 .debug_macinfo
                0x007b7489   0x148e1d src/asf/avr32/drivers/scif/scif_uc3c.o
 .debug_macinfo
                0x009002a6   0x149136 src/asf/avr32/drivers/usart/usart.o
 .debug_macinfo
                0x00a493dc   0x14ab0b src/asf/avr32/utils/debug/print_funcs.o
 .debug_macinfo
                0x00b93ee7   0x151328 src/asf/common/boards/user_board/init.o
 .debug_macinfo
                0x00ce520f   0x152ca0 src/main.o

.debug_weaknames
 *(.debug_weaknames)

.debug_funcnames
 *(.debug_funcnames)

.debug_typenames
 *(.debug_typenames)

.debug_varnames
 *(.debug_varnames)

.stack          0x0000f000     0x1000
                0x0000f000                _stack = .
 *(.stack)
                0x00001000                . = _stack_size
 *fill*         0x0000f000     0x1000 00
                0x00010000                _estack = .

.userpage
 *(.userpage .userpage.*)

.factorypage
 *(.factorypage .factorypage.*)

.flashvault_flash_size
 *(.flashvault_flash_size .flashvault_flash_size.*)

.flashvault_ram_size
 *(.flashvault_ram_size .flashvault_ram_size.*)

/DISCARD/
 *(.note.GNU-stack)
OUTPUT(ColumbusTest.elf elf32-avr32)

.debug_ranges   0x00000000      0x7b8
 .debug_ranges  0x00000000       0x30 src/asf/avr32/drivers/ebi/sdramc/sdramc.o
 .debug_ranges  0x00000030      0x218 src/asf/avr32/drivers/flashc/flashc.o
 .debug_ranges  0x00000248      0x118 src/asf/avr32/drivers/gpio/gpio.o
 .debug_ranges  0x00000360       0x48 src/asf/avr32/drivers/intc/intc.o
 .debug_ranges  0x000003a8       0x60 src/asf/avr32/drivers/pm/pm_uc3c.o
 .debug_ranges  0x00000408       0x38 src/asf/avr32/drivers/pm/power_clocks_lib.o
 .debug_ranges  0x00000440      0x160 src/asf/avr32/drivers/scif/scif_uc3c.o
 .debug_ranges  0x000005a0       0xd8 src/asf/avr32/drivers/usart/usart.o
 .debug_ranges  0x00000678       0x80 src/asf/avr32/utils/debug/print_funcs.o
 .debug_ranges  0x000006f8       0x18 src/asf/common/boards/user_board/init.o
 .debug_ranges  0x00000710       0xa8 src/main.o
