Archive member included because of file (symbol)

c:/program files (x86)/atmel/atmel studio 6.0/extensions/atmel/avrgcc/3.4.1.95/avrtoolchain/bin/../lib/gcc/avr32/4.4.3/../../../../avr32/lib/ucr3fp\libc.a(lib_a-ctype_.o)
                              src/asf/avr32/services/fs/fat/navigation.o (__ctype_ptr)
c:/program files (x86)/atmel/atmel studio 6.0/extensions/atmel/avrgcc/3.4.1.95/avrtoolchain/bin/../lib/gcc/avr32/4.4.3/../../../../avr32/lib/ucr3fp\libc.a(lib_a-memcmp.o)
                              src/asf/avr32/services/fs/fat/fat_unusual.o (memcmp)
c:/program files (x86)/atmel/atmel studio 6.0/extensions/atmel/avrgcc/3.4.1.95/avrtoolchain/bin/../lib/gcc/avr32/4.4.3/../../../../avr32/lib/ucr3fp\libc.a(lib_a-memcpy.o)
                              src/asf/avr32/drivers/flashc/flashc.o (memcpy)
c:/program files (x86)/atmel/atmel studio 6.0/extensions/atmel/avrgcc/3.4.1.95/avrtoolchain/bin/../lib/gcc/avr32/4.4.3/../../../../avr32/lib/ucr3fp\libc.a(lib_a-memset.o)
                              src/asf/avr32/services/fs/fat/fat.o (memset)
c:/program files (x86)/atmel/atmel studio 6.0/extensions/atmel/avrgcc/3.4.1.95/avrtoolchain/bin/../lib/gcc/avr32/4.4.3/../../../../avr32/lib/ucr3fp\libc.a(lib_a-sprintf.o)
                              src/CustomDevices/OV7670.o (sprintf)
c:/program files (x86)/atmel/atmel studio 6.0/extensions/atmel/avrgcc/3.4.1.95/avrtoolchain/bin/../lib/gcc/avr32/4.4.3/../../../../avr32/lib/ucr3fp\libc.a(lib_a-vfprintf.o)
                              c:/program files (x86)/atmel/atmel studio 6.0/extensions/atmel/avrgcc/3.4.1.95/avrtoolchain/bin/../lib/gcc/avr32/4.4.3/../../../../avr32/lib/ucr3fp\libc.a(lib_a-sprintf.o) (_vfprintf_r)
c:/program files (x86)/atmel/atmel studio 6.0/extensions/atmel/avrgcc/3.4.1.95/avrtoolchain/bin/../lib/gcc/avr32/4.4.3/../../../../avr32/lib/ucr3fp\libc.a(lib_a-wsetup.o)
                              c:/program files (x86)/atmel/atmel studio 6.0/extensions/atmel/avrgcc/3.4.1.95/avrtoolchain/bin/../lib/gcc/avr32/4.4.3/../../../../avr32/lib/ucr3fp\libc.a(lib_a-vfprintf.o) (__swsetup_r)
c:/program files (x86)/atmel/atmel studio 6.0/extensions/atmel/avrgcc/3.4.1.95/avrtoolchain/bin/../lib/gcc/avr32/4.4.3/../../../../avr32/lib/ucr3fp\libc.a(lib_a-dtoa.o)
                              c:/program files (x86)/atmel/atmel studio 6.0/extensions/atmel/avrgcc/3.4.1.95/avrtoolchain/bin/../lib/gcc/avr32/4.4.3/../../../../avr32/lib/ucr3fp\libc.a(lib_a-vfprintf.o) (_dtoa_r)
c:/program files (x86)/atmel/atmel studio 6.0/extensions/atmel/avrgcc/3.4.1.95/avrtoolchain/bin/../lib/gcc/avr32/4.4.3/../../../../avr32/lib/ucr3fp\libc.a(lib_a-fflush.o)
                              c:/program files (x86)/atmel/atmel studio 6.0/extensions/atmel/avrgcc/3.4.1.95/avrtoolchain/bin/../lib/gcc/avr32/4.4.3/../../../../avr32/lib/ucr3fp\libc.a(lib_a-vfprintf.o) (_fflush_r)
c:/program files (x86)/atmel/atmel studio 6.0/extensions/atmel/avrgcc/3.4.1.95/avrtoolchain/bin/../lib/gcc/avr32/4.4.3/../../../../avr32/lib/ucr3fp\libc.a(lib_a-findfp.o)
                              c:/program files (x86)/atmel/atmel studio 6.0/extensions/atmel/avrgcc/3.4.1.95/avrtoolchain/bin/../lib/gcc/avr32/4.4.3/../../../../avr32/lib/ucr3fp\libc.a(lib_a-vfprintf.o) (__sinit)
c:/program files (x86)/atmel/atmel studio 6.0/extensions/atmel/avrgcc/3.4.1.95/avrtoolchain/bin/../lib/gcc/avr32/4.4.3/../../../../avr32/lib/ucr3fp\libc.a(lib_a-freer.o)
                              c:/program files (x86)/atmel/atmel studio 6.0/extensions/atmel/avrgcc/3.4.1.95/avrtoolchain/bin/../lib/gcc/avr32/4.4.3/../../../../avr32/lib/ucr3fp\libc.a(lib_a-wsetup.o) (_free_r)
c:/program files (x86)/atmel/atmel studio 6.0/extensions/atmel/avrgcc/3.4.1.95/avrtoolchain/bin/../lib/gcc/avr32/4.4.3/../../../../avr32/lib/ucr3fp\libc.a(lib_a-fvwrite.o)
                              c:/program files (x86)/atmel/atmel studio 6.0/extensions/atmel/avrgcc/3.4.1.95/avrtoolchain/bin/../lib/gcc/avr32/4.4.3/../../../../avr32/lib/ucr3fp\libc.a(lib_a-vfprintf.o) (__sfvwrite_r)
c:/program files (x86)/atmel/atmel studio 6.0/extensions/atmel/avrgcc/3.4.1.95/avrtoolchain/bin/../lib/gcc/avr32/4.4.3/../../../../avr32/lib/ucr3fp\libc.a(lib_a-fwalk.o)
                              c:/program files (x86)/atmel/atmel studio 6.0/extensions/atmel/avrgcc/3.4.1.95/avrtoolchain/bin/../lib/gcc/avr32/4.4.3/../../../../avr32/lib/ucr3fp\libc.a(lib_a-fflush.o) (_fwalk_reent)
c:/program files (x86)/atmel/atmel studio 6.0/extensions/atmel/avrgcc/3.4.1.95/avrtoolchain/bin/../lib/gcc/avr32/4.4.3/../../../../avr32/lib/ucr3fp\libc.a(lib_a-impure.o)
                              c:/program files (x86)/atmel/atmel studio 6.0/extensions/atmel/avrgcc/3.4.1.95/avrtoolchain/bin/../lib/gcc/avr32/4.4.3/../../../../avr32/lib/ucr3fp\libc.a(lib_a-sprintf.o) (_impure_ptr)
c:/program files (x86)/atmel/atmel studio 6.0/extensions/atmel/avrgcc/3.4.1.95/avrtoolchain/bin/../lib/gcc/avr32/4.4.3/../../../../avr32/lib/ucr3fp\libc.a(lib_a-locale.o)
[...]
Memory Configuration

Name             Origin             Length             Attributes
FLASH            0x80000000         0x00080000         axrl !w
CPUSRAM          0x00000004         0x0000fffc         axw !rl
USERPAGE         0x80800000         0x00000200
FACTORYPAGE      0x80800200         0x00000200
FLASHVAULT_FLASH_SIZE 0x80800400         0x00000008         r
FLASHVAULT_RAM_SIZE 0x80800408         0x00000008         r
*default*        0x00000000         0xffffffff

Linker script and memory map

                0x00001000                _stack_size = 0x1000
LOAD src/asf/avr32/components/memory/sd_mmc/sd_mmc_spi/sd_mmc_spi.o
LOAD src/asf/avr32/components/memory/sd_mmc/sd_mmc_spi/sd_mmc_spi_mem.o
LOAD src/asf/avr32/drivers/acifa/acifa.o
LOAD src/asf/avr32/drivers/ebi/sdramc/sdramc.o
LOAD src/asf/avr32/drivers/eic/eic.o
LOAD src/asf/avr32/drivers/flashc/flashc.o
LOAD src/asf/avr32/drivers/gpio/gpio.o
LOAD src/asf/avr32/drivers/intc/exception.o
LOAD src/asf/avr32/drivers/intc/intc.o
LOAD src/asf/avr32/drivers/pdca/pdca.o
LOAD src/asf/avr32/drivers/pm/pm_uc3c.o
LOAD src/asf/avr32/drivers/pm/power_clocks_lib.o
LOAD src/asf/avr32/drivers/pwm/pwm4.o
LOAD src/asf/avr32/drivers/scif/scif_uc3c.o
LOAD src/asf/avr32/drivers/spi/spi.o
LOAD src/asf/avr32/drivers/twim/twim.o
LOAD src/asf/avr32/drivers/usart/usart.o
LOAD src/asf/avr32/services/fs/fat/fat.o
LOAD src/asf/avr32/services/fs/fat/fat_unusual.o
LOAD src/asf/avr32/services/fs/fat/file.o
LOAD src/asf/avr32/services/fs/fat/navigation.o
LOAD src/asf/avr32/utils/debug/print_funcs.o
LOAD src/asf/avr32/utils/startup/startup_uc3.o
LOAD src/asf/avr32/utils/startup/trampoline_uc3.o
LOAD src/asf/common/boards/user_board/init.o
LOAD src/asf/common/services/clock/uc3c/osc.o
LOAD src/asf/common/services/clock/uc3c/pll.o
LOAD src/asf/common/services/clock/uc3c/sysclk.o
LOAD src/asf/common/services/storage/ctrl_access/ctrl_access.o
LOAD src/CustomDevices/Bitmap.o
LOAD src/CustomDevices/MotorDriver.o
LOAD src/CustomDevices/OV7670.o
LOAD src/CustomDevices/OV7670_Setup.o
LOAD src/CustomDevices/PCA9542A.o
LOAD src/CustomDevices/SD_Card.o
LOAD src/main.o
START GROUP
END GROUP
LOAD c:/program files (x86)/atmel/atmel studio 6.0/extensions/atmel/avrgcc/3.4.1.95/avrtoolchain/bin/../lib/gcc/avr32/4.4.3/ucr3fp\libgcc.a
LOAD c:/program files (x86)/atmel/atmel studio 6.0/extensions/atmel/avrgcc/3.4.1.95/avrtoolchain/bin/../lib/gcc/avr32/4.4.3/../../../../avr32/lib/ucr3fp\libc.a
LOAD c:/program files (x86)/atmel/atmel studio 6.0/extensions/atmel/avrgcc/3.4.1.95/avrtoolchain/bin/../lib/gcc/avr32/4.4.3/ucr3fp\libgcc.a
                0x80000000                PROVIDE (__executable_start, 0x80000000)
                0x80000000                . = 0x80000000

.interp
 *(.interp)

.reset          0x80000000     0x2004
 *(.reset)
 .reset         0x80000000     0x2004 src/asf/avr32/utils/startup/trampoline_uc3.o
                               0x2008 (size before relaxing)
                0x80000000                _trampoline

.hash
 *(.hash)

.dynsym
 *(.dynsym)

.dynstr
 *(.dynstr)

.gnu.version
 *(.gnu.version)

.gnu.version_d
 *(.gnu.version_d)

.gnu.version_r
 *(.gnu.version_r)

.rel.init
 *(.rel.init)

.rela.init
 *(.rela.init)

.rel.text
 *(.rel.text .rel.text.* .rel.gnu.linkonce.t.*)

.rela.text
 *(.rela.text .rela.text.* .rela.gnu.linkonce.t.*)

.rel.fini
 *(.rel.fini)

.rela.fini
 *(.rela.fini)

.rel.rodata
 *(.rel.rodata .rel.rodata.* .rel.gnu.linkonce.r.*)

.rela.rodata
 *(.rela.rodata .rela.rodata.* .rela.gnu.linkonce.r.*)

.rel.data.rel.ro
 *(.rel.data.rel.ro*)

.rela.data.rel.ro
 *(.rel.data.rel.ro*)

.rel.data
 *(.rel.data .rel.data.* .rel.gnu.linkonce.d.*)

.rela.data
 *(.rela.data .rela.data.* .rela.gnu.linkonce.d.*)

.rel.tdata
 *(.rel.tdata .rel.tdata.* .rel.gnu.linkonce.td.*)

.rela.tdata
 *(.rela.tdata .rela.tdata.* .rela.gnu.linkonce.td.*)

.rel.tbss
 *(.rel.tbss .rel.tbss.* .rel.gnu.linkonce.tb.*)

.rela.tbss
 *(.rela.tbss .rela.tbss.* .rela.gnu.linkonce.tb.*)

.rel.ctors
 *(.rel.ctors)

.rela.ctors
 *(.rela.ctors)

.rel.dtors
 *(.rel.dtors)

.rela.dtors
 *(.rela.dtors)

.rel.got
 *(.rel.got)

.rela.got       0x80002004        0x0
 *(.rela.got)
 .rela.got      0x80002004        0x0 src/asf/avr32/drivers/flashc/flashc.o

.rel.bss
 *(.rel.bss .rel.bss.* .rel.gnu.linkonce.b.*)

.rela.bss
 *(.rela.bss .rela.bss.* .rela.gnu.linkonce.b.*)

.rel.plt
 *(.rel.plt)

.rela.plt
 *(.rela.plt)

.init
 *(.init)

.plt
 *(.plt)

.text           0x80002004     0xb130
 *(.text .stub .text.* .gnu.linkonce.t.*)
 .text.sd_mmc_spi_get_capacity
                0x80002004      0x11c src/asf/avr32/components/memory/sd_mmc/sd_mmc_spi/sd_mmc_spi.o
                0x80002004                sd_mmc_spi_get_capacity
 .text.sd_mmc_spi_write_close
                0x80002120        0x2 src/asf/avr32/components/memory/sd_mmc/sd_mmc_spi/sd_mmc_spi.o
                0x80002120                sd_mmc_spi_write_close
 *fill*         0x80002122        0x2 d703d703
 .text.sd_mmc_spi_send_and_read
                0x80002124       0x34 src/asf/avr32/components/memory/sd_mmc/sd_mmc_spi/sd_mmc_spi.o
                0x80002124                sd_mmc_spi_send_and_read
 .text.sd_mmc_spi_wait_not_busy
                0x80002158       0x58 src/asf/avr32/components/memory/sd_mmc/sd_mmc_spi/sd_mmc_spi.o
                0x80002158                sd_mmc_spi_wait_not_busy
 .text.sd_mmc_spi_write_open
                0x800021b0       0x18 src/asf/avr32/components/memory/sd_mmc/sd_mmc_spi/sd_mmc_spi.o
                0x800021b0                sd_mmc_spi_write_open
 .text.sd_mmc_spi_read_close
                0x800021c8        0xc src/asf/avr32/components/memory/sd_mmc/sd_mmc_spi/sd_mmc_spi.o
                0x800021c8                sd_mmc_spi_read_close
 .text.sd_mmc_spi_read_open
                0x800021d4       0x18 src/asf/avr32/components/memory/sd_mmc/sd_mmc_spi/sd_mmc_spi.o
                0x800021d4                sd_mmc_spi_read_open
 .text.sd_mmc_spi_command
                0x800021ec       0xc8 src/asf/avr32/components/memory/sd_mmc/sd_mmc_spi/sd_mmc_spi.o
                0x800021ec                sd_mmc_spi_command
 .text.sd_mmc_spi_send_command
                0x800022b4       0x40 src/asf/avr32/components/memory/sd_mmc/sd_mmc_spi/sd_mmc_spi.o
                0x800022b4                sd_mmc_spi_send_command
 .text.sd_mmc_spi_check_presence
                0x800022f4       0x7c src/asf/avr32/components/memory/sd_mmc/sd_mmc_spi/sd_mmc_spi.o
                0x800022f4                sd_mmc_spi_check_presence
 .text.sd_mmc_spi_write_sector_from_ram
                0x80002370      0x14c src/asf/avr32/components/memory/sd_mmc/sd_mmc_spi/sd_mmc_spi.o
                0x80002370                sd_mmc_spi_write_sector_from_ram
 .text.sd_mmc_spi_check_hc
                0x800024bc       0x8c src/asf/avr32/components/memory/sd_mmc/sd_mmc_spi/sd_mmc_spi.o
                0x800024bc                sd_mmc_spi_check_hc
 .text.sd_mmc_spi_get_if
                0x80002548       0xb8 src/asf/avr32/components/memory/sd_mmc/sd_mmc_spi/sd_mmc_spi.o
                0x80002548                sd_mmc_spi_get_if
 .text.sd_mmc_spi_read_sector_to_ram
                0x80002600      0x150 src/asf/avr32/components/memory/sd_mmc/sd_mmc_spi/sd_mmc_spi.o
                0x80002600                sd_mmc_spi_read_sector_to_ram
 .text.sd_mmc_spi_get_csd
                0x80002750       0xf4 src/asf/avr32/components/memory/sd_mmc/sd_mmc_spi/sd_mmc_spi.o
                0x80002750                sd_mmc_spi_get_csd
 .text.sd_mmc_spi_internal_init
                0x80002844      0x2a4 src/asf/avr32/components/memory/sd_mmc/sd_mmc_spi/sd_mmc_spi.o
                0x80002844                sd_mmc_spi_internal_init
 .text.sd_mmc_spi_mem_check
                0x80002ae8       0x28 src/asf/avr32/components/memory/sd_mmc/sd_mmc_spi/sd_mmc_spi.o
                0x80002ae8                sd_mmc_spi_mem_check
 .text.sd_mmc_spi_init
                0x80002b10       0x34 src/asf/avr32/components/memory/sd_mmc/sd_mmc_spi/sd_mmc_spi.o
                0x80002b10                sd_mmc_spi_init
 .text.sd_mmc_spi_wr_protect
                0x80002b44        0x2 src/asf/avr32/components/memory/sd_mmc/sd_mmc_spi/sd_mmc_spi_mem.o
                0x80002b44                sd_mmc_spi_wr_protect
 .text.sd_mmc_spi_removal
                0x80002b46        0x2 src/asf/avr32/components/memory/sd_mmc/sd_mmc_spi/sd_mmc_spi_mem.o
                0x80002b46                sd_mmc_spi_removal
 .text.sd_mmc_spi_test_unit_ready
                0x80002b48       0x6c src/asf/avr32/components/memory/sd_mmc/sd_mmc_spi/sd_mmc_spi_mem.o
                0x80002b48                sd_mmc_spi_test_unit_ready
 .text.sd_mmc_spi_mem_init
                0x80002bb4        0xc src/asf/avr32/components/memory/sd_mmc/sd_mmc_spi/sd_mmc_spi_mem.o
                0x80002bb4                sd_mmc_spi_mem_init
 .text.sd_mmc_spi_ram_2_mem
                0x80002bc0       0x68 src/asf/avr32/components/memory/sd_mmc/sd_mmc_spi/sd_mmc_spi_mem.o
                0x80002bc0                sd_mmc_spi_ram_2_mem
 .text.sd_mmc_spi_mem_2_ram
                0x80002c28       0x68 src/asf/avr32/components/memory/sd_mmc/sd_mmc_spi/sd_mmc_spi_mem.o
                0x80002c28                sd_mmc_spi_mem_2_ram
 .text.sd_mmc_spi_read_capacity
                0x80002c90       0x40 src/asf/avr32/components/memory/sd_mmc/sd_mmc_spi/sd_mmc_spi_mem.o
                0x80002c90                sd_mmc_spi_read_capacity
 .text.eic_init
                0x80002cd0       0xd0 src/asf/avr32/drivers/eic/eic.o
                0x80002cd0                eic_init
 .text.eic_enable_line
                0x80002da0        0xa src/asf/avr32/drivers/eic/eic.o
                0x80002da0                eic_enable_line
 .text.eic_enable_interrupt_line
                0x80002daa        0xa src/asf/avr32/drivers/eic/eic.o
                0x80002daa                eic_enable_interrupt_line
 .text.eic_clear_interrupt_line
                0x80002db4       0x16 src/asf/avr32/drivers/eic/eic.o
                0x80002db4                eic_clear_interrupt_line
 .text.flashc_set_wait_state
                0x80002dca        0xe src/asf/avr32/drivers/flashc/flashc.o
                0x80002dca                flashc_set_wait_state
 .text.flashc_is_ready
                0x80002dd8        0xc src/asf/avr32/drivers/flashc/flashc.o
                0x80002dd8                flashc_is_ready
 .text.flashc_default_wait_until_ready
                0x80002de4       0x10 src/asf/avr32/drivers/flashc/flashc.o
                0x80002de4                flashc_default_wait_until_ready
 .text.flashc_issue_command
                0x80002df4       0x48 src/asf/avr32/drivers/flashc/flashc.o
                0x80002df4                flashc_issue_command
 .text.flashc_set_flash_waitstate_and_readmode
                0x80002e3c       0x5c src/asf/avr32/drivers/flashc/flashc.o
                0x80002e3c                flashc_set_flash_waitstate_and_readmode
 .text.gpio_enable_module_pin
                0x80002e98       0x94 src/asf/avr32/drivers/gpio/gpio.o
                0x80002e98                gpio_enable_module_pin
 .text.gpio_enable_module
                0x80002f2c       0x30 src/asf/avr32/drivers/gpio/gpio.o
                0x80002f2c                gpio_enable_module
 .text.gpio_enable_pin_pull_up
                0x80002f5c       0x1a src/asf/avr32/drivers/gpio/gpio.o
                0x80002f5c                gpio_enable_pin_pull_up
 .text.gpio_set_gpio_pin
                0x80002f76       0x1c src/asf/avr32/drivers/gpio/gpio.o
                0x80002f76                gpio_set_gpio_pin
 .text.gpio_clr_gpio_pin
                0x80002f92       0x1c src/asf/avr32/drivers/gpio/gpio.o
                0x80002f92                gpio_clr_gpio_pin
 *fill*         0x80002fae        0x2 d703d703
 .text.INTC_register_interrupt
                0x80002fb0       0x80 src/asf/avr32/drivers/intc/intc.o
                0x80002fb0                INTC_register_interrupt
 .text._get_interrupt_handler
                0x80003030       0x38 src/asf/avr32/drivers/intc/intc.o
                0x80003030                _get_interrupt_handler
 .text.pm_set_mclk_source
                0x80003068       0x20 src/asf/avr32/drivers/pm/pm_uc3c.o
                0x80003068                pm_set_mclk_source
 .text.pcl_switch_to_osc
                0x80003088       0x44 src/asf/avr32/drivers/pm/power_clocks_lib.o
                0x80003088                pcl_switch_to_osc
 .text.scif_pclksr_statushigh_wait
                0x800030cc       0x1a src/asf/avr32/drivers/scif/scif_uc3c.o
 *fill*         0x800030e6        0x2 d703d703
 .text.scif_enable_osc
                0x800030e8       0x74 src/asf/avr32/drivers/scif/scif_uc3c.o
                0x800030e8                scif_enable_osc
 .text.scif_configure_osc_crystalmode
                0x8000315c       0xd0 src/asf/avr32/drivers/scif/scif_uc3c.o
                0x8000315c                scif_configure_osc_crystalmode
 .text.getBaudDiv
                0x8000322c       0x20 src/asf/avr32/drivers/spi/spi.o
                0x8000322c                getBaudDiv
 .text.spi_initMaster
                0x8000324c       0x38 src/asf/avr32/drivers/spi/spi.o
                0x8000324c                spi_initMaster
 .text.spi_selectionMode
                0x80003284       0x3e src/asf/avr32/drivers/spi/spi.o
                0x80003284                spi_selectionMode
 .text.spi_selectChip
                0x800032c2       0x4c src/asf/avr32/drivers/spi/spi.o
                0x800032c2                spi_selectChip
 .text.spi_unselectChip
                0x8000330e       0x26 src/asf/avr32/drivers/spi/spi.o
                0x8000330e                spi_unselectChip
 .text.spi_setupChipReg
                0x80003334       0xb8 src/asf/avr32/drivers/spi/spi.o
                0x80003334                spi_setupChipReg
 .text.spi_enable
                0x800033ec        0x6 src/asf/avr32/drivers/spi/spi.o
                0x800033ec                spi_enable
 .text.spi_write
                0x800033f2       0x1c src/asf/avr32/drivers/spi/spi.o
                0x800033f2                spi_write
 .text.spi_read
                0x8000340e       0x20 src/asf/avr32/drivers/spi/spi.o
                0x8000340e                spi_read
 *fill*         0x8000342e        0x2 d703d703
 .text.twim_master_interrupt_handler
                0x80003430       0xdc src/asf/avr32/drivers/twim/twim.o
 .text.twim_set_speed
                0x8000350c       0x70 src/asf/avr32/drivers/twim/twim.o
                0x8000350c                twim_set_speed
 .text.twim_status
                0x8000357c       0x10 src/asf/avr32/drivers/twim/twim.o
                0x8000357c                twim_status
 .text.twim_disable_interrupt
                0x8000358c       0x14 src/asf/avr32/drivers/twim/twim.o
                0x8000358c                twim_disable_interrupt
 .text.twim_write
                0x800035a0       0xb4 src/asf/avr32/drivers/twim/twim.o
                0x800035a0                twim_write
 .text.twim_probe
                0x80003654       0x1c src/asf/avr32/drivers/twim/twim.o
                0x80003654                twim_probe
 .text.twim_master_init
                0x80003670       0xb4 src/asf/avr32/drivers/twim/twim.o
                0x80003670                twim_master_init
 .text.usart_set_async_baudrate
                0x80003724       0x5a src/asf/avr32/drivers/usart/usart.o
 .text.usart_write_char
                0x8000377e       0x14 src/asf/avr32/drivers/usart/usart.o
                0x8000377e                usart_write_char
 *fill*         0x80003792        0x2 d703d703
 .text.usart_putchar
                0x80003794       0x2c src/asf/avr32/drivers/usart/usart.o
                0x80003794                usart_putchar
 .text.usart_write_line
                0x800037c0       0x24 src/asf/avr32/drivers/usart/usart.o
                0x800037c0                usart_write_line
 .text.usart_reset
                0x800037e4       0x2c src/asf/avr32/drivers/usart/usart.o
                0x800037e4                usart_reset
 .text.usart_init_rs232
                0x80003810       0xcc src/asf/avr32/drivers/usart/usart.o
                0x80003810                usart_init_rs232
 .text.fat_check_open
                0x800038dc       0x20 src/asf/avr32/services/fs/fat/fat.o
                0x800038dc                fat_check_open
 .text.fat_check_select
                0x800038fc       0x20 src/asf/avr32/services/fs/fat/fat.o
                0x800038fc                fat_check_select
 .text.fat_check_is_file
                0x8000391c       0x1c src/asf/avr32/services/fs/fat/fat.o
                0x8000391c                fat_check_is_file
 .text.fat_checkcluster
                0x80003938       0x60 src/asf/avr32/services/fs/fat/fat.o
                0x80003938                fat_checkcluster
 .text.fat_cache_clusterlist_reset
                0x80003998       0x28 src/asf/avr32/services/fs/fat/fat.o
                0x80003998                fat_cache_clusterlist_reset
 .text.fat_cache_clusterlist_update_start
                0x800039c0       0x40 src/asf/avr32/services/fs/fat/fat.o
                0x800039c0                fat_cache_clusterlist_update_start
 .text.fat_cache_clusterlist_update_select
                0x80003a00       0x68 src/asf/avr32/services/fs/fat/fat.o
                0x80003a00                fat_cache_clusterlist_update_select
 .text.fat_cache_clusterlist_update_finish
                0x80003a68       0x58 src/asf/avr32/services/fs/fat/fat.o
                0x80003a68                fat_cache_clusterlist_update_finish
 .text.fat_cache_clusterlist_update_read
                0x80003ac0      0x124 src/asf/avr32/services/fs/fat/fat.o
                0x80003ac0                fat_cache_clusterlist_update_read
 .text.fat_entry_is_dir
                0x80003be4       0x18 src/asf/avr32/services/fs/fat/fat.o
                0x80003be4                fat_entry_is_dir
 .text.fat_clear_entry_info_and_ptr
                0x80003bfc       0x3c src/asf/avr32/services/fs/fat/fat.o
                0x80003bfc                fat_clear_entry_info_and_ptr
 .text.fat_check_eof_name
                0x80003c38       0x26 src/asf/avr32/services/fs/fat/fat.o
                0x80003c38                fat_check_eof_name
 *fill*         0x80003c5e        0x2 d703d703
 .text.fat_get_ptr_entry
                0x80003c60       0x18 src/asf/avr32/services/fs/fat/fat.o
                0x80003c60                fat_get_ptr_entry
 .text.fat_entry_longname
                0x80003c78      0x194 src/asf/avr32/services/fs/fat/fat.o
                0x80003c78                fat_entry_longname
 .text.fat_entry_shortname
                0x80003e0c      0x108 src/asf/avr32/services/fs/fat/fat.o
                0x80003e0c                fat_entry_shortname
 .text.fat_get_entry_info
                0x80003f14       0x48 src/asf/avr32/services/fs/fat/fat.o
                0x80003f14                fat_get_entry_info
 .text.fat_entry_check
                0x80003f5c       0x5c src/asf/avr32/services/fs/fat/fat.o
                0x80003f5c                fat_entry_check
 .text.fat_cache_reset
                0x80003fb8       0x18 src/asf/avr32/services/fs/fat/fat.o
                0x80003fb8                fat_cache_reset
 .text.fat_cache_mark_sector_as_dirty
                0x80003fd0       0x10 src/asf/avr32/services/fs/fat/fat.o
                0x80003fd0                fat_cache_mark_sector_as_dirty
 .text.fat_write_entry_file
                0x80003fe0       0x50 src/asf/avr32/services/fs/fat/fat.o
                0x80003fe0                fat_write_entry_file
 .text.fat_check_nav_access_file
                0x80004030       0x78 src/asf/avr32/services/fs/fat/fat.o
                0x80004030                fat_check_nav_access_file
 .text.fat_invert_nav
                0x800040a8       0xec src/asf/avr32/services/fs/fat/fat.o
                0x800040a8                fat_invert_nav
 .text.fat_cache_flush
                0x80004194       0x54 src/asf/avr32/services/fs/fat/fat.o
                0x80004194                fat_cache_flush
 .text.fat_cache_clear
                0x800041e8       0x18 src/asf/avr32/services/fs/fat/fat.o
                0x800041e8                fat_cache_clear
 .text.fat_cache_read_sector
                0x80004200       0x80 src/asf/avr32/services/fs/fat/fat.o
                0x80004200                fat_cache_read_sector
 .text.fat_cluster_readnext
                0x80004280       0x94 src/asf/avr32/services/fs/fat/fat.o
                0x80004280                fat_cluster_readnext
 .text.fat_cluster_val
                0x80004314      0x244 src/asf/avr32/services/fs/fat/fat.o
                0x80004314                fat_cluster_val
 .text.fat_cluster_list
                0x80004558      0x2d8 src/asf/avr32/services/fs/fat/fat.o
                0x80004558                fat_cluster_list
 .text.fat_read_dir
                0x80004830       0x84 src/asf/avr32/services/fs/fat/fat.o
                0x80004830                fat_read_dir
 .text.fat_read_file
                0x800048b4       0xdc src/asf/avr32/services/fs/fat/fat.o
                0x800048b4                fat_read_file
 .text.fat_write_file
                0x80004990      0x108 src/asf/avr32/services/fs/fat/fat.o
                0x80004990                fat_write_file
 .text.fat_check_device
                0x80004a98       0xb8 src/asf/avr32/services/fs/fat/fat.o
                0x80004a98                fat_check_device
 .text.fat_check_noopen
                0x80004b50       0x3c src/asf/avr32/services/fs/fat/fat.o
                0x80004b50                fat_check_noopen
 .text.fat_check_mount
                0x80004b8c       0x38 src/asf/avr32/services/fs/fat/fat.o
                0x80004b8c                fat_check_mount
 .text.fat_check_mount_select
                0x80004bc4       0x18 src/asf/avr32/services/fs/fat/fat.o
                0x80004bc4                fat_check_mount_select
 .text.fat_check_mount_select_open
                0x80004bdc       0x24 src/asf/avr32/services/fs/fat/fat.o
                0x80004bdc                fat_check_mount_select_open
 .text.fat_check_mount_select_noopen
                0x80004c00       0x24 src/asf/avr32/services/fs/fat/fat.o
                0x80004c00                fat_check_mount_select_noopen
 .text.fat_check_mount_noopen
                0x80004c24       0x18 src/asf/avr32/services/fs/fat/fat.o
                0x80004c24                fat_check_mount_noopen
 .text.fat_translate_char_shortname
                0x80004c3c       0x4c src/asf/avr32/services/fs/fat/fat_unusual.o
                0x80004c3c                fat_translate_char_shortname
 .text.fat_clear_info_fat_mod
                0x80004c88       0x18 src/asf/avr32/services/fs/fat/fat_unusual.o
                0x80004c88                fat_clear_info_fat_mod
 .text.fat_clear_cluster
                0x80004ca0       0x74 src/asf/avr32/services/fs/fat/fat_unusual.o
                0x80004ca0                fat_clear_cluster
 .text.fat_update_fat2
                0x80004d14       0x74 src/asf/avr32/services/fs/fat/fat_unusual.o
                0x80004d14                fat_update_fat2
 .text.fat_initialize_dir
                0x80004d88       0x98 src/asf/avr32/services/fs/fat/fat_unusual.o
                0x80004d88                fat_initialize_dir
 .text.fat_create_long_name_entry
                0x80004e20       0xd0 src/asf/avr32/services/fs/fat/fat_unusual.o
                0x80004e20                fat_create_long_name_entry
 .text.fat_delete_file
                0x80004ef0       0x74 src/asf/avr32/services/fs/fat/fat_unusual.o
                0x80004ef0                fat_delete_file
 .text.fat_garbage_collector_entry
                0x80004f64       0xc8 src/asf/avr32/services/fs/fat/fat_unusual.o
                0x80004f64                fat_garbage_collector_entry
 .text.fat_write_fat32_FSInfo
                0x8000502c       0xa0 src/asf/avr32/services/fs/fat/fat_unusual.o
                0x8000502c                fat_write_fat32_FSInfo
 .text.fat_allocfreespace
                0x800050cc      0x140 src/asf/avr32/services/fs/fat/fat_unusual.o
                0x800050cc                fat_allocfreespace
 .text.fat_alloc_entry_free
                0x8000520c       0xb0 src/asf/avr32/services/fs/fat/fat_unusual.o
                0x8000520c                fat_alloc_entry_free
 .text.fat_check_name
                0x800052bc       0x74 src/asf/avr32/services/fs/fat/fat_unusual.o
                0x800052bc                fat_check_name
 .text.fat_create_short_entry_name
                0x80005330      0x1bc src/asf/avr32/services/fs/fat/fat_unusual.o
                0x80005330                fat_create_short_entry_name
 .text.fat_entry_shortname_compare
                0x800054ec       0x58 src/asf/avr32/services/fs/fat/fat_unusual.o
                0x800054ec                fat_entry_shortname_compare
 .text.fat_find_short_entry_name
                0x80005544       0x78 src/asf/avr32/services/fs/fat/fat_unusual.o
                0x80005544                fat_find_short_entry_name
 .text.fat_create_entry_file_name
                0x800055bc       0xa8 src/asf/avr32/services/fs/fat/fat_unusual.o
                0x800055bc                fat_create_entry_file_name
 .text.fat_mount
                0x80005664      0x2fc src/asf/avr32/services/fs/fat/fat_unusual.o
                0x80005664                fat_mount
 .text.file_close
                0x80005960       0x3c src/asf/avr32/services/fs/fat/file.o
                0x80005960                file_close
 .text.file_write_buf
                0x8000599c      0x174 src/asf/avr32/services/fs/fat/file.o
                0x8000599c                file_write_buf
 .text.file_open
                0x80005b10       0xa0 src/asf/avr32/services/fs/fat/file.o
                0x80005b10                file_open
 .text.nav_getindex
                0x80005bb0       0x20 src/asf/avr32/services/fs/fat/navigation.o
                0x80005bb0                nav_getindex
 .text.nav_file_isdir
                0x80005bd0        0xc src/asf/avr32/services/fs/fat/navigation.o
                0x80005bd0                nav_file_isdir
 .text.nav_file_name
                0x80005bdc       0xe4 src/asf/avr32/services/fs/fat/navigation.o
                0x80005bdc                nav_file_name
 .text.nav_filelist_set
                0x80005cc0      0x168 src/asf/avr32/services/fs/fat/navigation.o
                0x80005cc0                nav_filelist_set
 .text.nav_filelist_findname
                0x80005e28       0x30 src/asf/avr32/services/fs/fat/navigation.o
                0x80005e28                nav_filelist_findname
 .text.nav_filelist_reset
                0x80005e58       0x18 src/asf/avr32/services/fs/fat/navigation.o
                0x80005e58                nav_filelist_reset
 .text.nav_file_create
                0x80005e70       0x6c src/asf/avr32/services/fs/fat/navigation.o
                0x80005e70                nav_file_create
 .text.nav_dir_gotoparent
                0x80005edc       0xa0 src/asf/avr32/services/fs/fat/navigation.o
                0x80005edc                nav_dir_gotoparent
 .text.nav_dir_cd
                0x80005f7c       0x40 src/asf/avr32/services/fs/fat/navigation.o
                0x80005f7c                nav_dir_cd
 .text.nav_file_del
                0x80005fbc       0xac src/asf/avr32/services/fs/fat/navigation.o
                0x80005fbc                nav_file_del
 .text.nav_filelist_first
                0x80006068       0x40 src/asf/avr32/services/fs/fat/navigation.o
                0x80006068                nav_filelist_first
 .text.nav_filelist_nb
                0x800060a8       0x70 src/asf/avr32/services/fs/fat/navigation.o
                0x800060a8                nav_filelist_nb
 .text.nav_filelist_last
                0x80006118       0x50 src/asf/avr32/services/fs/fat/navigation.o
                0x80006118                nav_filelist_last
 .text.nav_dir_make
                0x80006168       0x90 src/asf/avr32/services/fs/fat/navigation.o
                0x80006168                nav_dir_make
 .text.nav_partition_mount
                0x800061f8       0x3c src/asf/avr32/services/fs/fat/navigation.o
                0x800061f8                nav_partition_mount
 .text.nav_dir_root
                0x80006234        0xc src/asf/avr32/services/fs/fat/navigation.o
                0x80006234                nav_dir_root
 .text.nav_drive_set
                0x80006240       0x54 src/asf/avr32/services/fs/fat/navigation.o
                0x80006240                nav_drive_set
 .text.nav_gotoindex
                0x80006294       0x5c src/asf/avr32/services/fs/fat/navigation.o
                0x80006294                nav_gotoindex
 .text.nav_setcwd
                0x800062f0      0x1c4 src/asf/avr32/services/fs/fat/navigation.o
                0x800062f0                nav_setcwd
 .text.nav_drive_nb
                0x800064b4        0xc src/asf/avr32/services/fs/fat/navigation.o
                0x800064b4                nav_drive_nb
 .text.nav_select
                0x800064c0       0x48 src/asf/avr32/services/fs/fat/navigation.o
                0x800064c0                nav_select
 .text.nav_reset
                0x80006508       0x6c src/asf/avr32/services/fs/fat/navigation.o
                0x80006508                nav_reset
 .text.print_char
                0x80006574        0xc src/asf/avr32/utils/debug/print_funcs.o
                0x80006574                print_char
 .text.print_dbg_char
                0x80006580       0x14 src/asf/avr32/utils/debug/print_funcs.o
                0x80006580                print_dbg_char
 .text.print    0x80006594        0xc src/asf/avr32/utils/debug/print_funcs.o
                0x80006594                print
 .text.print_ulong
                0x800065a0       0x48 src/asf/avr32/utils/debug/print_funcs.o
                0x800065a0                print_ulong
 .text.print_dbg_ulong
                0x800065e8       0x14 src/asf/avr32/utils/debug/print_funcs.o
                0x800065e8                print_dbg_ulong
 .text.print_dbg
                0x800065fc       0x14 src/asf/avr32/utils/debug/print_funcs.o
                0x800065fc                print_dbg
 .text.init_dbg_rs232_ex
                0x80006610       0x40 src/asf/avr32/utils/debug/print_funcs.o
                0x80006610                init_dbg_rs232_ex
 .text.init_dbg_rs232
                0x80006650       0x14 src/asf/avr32/utils/debug/print_funcs.o
                0x80006650                init_dbg_rs232
 .text._stext   0x80006664       0x4c src/asf/avr32/utils/startup/startup_uc3.o
                                 0x50 (size before relaxing)
                0x80006664                _stext
 .text.board_init
                0x800066b0        0x2 src/asf/common/boards/user_board/init.o
                0x800066b0                board_init
 .text.get_nb_lun
                0x800066b2        0x2 src/asf/common/services/storage/ctrl_access/ctrl_access.o
                0x800066b2                get_nb_lun
 .text.mem_test_unit_ready
                0x800066b4       0x14 src/asf/common/services/storage/ctrl_access/ctrl_access.o
                0x800066b4                mem_test_unit_ready
 .text.mem_read_capacity
                0x800066c8       0x18 src/asf/common/services/storage/ctrl_access/ctrl_access.o
                0x800066c8                mem_read_capacity
 .text.mem_sector_size
                0x800066e0        0x6 src/asf/common/services/storage/ctrl_access/ctrl_access.o
                0x800066e0                mem_sector_size
 *fill*         0x800066e6        0x2 d703d703
 .text.mem_wr_protect
                0x800066e8       0x14 src/asf/common/services/storage/ctrl_access/ctrl_access.o
                0x800066e8                mem_wr_protect
 .text.memory_2_ram
                0x800066fc       0x1c src/asf/common/services/storage/ctrl_access/ctrl_access.o
                0x800066fc                memory_2_ram
 .text.ram_2_memory
                0x80006718       0x1c src/asf/common/services/storage/ctrl_access/ctrl_access.o
                0x80006718                ram_2_memory
 .text.TakePhoto
                0x80006734       0x58 src/CustomDevices/OV7670.o
                0x80006734                TakePhoto
 .text.Photos_Ready
                0x8000678c       0x60 src/CustomDevices/OV7670.o
                0x8000678c                Photos_Ready
 .text.FIFO_Reset
                0x800067ec       0x74 src/CustomDevices/OV7670.o
                0x800067ec                FIFO_Reset
 .text.Store_Image_0
                0x80006860      0x108 src/CustomDevices/OV7670.o
                0x80006860                Store_Image_0
 .text.Store_Image_1
                0x80006968      0x130 src/CustomDevices/OV7670.o
                0x80006968                Store_Image_1
 .text.Store_Both_Images
                0x80006a98       0x30 src/CustomDevices/OV7670.o
                0x80006a98                Store_Both_Images
 .text.FIFO_Init
                0x80006ac8      0x268 src/CustomDevices/OV7670.o
                0x80006ac8                FIFO_Init
 .text.VSYNC0_Handler
                0x80006d30       0x6c src/CustomDevices/OV7670.o
 .text.VSYNC1_Handler
                0x80006d9c       0x6c src/CustomDevices/OV7670.o
 .text.Write_Reg
                0x80006e08       0x24 src/CustomDevices/OV7670.o
                0x80006e08                Write_Reg
 .text.OV7670_Init
                0x80006e2c      0x2a0 src/CustomDevices/OV7670.o
                0x80006e2c                OV7670_Init
 .text.PCA9542A_Chan_Sel
                0x800070cc       0x24 src/CustomDevices/PCA9542A.o
                0x800070cc                PCA9542A_Chan_Sel
 .text.PCA9542A_Init
                0x800070f0       0x38 src/CustomDevices/PCA9542A.o
                0x800070f0                PCA9542A_Init
 .text.sd_mmc_resources_init
                0x80007128       0x84 src/CustomDevices/SD_Card.o
                0x80007128                sd_mmc_resources_init
 .text.LED_Flash
                0x800071ac       0x80 src/main.o
                0x800071ac                LED_Flash
 .text.Log_Write
                0x8000722c       0x44 src/main.o
                0x8000722c                Log_Write
 .text.main     0x80007270      0x4c8 src/main.o
                0x80007270                main
 .text.memcmp   0x80007738       0x26 c:/program files (x86)/atmel/atmel studio 6.0/extensions/atmel/avrgcc/3.4.1.95/avrtoolchain/bin/../lib/gcc/avr32/4.4.3/../../../../avr32/lib/ucr3fp\libc.a(lib_a-memcmp.o)
                0x80007738                memcmp
 .text          0x8000775e      0x148 c:/program files (x86)/atmel/atmel studio 6.0/extensions/atmel/avrgcc/3.4.1.95/avrtoolchain/bin/../lib/gcc/avr32/4.4.3/../../../../avr32/lib/ucr3fp\libc.a(lib_a-memcpy.o)
                0x8000775e                memcpy
 .text.memset   0x800078a6        0xe c:/program files (x86)/atmel/atmel studio 6.0/extensions/atmel/avrgcc/3.4.1.95/avrtoolchain/bin/../lib/gcc/avr32/4.4.3/../../../../avr32/lib/ucr3fp\libc.a(lib_a-memset.o)
                0x800078a6                memset
 .text.sprintf  0x800078b4       0x3c c:/program files (x86)/atmel/atmel studio 6.0/extensions/atmel/avrgcc/3.4.1.95/avrtoolchain/bin/../lib/gcc/avr32/4.4.3/../../../../avr32/lib/ucr3fp\libc.a(lib_a-sprintf.o)
                                 0x40 (size before relaxing)
                0x800078b4                sprintf
 .text.get_arg  0x800078f0      0x318 c:/program files (x86)/atmel/atmel studio 6.0/extensions/atmel/avrgcc/3.4.1.95/avrtoolchain/bin/../lib/gcc/avr32/4.4.3/../../../../avr32/lib/ucr3fp\libc.a(lib_a-vfprintf.o)
                                0x320 (size before relaxing)
 .text.__sprint_r
                0x80007c08       0x1c c:/program files (x86)/atmel/atmel studio 6.0/extensions/atmel/avrgcc/3.4.1.95/avrtoolchain/bin/../lib/gcc/avr32/4.4.3/../../../../avr32/lib/ucr3fp\libc.a(lib_a-vfprintf.o)
                                 0x20 (size before relaxing)
 .text._vfprintf_r
                0x80007c24     0x1f1c c:/program files (x86)/atmel/atmel studio 6.0/extensions/atmel/avrgcc/3.4.1.95/avrtoolchain/bin/../lib/gcc/avr32/4.4.3/../../../../avr32/lib/ucr3fp\libc.a(lib_a-vfprintf.o)
                               0x1f90 (size before relaxing)
                0x80007c24                _vfprintf_r
 .text.__swsetup_r
                0x80009b40       0xdc c:/program files (x86)/atmel/atmel studio 6.0/extensions/atmel/avrgcc/3.4.1.95/avrtoolchain/bin/../lib/gcc/avr32/4.4.3/../../../../avr32/lib/ucr3fp\libc.a(lib_a-wsetup.o)
                                 0xe8 (size before relaxing)
                0x80009b40                __swsetup_r
 .text.quorem   0x80009c1c      0x120 c:/program files (x86)/atmel/atmel studio 6.0/extensions/atmel/avrgcc/3.4.1.95/avrtoolchain/bin/../lib/gcc/avr32/4.4.3/../../../../avr32/lib/ucr3fp\libc.a(lib_a-dtoa.o)
                                0x124 (size before relaxing)
 .text._dtoa_r  0x80009d3c      0xbe0 c:/program files (x86)/atmel/atmel studio 6.0/extensions/atmel/avrgcc/3.4.1.95/avrtoolchain/bin/../lib/gcc/avr32/4.4.3/../../../../avr32/lib/ucr3fp\libc.a(lib_a-dtoa.o)
                                0xc90 (size before relaxing)
                0x80009d3c                _dtoa_r
 .text._fflush_r
                0x8000a91c      0x110 c:/program files (x86)/atmel/atmel studio 6.0/extensions/atmel/avrgcc/3.4.1.95/avrtoolchain/bin/../lib/gcc/avr32/4.4.3/../../../../avr32/lib/ucr3fp\libc.a(lib_a-fflush.o)
                                0x118 (size before relaxing)
                0x8000a91c                _fflush_r
 .text.__sfp_lock_acquire
                0x8000aa2c        0x2 c:/program files (x86)/atmel/atmel studio 6.0/extensions/atmel/avrgcc/3.4.1.95/avrtoolchain/bin/../lib/gcc/avr32/4.4.3/../../../../avr32/lib/ucr3fp\libc.a(lib_a-findfp.o)
                0x8000aa2c                __sfp_lock_acquire
 .text.__sfp_lock_release
                0x8000aa2e        0x2 c:/program files (x86)/atmel/atmel studio 6.0/extensions/atmel/avrgcc/3.4.1.95/avrtoolchain/bin/../lib/gcc/avr32/4.4.3/../../../../avr32/lib/ucr3fp\libc.a(lib_a-findfp.o)
                0x8000aa2e                __sfp_lock_release
 .text._cleanup_r
                0x8000aa30        0xc c:/program files (x86)/atmel/atmel studio 6.0/extensions/atmel/avrgcc/3.4.1.95/avrtoolchain/bin/../lib/gcc/avr32/4.4.3/../../../../avr32/lib/ucr3fp\libc.a(lib_a-findfp.o)
                                 0x14 (size before relaxing)
                0x8000aa30                _cleanup_r
 .text.__sfmoreglue
                0x8000aa3c       0x28 c:/program files (x86)/atmel/atmel studio 6.0/extensions/atmel/avrgcc/3.4.1.95/avrtoolchain/bin/../lib/gcc/avr32/4.4.3/../../../../avr32/lib/ucr3fp\libc.a(lib_a-findfp.o)
                                 0x30 (size before relaxing)
                0x8000aa3c                __sfmoreglue
 .text.__sfp    0x8000aa64       0x70 c:/program files (x86)/atmel/atmel studio 6.0/extensions/atmel/avrgcc/3.4.1.95/avrtoolchain/bin/../lib/gcc/avr32/4.4.3/../../../../avr32/lib/ucr3fp\libc.a(lib_a-findfp.o)
                                 0x7c (size before relaxing)
                0x8000aa64                __sfp
 .text.__sinit  0x8000aad4       0x9c c:/program files (x86)/atmel/atmel studio 6.0/extensions/atmel/avrgcc/3.4.1.95/avrtoolchain/bin/../lib/gcc/avr32/4.4.3/../../../../avr32/lib/ucr3fp\libc.a(lib_a-findfp.o)
                                 0xb0 (size before relaxing)
                0x8000aad4                __sinit
 .text._malloc_trim_r
                0x8000ab70       0x9c c:/program files (x86)/atmel/atmel studio 6.0/extensions/atmel/avrgcc/3.4.1.95/avrtoolchain/bin/../lib/gcc/avr32/4.4.3/../../../../avr32/lib/ucr3fp\libc.a(lib_a-freer.o)
                                 0xa8 (size before relaxing)
                0x8000ab70                _malloc_trim_r
 .text._free_r  0x8000ac0c      0x190 c:/program files (x86)/atmel/atmel studio 6.0/extensions/atmel/avrgcc/3.4.1.95/avrtoolchain/bin/../lib/gcc/avr32/4.4.3/../../../../avr32/lib/ucr3fp\libc.a(lib_a-freer.o)
                                0x1a4 (size before relaxing)
                0x8000ac0c                _free_r
 .text.__sfvwrite_r
                0x8000ad9c      0x2a4 c:/program files (x86)/atmel/atmel studio 6.0/extensions/atmel/avrgcc/3.4.1.95/avrtoolchain/bin/../lib/gcc/avr32/4.4.3/../../../../avr32/lib/ucr3fp\libc.a(lib_a-fvwrite.o)
                                0x2c8 (size before relaxing)
                0x8000ad9c                __sfvwrite_r
 .text._fwalk   0x8000b040       0x4c c:/program files (x86)/atmel/atmel studio 6.0/extensions/atmel/avrgcc/3.4.1.95/avrtoolchain/bin/../lib/gcc/avr32/4.4.3/../../../../avr32/lib/ucr3fp\libc.a(lib_a-fwalk.o)
                                 0x54 (size before relaxing)
                0x8000b040                _fwalk
 .text._localeconv_r
                0x8000b08c        0x8 c:/program files (x86)/atmel/atmel studio 6.0/extensions/atmel/avrgcc/3.4.1.95/avrtoolchain/bin/../lib/gcc/avr32/4.4.3/../../../../avr32/lib/ucr3fp\libc.a(lib_a-locale.o)
                0x8000b08c                _localeconv_r
 .text.__smakebuf_r
                0x8000b094       0xc4 c:/program files (x86)/atmel/atmel studio 6.0/extensions/atmel/avrgcc/3.4.1.95/avrtoolchain/bin/../lib/gcc/avr32/4.4.3/../../../../avr32/lib/ucr3fp\libc.a(lib_a-makebuf.o)
                                 0xd4 (size before relaxing)
                0x8000b094                __smakebuf_r
 .text.malloc   0x8000b158       0x10 c:/program files (x86)/atmel/atmel studio 6.0/extensions/atmel/avrgcc/3.4.1.95/avrtoolchain/bin/../lib/gcc/avr32/4.4.3/../../../../avr32/lib/ucr3fp\libc.a(lib_a-malloc.o)
                                 0x18 (size before relaxing)
                0x8000b158                malloc
 .text._malloc_r
                0x8000b168      0x434 c:/program files (x86)/atmel/atmel studio 6.0/extensions/atmel/avrgcc/3.4.1.95/avrtoolchain/bin/../lib/gcc/avr32/4.4.3/../../../../avr32/lib/ucr3fp\libc.a(lib_a-mallocr.o)
                                0x454 (size before relaxing)
                0x8000b168                _malloc_r
 .text.memchr   0x8000b59c       0x16 c:/program files (x86)/atmel/atmel studio 6.0/extensions/atmel/avrgcc/3.4.1.95/avrtoolchain/bin/../lib/gcc/avr32/4.4.3/../../../../avr32/lib/ucr3fp\libc.a(lib_a-memchr.o)
                0x8000b59c                memchr
 .text.memmove  0x8000b5b2       0x3e c:/program files (x86)/atmel/atmel studio 6.0/extensions/atmel/avrgcc/3.4.1.95/avrtoolchain/bin/../lib/gcc/avr32/4.4.3/../../../../avr32/lib/ucr3fp\libc.a(lib_a-memmove.o)
                0x8000b5b2                memmove
 .text.__malloc_lock
                0x8000b5f0        0x2 c:/program files (x86)/atmel/atmel studio 6.0/extensions/atmel/avrgcc/3.4.1.95/avrtoolchain/bin/../lib/gcc/avr32/4.4.3/../../../../avr32/lib/ucr3fp\libc.a(lib_a-mlock.o)
                0x8000b5f0                __malloc_lock
 .text.__malloc_unlock
                0x8000b5f2        0x2 c:/program files (x86)/atmel/atmel studio 6.0/extensions/atmel/avrgcc/3.4.1.95/avrtoolchain/bin/../lib/gcc/avr32/4.4.3/../../../../avr32/lib/ucr3fp\libc.a(lib_a-mlock.o)
                0x8000b5f2                __malloc_unlock
 .text.__hi0bits
                0x8000b5f4       0x60 c:/program files (x86)/atmel/atmel studio 6.0/extensions/atmel/avrgcc/3.4.1.95/avrtoolchain/bin/../lib/gcc/avr32/4.4.3/../../../../avr32/lib/ucr3fp\libc.a(lib_a-mprec.o)
                0x8000b5f4                __hi0bits
 .text.__lo0bits
                0x8000b654       0x8e c:/program files (x86)/atmel/atmel studio 6.0/extensions/atmel/avrgcc/3.4.1.95/avrtoolchain/bin/../lib/gcc/avr32/4.4.3/../../../../avr32/lib/ucr3fp\libc.a(lib_a-mprec.o)
                0x8000b654                __lo0bits
 .text.__mcmp   0x8000b6e2       0x32 c:/program files (x86)/atmel/atmel studio 6.0/extensions/atmel/avrgcc/3.4.1.95/avrtoolchain/bin/../lib/gcc/avr32/4.4.3/../../../../avr32/lib/ucr3fp\libc.a(lib_a-mprec.o)
                0x8000b6e2                __mcmp
 .text._Bfree   0x8000b714       0x34 c:/program files (x86)/atmel/atmel studio 6.0/extensions/atmel/avrgcc/3.4.1.95/avrtoolchain/bin/../lib/gcc/avr32/4.4.3/../../../../avr32/lib/ucr3fp\libc.a(lib_a-mprec.o)
                                 0x38 (size before relaxing)
                0x8000b714                _Bfree
 .text._Balloc  0x8000b748       0x70 c:/program files (x86)/atmel/atmel studio 6.0/extensions/atmel/avrgcc/3.4.1.95/avrtoolchain/bin/../lib/gcc/avr32/4.4.3/../../../../avr32/lib/ucr3fp\libc.a(lib_a-mprec.o)
                                 0x78 (size before relaxing)
                0x8000b748                _Balloc
 .text.__d2b    0x8000b7b8       0xa8 c:/program files (x86)/atmel/atmel studio 6.0/extensions/atmel/avrgcc/3.4.1.95/avrtoolchain/bin/../lib/gcc/avr32/4.4.3/../../../../avr32/lib/ucr3fp\libc.a(lib_a-mprec.o)
                                 0xbc (size before relaxing)
                0x8000b7b8                __d2b
 .text.__mdiff  0x8000b860       0xd0 c:/program files (x86)/atmel/atmel studio 6.0/extensions/atmel/avrgcc/3.4.1.95/avrtoolchain/bin/../lib/gcc/avr32/4.4.3/../../../../avr32/lib/ucr3fp\libc.a(lib_a-mprec.o)
                                 0xd8 (size before relaxing)
                0x8000b860                __mdiff
 .text.__lshift
                0x8000b930       0x88 c:/program files (x86)/atmel/atmel studio 6.0/extensions/atmel/avrgcc/3.4.1.95/avrtoolchain/bin/../lib/gcc/avr32/4.4.3/../../../../avr32/lib/ucr3fp\libc.a(lib_a-mprec.o)
                                 0x94 (size before relaxing)
                0x8000b930                __lshift
 .text.__multiply
                0x8000b9b8      0x100 c:/program files (x86)/atmel/atmel studio 6.0/extensions/atmel/avrgcc/3.4.1.95/avrtoolchain/bin/../lib/gcc/avr32/4.4.3/../../../../avr32/lib/ucr3fp\libc.a(lib_a-mprec.o)
                                0x108 (size before relaxing)
                0x8000b9b8                __multiply
 .text.__i2b    0x8000bab8       0x10 c:/program files (x86)/atmel/atmel studio 6.0/extensions/atmel/avrgcc/3.4.1.95/avrtoolchain/bin/../lib/gcc/avr32/4.4.3/../../../../avr32/lib/ucr3fp\libc.a(lib_a-mprec.o)
                                 0x18 (size before relaxing)
                0x8000bab8                __i2b
 .text.__multadd
                0x8000bac8       0x7c c:/program files (x86)/atmel/atmel studio 6.0/extensions/atmel/avrgcc/3.4.1.95/avrtoolchain/bin/../lib/gcc/avr32/4.4.3/../../../../avr32/lib/ucr3fp\libc.a(lib_a-mprec.o)
                                 0x88 (size before relaxing)
                0x8000bac8                __multadd
 .text.__pow5mult
                0x8000bb44       0x90 c:/program files (x86)/atmel/atmel studio 6.0/extensions/atmel/avrgcc/3.4.1.95/avrtoolchain/bin/../lib/gcc/avr32/4.4.3/../../../../avr32/lib/ucr3fp\libc.a(lib_a-mprec.o)
                                 0xac (size before relaxing)
                0x8000bb44                __pow5mult
 .text._realloc_r
                0x8000bbd4      0x2c4 c:/program files (x86)/atmel/atmel studio 6.0/extensions/atmel/avrgcc/3.4.1.95/avrtoolchain/bin/../lib/gcc/avr32/4.4.3/../../../../avr32/lib/ucr3fp\libc.a(lib_a-reallocr.o)
                                0x2e0 (size before relaxing)
                0x8000bbd4                _realloc_r
 .text._sbrk_r  0x8000be98       0x20 c:/program files (x86)/atmel/atmel studio 6.0/extensions/atmel/avrgcc/3.4.1.95/avrtoolchain/bin/../lib/gcc/avr32/4.4.3/../../../../avr32/lib/ucr3fp\libc.a(lib_a-sbrkr.o)
                                 0x28 (size before relaxing)
                0x8000be98                _sbrk_r
 .text.__isinfd
                0x8000beb8       0x2a c:/program files (x86)/atmel/atmel studio 6.0/extensions/atmel/avrgcc/3.4.1.95/avrtoolchain/bin/../lib/gcc/avr32/4.4.3/../../../../avr32/lib/ucr3fp\libc.a(lib_a-s_isinfd.o)
                0x8000beb8                __isinfd
 .text.__isnand
                0x8000bee2       0x1c c:/program files (x86)/atmel/atmel studio 6.0/extensions/atmel/avrgcc/3.4.1.95/avrtoolchain/bin/../lib/gcc/avr32/4.4.3/../../../../avr32/lib/ucr3fp\libc.a(lib_a-s_isnand.o)
                0x8000bee2                __isnand
 *fill*         0x8000befe        0x2 d703d703
 .text.__sclose
                0x8000bf00        0x8 c:/program files (x86)/atmel/atmel studio 6.0/extensions/atmel/avrgcc/3.4.1.95/avrtoolchain/bin/../lib/gcc/avr32/4.4.3/../../../../avr32/lib/ucr3fp\libc.a(lib_a-stdio.o)
                                 0x10 (size before relaxing)
                0x8000bf00                __sclose
 .text.__sseek  0x8000bf08       0x28 c:/program files (x86)/atmel/atmel studio 6.0/extensions/atmel/avrgcc/3.4.1.95/avrtoolchain/bin/../lib/gcc/avr32/4.4.3/../../../../avr32/lib/ucr3fp\libc.a(lib_a-stdio.o)
                                 0x2c (size before relaxing)
                0x8000bf08                __sseek
 .text.__swrite
                0x8000bf30       0x2c c:/program files (x86)/atmel/atmel studio 6.0/extensions/atmel/avrgcc/3.4.1.95/avrtoolchain/bin/../lib/gcc/avr32/4.4.3/../../../../avr32/lib/ucr3fp\libc.a(lib_a-stdio.o)
                                 0x38 (size before relaxing)
                0x8000bf30                __swrite
 .text.__sread  0x8000bf5c       0x1c c:/program files (x86)/atmel/atmel studio 6.0/extensions/atmel/avrgcc/3.4.1.95/avrtoolchain/bin/../lib/gcc/avr32/4.4.3/../../../../avr32/lib/ucr3fp\libc.a(lib_a-stdio.o)
                                 0x24 (size before relaxing)
                0x8000bf5c                __sread
 .text.strlen   0x8000bf78       0x16 c:/program files (x86)/atmel/atmel studio 6.0/extensions/atmel/avrgcc/3.4.1.95/avrtoolchain/bin/../lib/gcc/avr32/4.4.3/../../../../avr32/lib/ucr3fp\libc.a(lib_a-strlen.o)
                0x8000bf78                strlen
 *fill*         0x8000bf8e        0x2 d703d703
 .text._close   0x8000bf90       0x18 c:/program files (x86)/atmel/atmel studio 6.0/extensions/atmel/avrgcc/3.4.1.95/avrtoolchain/bin/../lib/gcc/avr32/4.4.3/../../../../avr32/lib/ucr3fp\libc.a(lib_a-syscalls.o)
                0x8000bf90                _close
 .text._lseek   0x8000bfa8       0x18 c:/program files (x86)/atmel/atmel studio 6.0/extensions/atmel/avrgcc/3.4.1.95/avrtoolchain/bin/../lib/gcc/avr32/4.4.3/../../../../avr32/lib/ucr3fp\libc.a(lib_a-syscalls.o)
                0x8000bfa8                _lseek
 .text._read    0x8000bfc0       0x18 c:/program files (x86)/atmel/atmel studio 6.0/extensions/atmel/avrgcc/3.4.1.95/avrtoolchain/bin/../lib/gcc/avr32/4.4.3/../../../../avr32/lib/ucr3fp\libc.a(lib_a-syscalls.o)
                0x8000bfc0                _read
 .text._write   0x8000bfd8       0x18 c:/program files (x86)/atmel/atmel studio 6.0/extensions/atmel/avrgcc/3.4.1.95/avrtoolchain/bin/../lib/gcc/avr32/4.4.3/../../../../avr32/lib/ucr3fp\libc.a(lib_a-syscalls.o)
                0x8000bfd8                _write
 .text.isatty   0x8000bff0       0x18 c:/program files (x86)/atmel/atmel studio 6.0/extensions/atmel/avrgcc/3.4.1.95/avrtoolchain/bin/../lib/gcc/avr32/4.4.3/../../../../avr32/lib/ucr3fp\libc.a(lib_a-syscalls.o)
                0x8000bff0                isatty
 .text._fstat_host
                0x8000c008       0x18 c:/program files (x86)/atmel/atmel studio 6.0/extensions/atmel/avrgcc/3.4.1.95/avrtoolchain/bin/../lib/gcc/avr32/4.4.3/../../../../avr32/lib/ucr3fp\libc.a(lib_a-syscalls.o)
                0x8000c008                _fstat_host
 .text._fstat   0x8000c020       0x4c c:/program files (x86)/atmel/atmel studio 6.0/extensions/atmel/avrgcc/3.4.1.95/avrtoolchain/bin/../lib/gcc/avr32/4.4.3/../../../../avr32/lib/ucr3fp\libc.a(lib_a-syscalls.o)
                                 0x50 (size before relaxing)
                0x8000c020                _fstat
 .text._sbrk    0x8000c06c       0x3c c:/program files (x86)/atmel/atmel studio 6.0/extensions/atmel/avrgcc/3.4.1.95/avrtoolchain/bin/../lib/gcc/avr32/4.4.3/../../../../avr32/lib/ucr3fp\libc.a(lib_a-syscalls.o)
                                 0x40 (size before relaxing)
                0x8000c06c                _sbrk
 .text._write_r
                0x8000c0a8       0x28 c:/program files (x86)/atmel/atmel studio 6.0/extensions/atmel/avrgcc/3.4.1.95/avrtoolchain/bin/../lib/gcc/avr32/4.4.3/../../../../avr32/lib/ucr3fp\libc.a(lib_a-writer.o)
                                 0x2c (size before relaxing)
                0x8000c0a8                _write_r
 .text._calloc_r
                0x8000c0d0       0x58 c:/program files (x86)/atmel/atmel studio 6.0/extensions/atmel/avrgcc/3.4.1.95/avrtoolchain/bin/../lib/gcc/avr32/4.4.3/../../../../avr32/lib/ucr3fp\libc.a(lib_a-callocr.o)
                                 0x60 (size before relaxing)
                0x8000c0d0                _calloc_r
 .text._close_r
                0x8000c128       0x20 c:/program files (x86)/atmel/atmel studio 6.0/extensions/atmel/avrgcc/3.4.1.95/avrtoolchain/bin/../lib/gcc/avr32/4.4.3/../../../../avr32/lib/ucr3fp\libc.a(lib_a-closer.o)
                                 0x28 (size before relaxing)
                0x8000c128                _close_r
 .text.__errno  0x8000c148        0xc c:/program files (x86)/atmel/atmel studio 6.0/extensions/atmel/avrgcc/3.4.1.95/avrtoolchain/bin/../lib/gcc/avr32/4.4.3/../../../../avr32/lib/ucr3fp\libc.a(lib_a-errno.o)
                0x8000c148                __errno
 .text._fclose_r
                0x8000c154       0xbc c:/program files (x86)/atmel/atmel studio 6.0/extensions/atmel/avrgcc/3.4.1.95/avrtoolchain/bin/../lib/gcc/avr32/4.4.3/../../../../avr32/lib/ucr3fp\libc.a(lib_a-fclose.o)
                                 0xd0 (size before relaxing)
                0x8000c154                _fclose_r
 .text.fclose   0x8000c210       0x10 c:/program files (x86)/atmel/atmel studio 6.0/extensions/atmel/avrgcc/3.4.1.95/avrtoolchain/bin/../lib/gcc/avr32/4.4.3/../../../../avr32/lib/ucr3fp\libc.a(lib_a-fclose.o)
                                 0x18 (size before relaxing)
                0x8000c210                fclose
 .text._fstat_r
                0x8000c220       0x24 c:/program files (x86)/atmel/atmel studio 6.0/extensions/atmel/avrgcc/3.4.1.95/avrtoolchain/bin/../lib/gcc/avr32/4.4.3/../../../../avr32/lib/ucr3fp\libc.a(lib_a-fstatr.o)
                                 0x2c (size before relaxing)
                0x8000c220                _fstat_r
 .text._lseek_r
                0x8000c244       0x28 c:/program files (x86)/atmel/atmel studio 6.0/extensions/atmel/avrgcc/3.4.1.95/avrtoolchain/bin/../lib/gcc/avr32/4.4.3/../../../../avr32/lib/ucr3fp\libc.a(lib_a-lseekr.o)
                                 0x2c (size before relaxing)
                0x8000c244                _lseek_r
 .text._read_r  0x8000c26c       0x28 c:/program files (x86)/atmel/atmel studio 6.0/extensions/atmel/avrgcc/3.4.1.95/avrtoolchain/bin/../lib/gcc/avr32/4.4.3/../../../../avr32/lib/ucr3fp\libc.a(lib_a-readr.o)
                                 0x2c (size before relaxing)
                0x8000c26c                _read_r
 .text          0x8000c294      0x1d4 c:/program files (x86)/atmel/atmel studio 6.0/extensions/atmel/avrgcc/3.4.1.95/avrtoolchain/bin/../lib/gcc/avr32/4.4.3/ucr3fp\libgcc.a(_avr32_f64_mul.o)
                0x8000c294                __avr32_f64_mul
 .text          0x8000c468      0x2a8 c:/program files (x86)/atmel/atmel studio 6.0/extensions/atmel/avrgcc/3.4.1.95/avrtoolchain/bin/../lib/gcc/avr32/4.4.3/ucr3fp\libgcc.a(_avr32_f64_addsub.o)
                0x8000c46c                __avr32_f64_sub
                0x8000c608                __avr32_f64_add
 .text          0x8000c710       0x2a c:/program files (x86)/atmel/atmel studio 6.0/extensions/atmel/avrgcc/3.4.1.95/avrtoolchain/bin/../lib/gcc/avr32/4.4.3/ucr3fp\libgcc.a(_avr32_f64_to_s32.o)
                0x8000c710                __avr32_f64_to_u32
                0x8000c714                __avr32_f64_to_s32
 .text          0x8000c73a       0xe8 c:/program files (x86)/atmel/atmel studio 6.0/extensions/atmel/avrgcc/3.4.1.95/avrtoolchain/bin/../lib/gcc/avr32/4.4.3/ucr3fp\libgcc.a(_avr32_s32_to_f64.o)
                0x8000c73a                __avr32_u32_to_f64
                0x8000c742                __avr32_s32_to_f64
 .text          0x8000c822       0x26 c:/program files (x86)/atmel/atmel studio 6.0/extensions/atmel/avrgcc/3.4.1.95/avrtoolchain/bin/../lib/gcc/avr32/4.4.3/ucr3fp\libgcc.a(_avr32_f64_cmp_eq.o)
                0x8000c822                __avr32_f64_cmp_eq
 .text          0x8000c848       0x68 c:/program files (x86)/atmel/atmel studio 6.0/extensions/atmel/avrgcc/3.4.1.95/avrtoolchain/bin/../lib/gcc/avr32/4.4.3/ucr3fp\libgcc.a(_avr32_f64_cmp_ge.o)
                0x8000c848                __avr32_f64_cmp_ge
 .text          0x8000c8b0       0x68 c:/program files (x86)/atmel/atmel studio 6.0/extensions/atmel/avrgcc/3.4.1.95/avrtoolchain/bin/../lib/gcc/avr32/4.4.3/ucr3fp\libgcc.a(_avr32_f64_cmp_lt.o)
                0x8000c8b0                __avr32_f64_cmp_lt
 .text          0x8000c918      0x318 c:/program files (x86)/atmel/atmel studio 6.0/extensions/atmel/avrgcc/3.4.1.95/avrtoolchain/bin/../lib/gcc/avr32/4.4.3/ucr3fp\libgcc.a(_avr32_f64_div.o)
                0x8000c918                __avr32_f64_div
 .text          0x8000cc30      0x292 c:/program files (x86)/atmel/atmel studio 6.0/extensions/atmel/avrgcc/3.4.1.95/avrtoolchain/bin/../lib/gcc/avr32/4.4.3/ucr3fp\libgcc.a(_udivdi3.o)
                0x8000cc30                __avr32_udiv64
                0x8000cc30                __udivdi3
 .text          0x8000cec2      0x272 c:/program files (x86)/atmel/atmel studio 6.0/extensions/atmel/avrgcc/3.4.1.95/avrtoolchain/bin/../lib/gcc/avr32/4.4.3/ucr3fp\libgcc.a(_umoddi3.o)
                0x8000cec2                __avr32_umod64
                0x8000cec2                __umoddi3
 *(.text.*personality*)
 *(.gnu.warning)

.exception      0x8000d200      0x200
 .exception     0x8000d200      0x200 src/asf/avr32/drivers/intc/exception.o
                0x8000d200                _evba
                0x8000d304                _int0
                0x8000d312                _int1
                0x8000d320                _int2
                0x8000d32e                _int3

.fini
 *(.fini)
                0x8000d400                PROVIDE (__etext, .)
                0x8000d400                PROVIDE (_etext, .)
                0x8000d400                PROVIDE (etext, .)

.rodata         0x8000d400      0xda4
 *(.rodata .rodata.* .gnu.linkonce.r.*)
 .rodata.gpio_enable_module_pin
                0x8000d400       0x20 src/asf/avr32/drivers/gpio/gpio.o
 .rodata._int_handler_table
                0x8000d420      0x178 src/asf/avr32/drivers/intc/intc.o
 .rodata.const_FSI_LeadSig
                0x8000d598        0x4 src/asf/avr32/services/fs/fat/fat_unusual.o
                0x8000d598                const_FSI_LeadSig
 .rodata.fs_s_tab_incorrect_char
                0x8000d59c        0x8 src/asf/avr32/services/fs/fat/fat_unusual.o
                0x8000d59c                fs_s_tab_incorrect_char
 .rodata.fs_s_execption_char
                0x8000d5a4        0x8 src/asf/avr32/services/fs/fat/fat_unusual.o
                0x8000d5a4                fs_s_execption_char
 .rodata.const_FSI_StrucSig
                0x8000d5ac        0x4 src/asf/avr32/services/fs/fat/fat_unusual.o
                0x8000d5ac                const_FSI_StrucSig
 .rodata.DBG_USART_GPIO_MAP.14756
                0x8000d5b0       0x10 src/asf/avr32/utils/debug/print_funcs.o
 .rodata.lun_desc
                0x8000d5c0       0x1c src/asf/common/services/storage/ctrl_access/ctrl_access.o
 .rodata.str1.4
                0x8000d5dc       0x17 src/asf/common/services/storage/ctrl_access/ctrl_access.o
                                 0x18 (size before relaxing)
 *fill*         0x8000d5f3        0x1 00
 .rodata.BMPHeader
                0x8000d5f4       0x10 src/CustomDevices/Bitmap.o
                0x8000d5f4                BMPHeader
 .rodata.DIBHead
                0x8000d604       0x7c src/CustomDevices/Bitmap.o
                0x8000d604                DIBHead
 .rodata.str1.4
                0x8000d680       0x4d src/CustomDevices/OV7670.o
                                 0x50 (size before relaxing)
 .rodata.default_settings
                0x8000d6cd      0x14e src/CustomDevices/OV7670_Setup.o
                0x8000d6cd                default_settings
 *fill*         0x8000d81b        0x1 00
 .rodata.C.60.17152
                0x8000d81c       0x10 src/CustomDevices/SD_Card.o
 .rodata.SD_MMC_SPI_GPIO_MAP.17150
                0x8000d82c       0x20 src/CustomDevices/SD_Card.o
 .rodata.C.58.17137
                0x8000d84c       0x10 src/main.o
 .rodata.str1.4
                0x8000d85c      0x2b0 src/main.o
                                0x2b4 (size before relaxing)
 .rodata.C.57.17136
                0x8000db0c       0x10 src/main.o
 .rodata._ctype_
                0x8000db1c      0x104 c:/program files (x86)/atmel/atmel studio 6.0/extensions/atmel/avrgcc/3.4.1.95/avrtoolchain/bin/../lib/gcc/avr32/4.4.3/../../../../avr32/lib/ucr3fp\libc.a(lib_a-ctype_.o)
                0x8000db1c                _ctype_
 .rodata.get_arg
                0x8000dc20       0x3c c:/program files (x86)/atmel/atmel studio 6.0/extensions/atmel/avrgcc/3.4.1.95/avrtoolchain/bin/../lib/gcc/avr32/4.4.3/../../../../avr32/lib/ucr3fp\libc.a(lib_a-vfprintf.o)
 .rodata._vfprintf_r
                0x8000dc5c      0x164 c:/program files (x86)/atmel/atmel studio 6.0/extensions/atmel/avrgcc/3.4.1.95/avrtoolchain/bin/../lib/gcc/avr32/4.4.3/../../../../avr32/lib/ucr3fp\libc.a(lib_a-vfprintf.o)
 .rodata.state_table
                0x8000ddc0       0x6c c:/program files (x86)/atmel/atmel studio 6.0/extensions/atmel/avrgcc/3.4.1.95/avrtoolchain/bin/../lib/gcc/avr32/4.4.3/../../../../avr32/lib/ucr3fp\libc.a(lib_a-vfprintf.o)
 .rodata.action_table
                0x8000de2c       0x6c c:/program files (x86)/atmel/atmel studio 6.0/extensions/atmel/avrgcc/3.4.1.95/avrtoolchain/bin/../lib/gcc/avr32/4.4.3/../../../../avr32/lib/ucr3fp\libc.a(lib_a-vfprintf.o)
 .rodata.str1.4
                0x8000de98       0x3a c:/program files (x86)/atmel/atmel studio 6.0/extensions/atmel/avrgcc/3.4.1.95/avrtoolchain/bin/../lib/gcc/avr32/4.4.3/../../../../avr32/lib/ucr3fp\libc.a(lib_a-vfprintf.o)
                                 0x3c (size before relaxing)
 *fill*         0x8000ded2        0x2 00
 .rodata.blanks.3430
                0x8000ded4       0x10 c:/program files (x86)/atmel/atmel studio 6.0/extensions/atmel/avrgcc/3.4.1.95/avrtoolchain/bin/../lib/gcc/avr32/4.4.3/../../../../avr32/lib/ucr3fp\libc.a(lib_a-vfprintf.o)
 .rodata.zeroes.3431
                0x8000dee4       0x10 c:/program files (x86)/atmel/atmel studio 6.0/extensions/atmel/avrgcc/3.4.1.95/avrtoolchain/bin/../lib/gcc/avr32/4.4.3/../../../../avr32/lib/ucr3fp\libc.a(lib_a-vfprintf.o)
 .rodata.chclass
                0x8000def4      0x100 c:/program files (x86)/atmel/atmel studio 6.0/extensions/atmel/avrgcc/3.4.1.95/avrtoolchain/bin/../lib/gcc/avr32/4.4.3/../../../../avr32/lib/ucr3fp\libc.a(lib_a-vfprintf.o)
 .rodata.str1.4
                0x8000dff4       0x10 c:/program files (x86)/atmel/atmel studio 6.0/extensions/atmel/avrgcc/3.4.1.95/avrtoolchain/bin/../lib/gcc/avr32/4.4.3/../../../../avr32/lib/ucr3fp\libc.a(lib_a-dtoa.o)
                                 0x14 (size before relaxing)
 .rodata.__sf_fake_stdin
                0x8000e004       0x20 c:/program files (x86)/atmel/atmel studio 6.0/extensions/atmel/avrgcc/3.4.1.95/avrtoolchain/bin/../lib/gcc/avr32/4.4.3/../../../../avr32/lib/ucr3fp\libc.a(lib_a-findfp.o)
                0x8000e004                __sf_fake_stdin
 .rodata.__sf_fake_stdout
                0x8000e024       0x20 c:/program files (x86)/atmel/atmel studio 6.0/extensions/atmel/avrgcc/3.4.1.95/avrtoolchain/bin/../lib/gcc/avr32/4.4.3/../../../../avr32/lib/ucr3fp\libc.a(lib_a-findfp.o)
                0x8000e024                __sf_fake_stdout
 .rodata.__sf_fake_stderr
                0x8000e044       0x20 c:/program files (x86)/atmel/atmel studio 6.0/extensions/atmel/avrgcc/3.4.1.95/avrtoolchain/bin/../lib/gcc/avr32/4.4.3/../../../../avr32/lib/ucr3fp\libc.a(lib_a-findfp.o)
                0x8000e044                __sf_fake_stderr
 .rodata.str1.4
                0x8000e064        0x2 c:/program files (x86)/atmel/atmel studio 6.0/extensions/atmel/avrgcc/3.4.1.95/avrtoolchain/bin/../lib/gcc/avr32/4.4.3/../../../../avr32/lib/ucr3fp\libc.a(lib_a-impure.o)
                                  0x4 (size before relaxing)
 *fill*         0x8000e066        0x2 00
 .rodata._global_impure_ptr
                0x8000e068        0x4 c:/program files (x86)/atmel/atmel studio 6.0/extensions/atmel/avrgcc/3.4.1.95/avrtoolchain/bin/../lib/gcc/avr32/4.4.3/../../../../avr32/lib/ucr3fp\libc.a(lib_a-impure.o)
                0x8000e068                _global_impure_ptr
 .rodata.lconv  0x8000e06c       0x30 c:/program files (x86)/atmel/atmel studio 6.0/extensions/atmel/avrgcc/3.4.1.95/avrtoolchain/bin/../lib/gcc/avr32/4.4.3/../../../../avr32/lib/ucr3fp\libc.a(lib_a-locale.o)
 .rodata.str1.4
                0x8000e09c        0xc c:/program files (x86)/atmel/atmel studio 6.0/extensions/atmel/avrgcc/3.4.1.95/avrtoolchain/bin/../lib/gcc/avr32/4.4.3/../../../../avr32/lib/ucr3fp\libc.a(lib_a-locale.o)
                                 0x18 (size before relaxing)
 .rodata.p05.2471
                0x8000e0a8        0xc c:/program files (x86)/atmel/atmel studio 6.0/extensions/atmel/avrgcc/3.4.1.95/avrtoolchain/bin/../lib/gcc/avr32/4.4.3/../../../../avr32/lib/ucr3fp\libc.a(lib_a-mprec.o)
 .rodata.__mprec_tens
                0x8000e0b4       0xc8 c:/program files (x86)/atmel/atmel studio 6.0/extensions/atmel/avrgcc/3.4.1.95/avrtoolchain/bin/../lib/gcc/avr32/4.4.3/../../../../avr32/lib/ucr3fp\libc.a(lib_a-mprec.o)
                0x8000e0b4                __mprec_tens
 .rodata.__mprec_bigtens
                0x8000e17c       0x28 c:/program files (x86)/atmel/atmel studio 6.0/extensions/atmel/avrgcc/3.4.1.95/avrtoolchain/bin/../lib/gcc/avr32/4.4.3/../../../../avr32/lib/ucr3fp\libc.a(lib_a-mprec.o)
                0x8000e17c                __mprec_bigtens

.rodata1
 *(.rodata1)

.eh_frame_hdr
 *(.eh_frame_hdr)

.eh_frame
 *(.eh_frame)

.gcc_except_table
 *(.gcc_except_table)
 *(.gcc_except_table.*)

.dalign         0x8000e1a4        0x4
                0x8000e1a8                . = ALIGN (0x8)
 *fill*         0x8000e1a4        0x4 00
                0x8000e1a8                PROVIDE (_data_lma, .)
                0x00000004                PROVIDE (_data, ORIGIN (CPUSRAM))
                0x00000004                . = ORIGIN (CPUSRAM)

.eh_frame
 *(.eh_frame)

.gcc_except_table
 *(.gcc_except_table)
 *(.gcc_except_table.*)

.tdata
 *(.tdata .tdata.* .gnu.linkonce.td.*)

.tbss
 *(.tbss .tbss.* .gnu.linkonce.tb.*)
 *(.tcommon)
                0x00000004                PROVIDE (__preinit_array_start, ALIGN (0x4))

.preinit_array
 *(.preinit_array)
                0x00000004                PROVIDE (__preinit_array_end, .)
                0x00000004                PROVIDE (__init_array_start, .)

.init_array
 *(.init_array)
                0x00000004                PROVIDE (__init_array_end, .)
                0x00000004                PROVIDE (__fini_array_start, .)

.fini_array
 *(.fini_array)
                0x00000004                PROVIDE (__fini_array_end, .)

.ctors
 *crtbegin*.o(.ctors)
 *(EXCLUDE_FILE(*crtend*.o) .ctors)
 *(SORT(.ctors.*))
 *(.ctors)

.dtors
 *crtbegin*.o(.dtors)
 *(EXCLUDE_FILE(*crtend*.o) .dtors)
 *(SORT(.dtors.*))
 *(.dtors)

.jcr
 *(.jcr)

.data.rel.ro
 *(.data.rel.ro.local)
 *(.data.rel.ro*)

.dynamic
 *(.dynamic)

.got
 *(.got.plt)
 *(.got)

.data           0x00000004      0x510 load address 0x8000e1a8
 *(.data .data.* .gnu.linkonce.d.*)
 .data.sd_mmc_spi_presence_status
                0x00000004        0x1 src/asf/avr32/components/memory/sd_mmc/sd_mmc_spi/sd_mmc_spi_mem.o
                0x00000004                sd_mmc_spi_presence_status
 *fill*         0x00000005        0x3 00
 .data.flashc_wait_until_ready
                0x00000008        0x4 src/asf/avr32/drivers/flashc/flashc.o
                0x00000008                flashc_wait_until_ready
 .data.__ctype_ptr
                0x0000000c        0x4 c:/program files (x86)/atmel/atmel studio 6.0/extensions/atmel/avrgcc/3.4.1.95/avrtoolchain/bin/../lib/gcc/avr32/4.4.3/../../../../avr32/lib/ucr3fp\libc.a(lib_a-ctype_.o)
                0x0000000c                __ctype_ptr
 .data.impure_data
                0x00000010       0xf0 c:/program files (x86)/atmel/atmel studio 6.0/extensions/atmel/avrgcc/3.4.1.95/avrtoolchain/bin/../lib/gcc/avr32/4.4.3/../../../../avr32/lib/ucr3fp\libc.a(lib_a-impure.o)
 .data._impure_ptr
                0x00000100        0x4 c:/program files (x86)/atmel/atmel studio 6.0/extensions/atmel/avrgcc/3.4.1.95/avrtoolchain/bin/../lib/gcc/avr32/4.4.3/../../../../avr32/lib/ucr3fp\libc.a(lib_a-impure.o)
                0x00000100                _impure_ptr
 .data.__malloc_av_
                0x00000104      0x408 c:/program files (x86)/atmel/atmel studio 6.0/extensions/atmel/avrgcc/3.4.1.95/avrtoolchain/bin/../lib/gcc/avr32/4.4.3/../../../../avr32/lib/ucr3fp\libc.a(lib_a-mallocr.o)
                0x00000104                __malloc_av_
 .data.__malloc_trim_threshold
                0x0000050c        0x4 c:/program files (x86)/atmel/atmel studio 6.0/extensions/atmel/avrgcc/3.4.1.95/avrtoolchain/bin/../lib/gcc/avr32/4.4.3/../../../../avr32/lib/ucr3fp\libc.a(lib_a-mallocr.o)
                0x0000050c                __malloc_trim_threshold
 .data.__malloc_sbrk_base
                0x00000510        0x4 c:/program files (x86)/atmel/atmel studio 6.0/extensions/atmel/avrgcc/3.4.1.95/avrtoolchain/bin/../lib/gcc/avr32/4.4.3/../../../../avr32/lib/ucr3fp\libc.a(lib_a-mallocr.o)
                0x00000510                __malloc_sbrk_base
 *(.gnu.linkonce.d.*personality*)

.data1
 *(.data1)

.balign         0x00000514        0x4 load address 0x8000e6b8
                0x00000518                . = ALIGN (0x8)
 *fill*         0x00000514        0x4 00
                0x00000518                _edata = .
                0x00000518                _edata = .
                0x00000518                PROVIDE (edata, .)
                0x00000518                __bss_start = .

.bss            0x00000518      0x7d8 load address 0x8000e6b8
 *(.dynbss)
 *(.bss .bss.* .gnu.linkonce.b.*)
 .bss.gl_ptr_mem
                0x00000518        0x4 src/asf/avr32/components/memory/sd_mmc/sd_mmc_spi/sd_mmc_spi.o
 .bss.sd_mmc_opt
                0x0000051c       0x10 src/asf/avr32/components/memory/sd_mmc/sd_mmc_spi/sd_mmc_spi.o
 .bss.sd_mmc_pba_hz
                0x0000052c        0x4 src/asf/avr32/components/memory/sd_mmc/sd_mmc_spi/sd_mmc_spi.o
 .bss.sd_mmc_spi_init_done
                0x00000530        0x1 src/asf/avr32/components/memory/sd_mmc/sd_mmc_spi/sd_mmc_spi.o
                0x00000530                sd_mmc_spi_init_done
 *fill*         0x00000531        0x3 00
 .bss.flashc_error_status
                0x00000534        0x4 src/asf/avr32/drivers/flashc/flashc.o
 .bss._int_line_handler_table_0
                0x00000538        0x4 src/asf/avr32/drivers/intc/intc.o
 .bss._int_line_handler_table_1
                0x0000053c        0x8 src/asf/avr32/drivers/intc/intc.o
 .bss._int_line_handler_table_2
                0x00000544        0x4 src/asf/avr32/drivers/intc/intc.o
 .bss._int_line_handler_table_3
                0x00000548       0x10 src/asf/avr32/drivers/intc/intc.o
 .bss._int_line_handler_table_4
                0x00000558       0x10 src/asf/avr32/drivers/intc/intc.o
 .bss._int_line_handler_table_5
                0x00000568       0x10 src/asf/avr32/drivers/intc/intc.o
 .bss._int_line_handler_table_6
                0x00000578       0x10 src/asf/avr32/drivers/intc/intc.o
 .bss._int_line_handler_table_7
                0x00000588        0x4 src/asf/avr32/drivers/intc/intc.o
 .bss._int_line_handler_table_8
                0x0000058c        0x4 src/asf/avr32/drivers/intc/intc.o
 .bss._int_line_handler_table_9
                0x00000590       0x28 src/asf/avr32/drivers/intc/intc.o
 .bss._int_line_handler_table_10
                0x000005b8        0x4 src/asf/avr32/drivers/intc/intc.o
 .bss._int_line_handler_table_11
                0x000005bc        0x4 src/asf/avr32/drivers/intc/intc.o
 .bss._int_line_handler_table_12
                0x000005c0        0x4 src/asf/avr32/drivers/intc/intc.o
 .bss._int_line_handler_table_13
                0x000005c4        0x4 src/asf/avr32/drivers/intc/intc.o
 .bss._int_line_handler_table_14
                0x000005c8       0x14 src/asf/avr32/drivers/intc/intc.o
 .bss._int_line_handler_table_15
                0x000005dc       0x10 src/asf/avr32/drivers/intc/intc.o
 .bss._int_line_handler_table_16
                0x000005ec       0x10 src/asf/avr32/drivers/intc/intc.o
 .bss._int_line_handler_table_17
                0x000005fc        0x4 src/asf/avr32/drivers/intc/intc.o
 .bss._int_line_handler_table_18
                0x00000600       0x40 src/asf/avr32/drivers/intc/intc.o
 .bss._int_line_handler_table_19
                0x00000640        0x4 src/asf/avr32/drivers/intc/intc.o
 .bss._int_line_handler_table_33
                0x00000644        0xc src/asf/avr32/drivers/intc/intc.o
 .bss._int_line_handler_table_34
                0x00000650        0xc src/asf/avr32/drivers/intc/intc.o
 .bss._int_line_handler_table_35
                0x0000065c        0x8 src/asf/avr32/drivers/intc/intc.o
 .bss._int_line_handler_table_36
                0x00000664       0x18 src/asf/avr32/drivers/intc/intc.o
 .bss._int_line_handler_table_37
                0x0000067c        0x4 src/asf/avr32/drivers/intc/intc.o
 .bss._int_line_handler_table_38
                0x00000680        0x4 src/asf/avr32/drivers/intc/intc.o
 .bss._int_line_handler_table_39
                0x00000684       0x18 src/asf/avr32/drivers/intc/intc.o
 .bss._int_line_handler_table_40
                0x0000069c       0x18 src/asf/avr32/drivers/intc/intc.o
 .bss._int_line_handler_table_29
                0x000006b4        0x4 src/asf/avr32/drivers/intc/intc.o
 .bss._int_line_handler_table_30
                0x000006b8        0x4 src/asf/avr32/drivers/intc/intc.o
 .bss._int_line_handler_table_31
                0x000006bc        0x4 src/asf/avr32/drivers/intc/intc.o
 .bss._int_line_handler_table_41
                0x000006c0        0x4 src/asf/avr32/drivers/intc/intc.o
 .bss._int_line_handler_table_32
                0x000006c4        0x4 src/asf/avr32/drivers/intc/intc.o
 .bss._int_line_handler_table_45
                0x000006c8        0x4 src/asf/avr32/drivers/intc/intc.o
 .bss._int_line_handler_table_20
                0x000006cc        0x4 src/asf/avr32/drivers/intc/intc.o
 .bss._int_line_handler_table_21
                0x000006d0        0x4 src/asf/avr32/drivers/intc/intc.o
 .bss._int_line_handler_table_22
                0x000006d4        0x4 src/asf/avr32/drivers/intc/intc.o
 .bss._int_line_handler_table_23
                0x000006d8        0x4 src/asf/avr32/drivers/intc/intc.o
 .bss._int_line_handler_table_24
                0x000006dc        0x4 src/asf/avr32/drivers/intc/intc.o
 .bss._int_line_handler_table_25
                0x000006e0        0x4 src/asf/avr32/drivers/intc/intc.o
 .bss._int_line_handler_table_26
                0x000006e4        0x4 src/asf/avr32/drivers/intc/intc.o
 .bss._int_line_handler_table_27
                0x000006e8        0x4 src/asf/avr32/drivers/intc/intc.o
 .bss._int_line_handler_table_28
                0x000006ec        0x4 src/asf/avr32/drivers/intc/intc.o
 .bss._int_line_handler_table_42
                0x000006f0        0x4 src/asf/avr32/drivers/intc/intc.o
 .bss._int_line_handler_table_43
                0x000006f4        0x4 src/asf/avr32/drivers/intc/intc.o
 .bss._int_line_handler_table_44
                0x000006f8        0x4 src/asf/avr32/drivers/intc/intc.o
 .bss._int_line_handler_table_46
                0x000006fc        0x4 src/asf/avr32/drivers/intc/intc.o
 .bss.twim_inst
                0x00000700        0x4 src/asf/avr32/drivers/twim/twim.o
 .bss.twim_rx_data
                0x00000704        0x4 src/asf/avr32/drivers/twim/twim.o
 .bss.twim_rx_nb_bytes
                0x00000708        0x4 src/asf/avr32/drivers/twim/twim.o
 .bss.transfer_status
                0x0000070c        0x4 src/asf/avr32/drivers/twim/twim.o
 .bss.twim_tx_data
                0x00000710        0x4 src/asf/avr32/drivers/twim/twim.o
 .bss.twim_it_mask
                0x00000714        0x4 src/asf/avr32/drivers/twim/twim.o
 .bss.twim_next
                0x00000718        0x1 src/asf/avr32/drivers/twim/twim.o
 *fill*         0x00000719        0x3 00
 .bss.twim_package
                0x0000071c        0x4 src/asf/avr32/drivers/twim/twim.o
 .bss.twim_tx_nb_bytes
                0x00000720        0x4 src/asf/avr32/drivers/twim/twim.o
 .bss.__malloc_max_total_mem
                0x00000724        0x4 c:/program files (x86)/atmel/atmel studio 6.0/extensions/atmel/avrgcc/3.4.1.95/avrtoolchain/bin/../lib/gcc/avr32/4.4.3/../../../../avr32/lib/ucr3fp\libc.a(lib_a-mallocr.o)
                0x00000724                __malloc_max_total_mem
 .bss.__malloc_max_sbrked_mem
                0x00000728        0x4 c:/program files (x86)/atmel/atmel studio 6.0/extensions/atmel/avrgcc/3.4.1.95/avrtoolchain/bin/../lib/gcc/avr32/4.4.3/../../../../avr32/lib/ucr3fp\libc.a(lib_a-mallocr.o)
                0x00000728                __malloc_max_sbrked_mem
 .bss.__malloc_top_pad
                0x0000072c        0x4 c:/program files (x86)/atmel/atmel studio 6.0/extensions/atmel/avrgcc/3.4.1.95/avrtoolchain/bin/../lib/gcc/avr32/4.4.3/../../../../avr32/lib/ucr3fp\libc.a(lib_a-mallocr.o)
                0x0000072c                __malloc_top_pad
 .bss.__malloc_current_mallinfo
                0x00000730       0x28 c:/program files (x86)/atmel/atmel studio 6.0/extensions/atmel/avrgcc/3.4.1.95/avrtoolchain/bin/../lib/gcc/avr32/4.4.3/../../../../avr32/lib/ucr3fp\libc.a(lib_a-mallocr.o)
                0x00000730                __malloc_current_mallinfo
 .bss.cur_heap_pos.1869
                0x00000758        0x4 c:/program files (x86)/atmel/atmel studio 6.0/extensions/atmel/avrgcc/3.4.1.95/avrtoolchain/bin/../lib/gcc/avr32/4.4.3/../../../../avr32/lib/ucr3fp\libc.a(lib_a-syscalls.o)
 *(COMMON)
 COMMON         0x0000075c      0x229 src/asf/avr32/components/memory/sd_mmc/sd_mmc_spi/sd_mmc_spi.o
                0x0000075c                data_mem
                0x00000960                capacity
                0x00000968                capacity_mult
                0x0000096a                erase_group_size
                0x0000096c                sd_mmc_spi_last_block_address
                0x00000970                r2
                0x00000972                card_type
                0x00000974                csd
                0x00000984                r1
 *fill*         0x00000985        0x3 00
 COMMON         0x00000988      0x2f4 src/asf/avr32/services/fs/fat/fat.o
                0x00000988                fs_gu32_addrsector
                0x0000098c                fs_g_nav_entry
                0x0000099c                fs_g_u16_pos_fat
                0x0000099e                g_b_no_check_disk
                0x000009a0                fs_g_cache_clusterlist
                0x000009c8                fs_g_u32_last_mod_fat
                0x000009cc                fs_g_sector
                0x00000bcc                fs_g_nav
                0x00000c00                fs_g_u32_first_mod_fat
                0x00000c04                fs_g_navext_entry
                0x00000c14                fs_g_navext_fast
                0x00000c18                fs_g_nav_fast
                0x00000c1c                fs_g_status
                0x00000c1d                g_b_string_length
                0x00000c1e                fs_g_u8_current_cache
                0x00000c20                fs_g_navext
                0x00000c54                fs_g_sectorcache
                0x00000c68                g_b_unicode
                0x00000c6c                fs_g_cluster
                0x00000c74                fs_g_seg
 COMMON         0x00000c7c       0x19 src/asf/avr32/services/fs/fat/navigation.o
                0x00000c7c                g_segment_dest
                0x00000c88                g_segment_src
                0x00000c94                fs_g_u8_nav_selected
 *fill*         0x00000c95        0x3 00
 COMMON         0x00000c98       0x54 src/CustomDevices/Bitmap.o
                0x00000c98                Motor_Cntrl
                0x00000ca8                OV7670_Status
                0x00000cb0                pwm_channel
                0x00000cd0                pwm_opt
 COMMON         0x00000cec        0x4 c:/program files (x86)/atmel/atmel studio 6.0/extensions/atmel/avrgcc/3.4.1.95/avrtoolchain/bin/../lib/gcc/avr32/4.4.3/../../../../avr32/lib/ucr3fp\libc.a(lib_a-reent.o)
                0x00000cec                errno
                0x00000cf0                . = ALIGN (0x8)
                0x00000cf0                . = ALIGN (0x8)
                0x00000cf0                _end = .
                0x00000cf0                PROVIDE (end, .)
                0x00000cf0                __heap_start__ = ALIGN (0x8)
                0x0000f000                . = ((ORIGIN (CPUSRAM) + 0xfffc) - _stack_size)
                0x0000f000                __heap_end__ = .

.stab
 *(.stab)

.stabstr
 *(.stabstr)

.stab.excl
 *(.stab.excl)

.stab.exclstr
 *(.stab.exclstr)

.stab.index
 *(.stab.index)

.stab.indexstr
 *(.stab.indexstr)

.comment        0x00000000       0x30
 *(.comment)
 .comment       0x00000000       0x30 src/asf/avr32/components/memory/sd_mmc/sd_mmc_spi/sd_mmc_spi.o
                                 0x31 (size before relaxing)
 .comment       0x00000000       0x31 src/asf/avr32/components/memory/sd_mmc/sd_mmc_spi/sd_mmc_spi_mem.o
 .comment       0x00000000       0x31 src/asf/avr32/drivers/eic/eic.o
 .comment       0x00000000       0x31 src/asf/avr32/drivers/flashc/flashc.o
 .comment       0x00000000       0x31 src/asf/avr32/drivers/gpio/gpio.o
 .comment       0x00000000       0x31 src/asf/avr32/drivers/intc/intc.o
 .comment       0x00000000       0x31 src/asf/avr32/drivers/pm/pm_uc3c.o
 .comment       0x00000000       0x31 src/asf/avr32/drivers/pm/power_clocks_lib.o
 .comment       0x00000000       0x31 src/asf/avr32/drivers/scif/scif_uc3c.o
 .comment       0x00000000       0x31 src/asf/avr32/drivers/spi/spi.o
 .comment       0x00000000       0x31 src/asf/avr32/drivers/twim/twim.o
 .comment       0x00000000       0x31 src/asf/avr32/drivers/usart/usart.o
 .comment       0x00000000       0x31 src/asf/avr32/services/fs/fat/fat.o
 .comment       0x00000000       0x31 src/asf/avr32/services/fs/fat/fat_unusual.o
 .comment       0x00000000       0x31 src/asf/avr32/services/fs/fat/file.o
 .comment       0x00000000       0x31 src/asf/avr32/services/fs/fat/navigation.o
 .comment       0x00000000       0x31 src/asf/avr32/utils/debug/print_funcs.o
 .comment       0x00000000       0x31 src/asf/common/boards/user_board/init.o
 .comment       0x00000000       0x31 src/asf/common/services/storage/ctrl_access/ctrl_access.o
 .comment       0x00000000       0x31 src/CustomDevices/Bitmap.o
 .comment       0x00000000       0x31 src/CustomDevices/OV7670.o
 .comment       0x00000000       0x31 src/CustomDevices/OV7670_Setup.o
 .comment       0x00000000       0x31 src/CustomDevices/PCA9542A.o
 .comment       0x00000000       0x31 src/CustomDevices/SD_Card.o
 .comment       0x00000000       0x31 src/main.o
 .comment       0x00000000       0x31 c:/program files (x86)/atmel/atmel studio 6.0/extensions/atmel/avrgcc/3.4.1.95/avrtoolchain/bin/../lib/gcc/avr32/4.4.3/../../../../avr32/lib/ucr3fp\libc.a(lib_a-ctype_.o)
 .comment       0x00000000       0x31 c:/program files (x86)/atmel/atmel studio 6.0/extensions/atmel/avrgcc/3.4.1.95/avrtoolchain/bin/../lib/gcc/avr32/4.4.3/../../../../avr32/lib/ucr3fp\libc.a(lib_a-memcmp.o)
 .comment       0x00000000       0x31 c:/program files (x86)/atmel/atmel studio 6.0/extensions/atmel/avrgcc/3.4.1.95/avrtoolchain/bin/../lib/gcc/avr32/4.4.3/../../../../avr32/lib/ucr3fp\libc.a(lib_a-memset.o)
 .comment       0x00000000       0x31 c:/program files (x86)/atmel/atmel studio 6.0/extensions/atmel/avrgcc/3.4.1.95/avrtoolchain/bin/../lib/gcc/avr32/4.4.3/../../../../avr32/lib/ucr3fp\libc.a(lib_a-sprintf.o)
 .comment       0x00000000       0x31 c:/program files (x86)/atmel/atmel studio 6.0/extensions/atmel/avrgcc/3.4.1.95/avrtoolchain/bin/../lib/gcc/avr32/4.4.3/../../../../avr32/lib/ucr3fp\libc.a(lib_a-vfprintf.o)
 .comment       0x00000000       0x31 c:/program files (x86)/atmel/atmel studio 6.0/extensions/atmel/avrgcc/3.4.1.95/avrtoolchain/bin/../lib/gcc/avr32/4.4.3/../../../../avr32/lib/ucr3fp\libc.a(lib_a-wsetup.o)
 .comment       0x00000000       0x31 c:/program files (x86)/atmel/atmel studio 6.0/extensions/atmel/avrgcc/3.4.1.95/avrtoolchain/bin/../lib/gcc/avr32/4.4.3/../../../../avr32/lib/ucr3fp\libc.a(lib_a-dtoa.o)
 .comment       0x00000000       0x31 c:/program files (x86)/atmel/atmel studio 6.0/extensions/atmel/avrgcc/3.4.1.95/avrtoolchain/bin/../lib/gcc/avr32/4.4.3/../../../../avr32/lib/ucr3fp\libc.a(lib_a-fflush.o)
 .comment       0x00000000       0x31 c:/program files (x86)/atmel/atmel studio 6.0/extensions/atmel/avrgcc/3.4.1.95/avrtoolchain/bin/../lib/gcc/avr32/4.4.3/../../../../avr32/lib/ucr3fp\libc.a(lib_a-findfp.o)
 .comment       0x00000000       0x31 c:/program files (x86)/atmel/atmel studio 6.0/extensions/atmel/avrgcc/3.4.1.95/avrtoolchain/bin/../lib/gcc/avr32/4.4.3/../../../../avr32/lib/ucr3fp\libc.a(lib_a-freer.o)
 .comment       0x00000000       0x31 c:/program files (x86)/atmel/atmel studio 6.0/extensions/atmel/avrgcc/3.4.1.95/avrtoolchain/bin/../lib/gcc/avr32/4.4.3/../../../../avr32/lib/ucr3fp\libc.a(lib_a-fvwrite.o)
 .comment       0x00000000       0x31 c:/program files (x86)/atmel/atmel studio 6.0/extensions/atmel/avrgcc/3.4.1.95/avrtoolchain/bin/../lib/gcc/avr32/4.4.3/../../../../avr32/lib/ucr3fp\libc.a(lib_a-fwalk.o)
 .comment       0x00000000       0x31 c:/program files (x86)/atmel/atmel studio 6.0/extensions/atmel/avrgcc/3.4.1.95/avrtoolchain/bin/../lib/gcc/avr32/4.4.3/../../../../avr32/lib/ucr3fp\libc.a(lib_a-impure.o)
 .comment       0x00000000       0x31 c:/program files (x86)/atmel/atmel studio 6.0/extensions/atmel/avrgcc/3.4.1.95/avrtoolchain/bin/../lib/gcc/avr32/4.4.3/../../../../avr32/lib/ucr3fp\libc.a(lib_a-locale.o)
 .comment       0x00000000       0x31 c:/program files (x86)/atmel/atmel studio 6.0/extensions/atmel/avrgcc/3.4.1.95/avrtoolchain/bin/../lib/gcc/avr32/4.4.3/../../../../avr32/lib/ucr3fp\libc.a(lib_a-makebuf.o)
 .comment       0x00000000       0x31 c:/program files (x86)/atmel/atmel studio 6.0/extensions/atmel/avrgcc/3.4.1.95/avrtoolchain/bin/../lib/gcc/avr32/4.4.3/../../../../avr32/lib/ucr3fp\libc.a(lib_a-malloc.o)
 .comment       0x00000000       0x31 c:/program files (x86)/atmel/atmel studio 6.0/extensions/atmel/avrgcc/3.4.1.95/avrtoolchain/bin/../lib/gcc/avr32/4.4.3/../../../../avr32/lib/ucr3fp\libc.a(lib_a-mallocr.o)
 .comment       0x00000000       0x31 c:/program files (x86)/atmel/atmel studio 6.0/extensions/atmel/avrgcc/3.4.1.95/avrtoolchain/bin/../lib/gcc/avr32/4.4.3/../../../../avr32/lib/ucr3fp\libc.a(lib_a-memchr.o)
 .comment       0x00000000       0x31 c:/program files (x86)/atmel/atmel studio 6.0/extensions/atmel/avrgcc/3.4.1.95/avrtoolchain/bin/../lib/gcc/avr32/4.4.3/../../../../avr32/lib/ucr3fp\libc.a(lib_a-memmove.o)
 .comment       0x00000000       0x31 c:/program files (x86)/atmel/atmel studio 6.0/extensions/atmel/avrgcc/3.4.1.95/avrtoolchain/bin/../lib/gcc/avr32/4.4.3/../../../../avr32/lib/ucr3fp\libc.a(lib_a-mlock.o)
 .comment       0x00000000       0x31 c:/program files (x86)/atmel/atmel studio 6.0/extensions/atmel/avrgcc/3.4.1.95/avrtoolchain/bin/../lib/gcc/avr32/4.4.3/../../../../avr32/lib/ucr3fp\libc.a(lib_a-mprec.o)
 .comment       0x00000000       0x31 c:/program files (x86)/atmel/atmel studio 6.0/extensions/atmel/avrgcc/3.4.1.95/avrtoolchain/bin/../lib/gcc/avr32/4.4.3/../../../../avr32/lib/ucr3fp\libc.a(lib_a-reallocr.o)
 .comment       0x00000000       0x31 c:/program files (x86)/atmel/atmel studio 6.0/extensions/atmel/avrgcc/3.4.1.95/avrtoolchain/bin/../lib/gcc/avr32/4.4.3/../../../../avr32/lib/ucr3fp\libc.a(lib_a-sbrkr.o)
 .comment       0x00000000       0x31 c:/program files (x86)/atmel/atmel studio 6.0/extensions/atmel/avrgcc/3.4.1.95/avrtoolchain/bin/../lib/gcc/avr32/4.4.3/../../../../avr32/lib/ucr3fp\libc.a(lib_a-s_isinfd.o)
 .comment       0x00000000       0x31 c:/program files (x86)/atmel/atmel studio 6.0/extensions/atmel/avrgcc/3.4.1.95/avrtoolchain/bin/../lib/gcc/avr32/4.4.3/../../../../avr32/lib/ucr3fp\libc.a(lib_a-s_isnand.o)
 .comment       0x00000000       0x31 c:/program files (x86)/atmel/atmel studio 6.0/extensions/atmel/avrgcc/3.4.1.95/avrtoolchain/bin/../lib/gcc/avr32/4.4.3/../../../../avr32/lib/ucr3fp\libc.a(lib_a-stdio.o)
 .comment       0x00000000       0x31 c:/program files (x86)/atmel/atmel studio 6.0/extensions/atmel/avrgcc/3.4.1.95/avrtoolchain/bin/../lib/gcc/avr32/4.4.3/../../../../avr32/lib/ucr3fp\libc.a(lib_a-strlen.o)
 .comment       0x00000000       0x31 c:/program files (x86)/atmel/atmel studio 6.0/extensions/atmel/avrgcc/3.4.1.95/avrtoolchain/bin/../lib/gcc/avr32/4.4.3/../../../../avr32/lib/ucr3fp\libc.a(lib_a-syscalls.o)
 .comment       0x00000000       0x31 c:/program files (x86)/atmel/atmel studio 6.0/extensions/atmel/avrgcc/3.4.1.95/avrtoolchain/bin/../lib/gcc/avr32/4.4.3/../../../../avr32/lib/ucr3fp\libc.a(lib_a-writer.o)
 .comment       0x00000000       0x31 c:/program files (x86)/atmel/atmel studio 6.0/extensions/atmel/avrgcc/3.4.1.95/avrtoolchain/bin/../lib/gcc/avr32/4.4.3/../../../../avr32/lib/ucr3fp\libc.a(lib_a-callocr.o)
 .comment       0x00000000       0x31 c:/program files (x86)/atmel/atmel studio 6.0/extensions/atmel/avrgcc/3.4.1.95/avrtoolchain/bin/../lib/gcc/avr32/4.4.3/../../../../avr32/lib/ucr3fp\libc.a(lib_a-closer.o)
 .comment       0x00000000       0x31 c:/program files (x86)/atmel/atmel studio 6.0/extensions/atmel/avrgcc/3.4.1.95/avrtoolchain/bin/../lib/gcc/avr32/4.4.3/../../../../avr32/lib/ucr3fp\libc.a(lib_a-errno.o)
 .comment       0x00000000       0x31 c:/program files (x86)/atmel/atmel studio 6.0/extensions/atmel/avrgcc/3.4.1.95/avrtoolchain/bin/../lib/gcc/avr32/4.4.3/../../../../avr32/lib/ucr3fp\libc.a(lib_a-fclose.o)
 .comment       0x00000000       0x31 c:/program files (x86)/atmel/atmel studio 6.0/extensions/atmel/avrgcc/3.4.1.95/avrtoolchain/bin/../lib/gcc/avr32/4.4.3/../../../../avr32/lib/ucr3fp\libc.a(lib_a-fstatr.o)
 .comment       0x00000000       0x31 c:/program files (x86)/atmel/atmel studio 6.0/extensions/atmel/avrgcc/3.4.1.95/avrtoolchain/bin/../lib/gcc/avr32/4.4.3/../../../../avr32/lib/ucr3fp\libc.a(lib_a-lseekr.o)
 .comment       0x00000000       0x31 c:/program files (x86)/atmel/atmel studio 6.0/extensions/atmel/avrgcc/3.4.1.95/avrtoolchain/bin/../lib/gcc/avr32/4.4.3/../../../../avr32/lib/ucr3fp\libc.a(lib_a-readr.o)
 .comment       0x00000000       0x31 c:/program files (x86)/atmel/atmel studio 6.0/extensions/atmel/avrgcc/3.4.1.95/avrtoolchain/bin/../lib/gcc/avr32/4.4.3/../../../../avr32/lib/ucr3fp\libc.a(lib_a-reent.o)
 .comment       0x00000000       0x31 c:/program files (x86)/atmel/atmel studio 6.0/extensions/atmel/avrgcc/3.4.1.95/avrtoolchain/bin/../lib/gcc/avr32/4.4.3/ucr3fp\libgcc.a(_udivdi3.o)
 .comment       0x00000000       0x31 c:/program files (x86)/atmel/atmel studio 6.0/extensions/atmel/avrgcc/3.4.1.95/avrtoolchain/bin/../lib/gcc/avr32/4.4.3/ucr3fp\libgcc.a(_umoddi3.o)

.debug
 *(.debug)

.line
 *(.line)

.debug_srcinfo
 *(.debug_srcinfo)

.debug_sfnames
 *(.debug_sfnames)

.debug_aranges  0x00000000     0x17b0
 *(.debug_aranges)
 .debug_aranges
                0x00000000       0xf0 src/asf/avr32/components/memory/sd_mmc/sd_mmc_spi/sd_mmc_spi.o
 .debug_aranges
                0x000000f0       0x50 src/asf/avr32/components/memory/sd_mmc/sd_mmc_spi/sd_mmc_spi_mem.o
 .debug_aranges
                0x00000140       0x88 src/asf/avr32/drivers/eic/eic.o
 .debug_aranges
                0x000001c8      0x220 src/asf/avr32/drivers/flashc/flashc.o
 .debug_aranges
                0x000003e8      0x120 src/asf/avr32/drivers/gpio/gpio.o
 .debug_aranges
                0x00000508       0x38 src/asf/avr32/drivers/intc/intc.o
 .debug_aranges
                0x00000540       0x50 src/asf/avr32/drivers/pm/pm_uc3c.o
 .debug_aranges
                0x00000590       0x40 src/asf/avr32/drivers/pm/power_clocks_lib.o
 .debug_aranges
                0x000005d0      0x168 src/asf/avr32/drivers/scif/scif_uc3c.o
 .debug_aranges
                0x00000738       0xa8 src/asf/avr32/drivers/spi/spi.o
 .debug_aranges
                0x000007e0       0x70 src/asf/avr32/drivers/twim/twim.o
 .debug_aranges
                0x00000850       0xe0 src/asf/avr32/drivers/usart/usart.o
 .debug_aranges
                0x00000930      0x160 src/asf/avr32/services/fs/fat/fat.o
 .debug_aranges
                0x00000a90      0x128 src/asf/avr32/services/fs/fat/fat_unusual.o
 .debug_aranges
                0x00000bb8       0x98 src/asf/avr32/services/fs/fat/file.o
 .debug_aranges
                0x00000c50      0x218 src/asf/avr32/services/fs/fat/navigation.o
 .debug_aranges
                0x00000e68       0x88 src/asf/avr32/utils/debug/print_funcs.o
 .debug_aranges
                0x00000ef0       0x20 src/asf/common/boards/user_board/init.o
 .debug_aranges
                0x00000f10       0x80 src/asf/common/services/storage/ctrl_access/ctrl_access.o
 .debug_aranges
                0x00000f90       0x78 src/CustomDevices/OV7670.o
 .debug_aranges
                0x00001008       0x30 src/CustomDevices/PCA9542A.o
 .debug_aranges
                0x00001038       0x38 src/CustomDevices/SD_Card.o
 .debug_aranges
                0x00001070       0x38 src/main.o
 .debug_aranges
                0x000010a8       0x20 c:/program files (x86)/atmel/atmel studio 6.0/extensions/atmel/avrgcc/3.4.1.95/avrtoolchain/bin/../lib/gcc/avr32/4.4.3/../../../../avr32/lib/ucr3fp\libc.a(lib_a-memcmp.o)
 .debug_aranges
                0x000010c8       0x20 c:/program files (x86)/atmel/atmel studio 6.0/extensions/atmel/avrgcc/3.4.1.95/avrtoolchain/bin/../lib/gcc/avr32/4.4.3/../../../../avr32/lib/ucr3fp\libc.a(lib_a-memset.o)
 .debug_aranges